
 Start         Length     Name                   Class
 0001:00000000 0008E140H .text                   CODE
 0002:00000000 00001C88H .data                   DATA
 0002:00001C88 00EB464DH .bss                    BSS


Detailed map of segments

 0001:00000000 0000550B C=CODE     S=.text    G=(none)   M=System   ACBP=A9
 0001:0000550C 00000140 C=CODE     S=.text    G=(none)   M=SysInit  ACBP=A9
 0001:0000564C 00000078 C=CODE     S=.text    G=(none)   M=Types    ACBP=A9
 0001:000056C4 00000D68 C=CODE     S=.text    G=(none)   M=Windows  ACBP=A9
 0001:0000642C 00000038 C=CODE     S=.text    G=(none)   M=Messages ACBP=A9
 0001:00006464 00000318 C=CODE     S=.text    G=(none)   M=SysConst ACBP=A9
 0001:0000677C 00006594 C=CODE     S=.text    G=(none)   M=SysUtils ACBP=A9
 0001:0000CD10 000007FB C=CODE     S=.text    G=(none)   M=VarUtils ACBP=A9
 0001:0000D50C 0000658A C=CODE     S=.text    G=(none)   M=Variants ACBP=A9
 0001:00013A98 00000150 C=CODE     S=.text    G=(none)   M=RTLConsts ACBP=A9
 0001:00013BE8 000007E8 C=CODE     S=.text    G=(none)   M=TypInfo  ACBP=A9
 0001:000143D0 00000038 C=CODE     S=.text    G=(none)   M=ActiveX  ACBP=A9
 0001:00014408 0000986E C=CODE     S=.text    G=(none)   M=Classes  ACBP=A9
 0001:0001DC78 00000348 C=CODE     S=.text    G=(none)   M=Consts   ACBP=A9
 0001:0001DFC0 000095FB C=CODE     S=.text    G=(none)   M=Graphics ACBP=A9
 0001:000275BC 00000134 C=CODE     S=.text    G=(none)   M=Math     ACBP=A9
 0001:000276F0 000002B8 C=CODE     S=.text    G=(none)   M=Contnrs  ACBP=A9
 0001:000279A8 00000190 C=CODE     S=.text    G=(none)   M=CommCtrl ACBP=A9
 0001:00027B38 00000787 C=CODE     S=.text    G=(none)   M=MultiMon ACBP=A9
 0001:000282C0 00000038 C=CODE     S=.text    G=(none)   M=Imm      ACBP=A9
 0001:000282F8 00000FF8 C=CODE     S=.text    G=(none)   M=HelpIntfs ACBP=A9
 0001:000292F0 00000038 C=CODE     S=.text    G=(none)   M=WinSpool ACBP=A9
 0001:00029328 00000044 C=CODE     S=.text    G=(none)   M=Printers ACBP=A9
 0001:0002936C 0000031F C=CODE     S=.text    G=(none)   M=FlatSB   ACBP=A9
 0001:0002968C 000001A4 C=CODE     S=.text    G=(none)   M=SyncObjs ACBP=A9
 0001:00029830 000009BB C=CODE     S=.text    G=(none)   M=UxTheme  ACBP=A9
 0001:0002A1EC 00000038 C=CODE     S=.text    G=(none)   M=RichEdit ACBP=A9
 0001:0002A224 00000038 C=CODE     S=.text    G=(none)   M=ToolWin  ACBP=A9
 0001:0002A25C 00000038 C=CODE     S=.text    G=(none)   M=ShellAPI ACBP=A9
 0001:0002A294 00000038 C=CODE     S=.text    G=(none)   M=RegStr   ACBP=A9
 0001:0002A2CC 00000038 C=CODE     S=.text    G=(none)   M=WinInet  ACBP=A9
 0001:0002A304 00000038 C=CODE     S=.text    G=(none)   M=UrlMon   ACBP=A9
 0001:0002A33C 00000038 C=CODE     S=.text    G=(none)   M=ShlObj   ACBP=A9
 0001:0002A374 00000038 C=CODE     S=.text    G=(none)   M=CommDlg  ACBP=A9
 0001:0002A3AC 00000038 C=CODE     S=.text    G=(none)   M=Dlgs     ACBP=A9
 0001:0002A3E4 0000066D C=CODE     S=.text    G=(none)   M=Dialogs  ACBP=A9
 0001:0002AA54 000012AA C=CODE     S=.text    G=(none)   M=ExtCtrls ACBP=A9
 0001:0002BD00 00000040 C=CODE     S=.text    G=(none)   M=ComStrs  ACBP=A9
 0001:0002BD40 0000069C C=CODE     S=.text    G=(none)   M=Clipbrd  ACBP=A9
 0001:0002C3DC 00000038 C=CODE     S=.text    G=(none)   M=StrUtils ACBP=A9
 0001:0002C414 000000F5 C=CODE     S=.text    G=(none)   M=Buttons  ACBP=A9
 0001:0002C50C 00000038 C=CODE     S=.text    G=(none)   M=ExtDlgs  ACBP=A9
 0001:0002C544 00000068 C=CODE     S=.text    G=(none)   M=IniFiles ACBP=A9
 0001:0002C5AC 00000068 C=CODE     S=.text    G=(none)   M=Registry ACBP=A9
 0001:0002C614 0000006C C=CODE     S=.text    G=(none)   M=Mapi     ACBP=A9
 0001:0002C680 00000058 C=CODE     S=.text    G=(none)   M=ExtActns ACBP=A9
 0001:0002C6D8 00000038 C=CODE     S=.text    G=(none)   M=ListActns ACBP=A9
 0001:0002C710 00002680 C=CODE     S=.text    G=(none)   M=ComCtrls ACBP=A9
 0001:0002ED90 00000C30 C=CODE     S=.text    G=(none)   M=Themes   ACBP=A9
 0001:0002F9C0 00006D14 C=CODE     S=.text    G=(none)   M=StdCtrls ACBP=A9
 0001:000366D4 00000168 C=CODE     S=.text    G=(none)   M=StdActns ACBP=A9
 0001:0003683C 00000D1F C=CODE     S=.text    G=(none)   M=WinHelpViewer ACBP=A9
 0001:0003755C 00010F9F C=CODE     S=.text    G=(none)   M=Controls ACBP=A9
 0001:000484FC 00001292 C=CODE     S=.text    G=(none)   M=ActnList ACBP=A9
 0001:00049790 000016E4 C=CODE     S=.text    G=(none)   M=ImgList  ACBP=A9
 0001:0004AE74 00006639 C=CODE     S=.text    G=(none)   M=Menus    ACBP=A9
 0001:000514B0 0000C498 C=CODE     S=.text    G=(none)   M=Forms    ACBP=A9
 0001:0005D948 00000A18 C=CODE     S=.text    G=(none)   M=MaskUtils ACBP=A9
 0001:0005E360 00002108 C=CODE     S=.text    G=(none)   M=Mask     ACBP=A9
 0001:00060468 0000A89C C=CODE     S=.text    G=(none)   M=Grids    ACBP=A9
 0001:0006AD04 00003090 C=CODE     S=.text    G=(none)   M=ValEdit  ACBP=A9
 0001:0006DD94 00000334 C=CODE     S=.text    G=(none)   M=ComplexAlg ACBP=A9
 0001:0006E0C8 00000CF8 C=CODE     S=.text    G=(none)   M=MatrixAlg ACBP=A9
 0001:0006EDC0 00000050 C=CODE     S=.text    G=(none)   M=JConsts  ACBP=A9
 0001:0006EE10 000133EC C=CODE     S=.text    G=(none)   M=jpeg     ACBP=A9
 0001:000821FC 000002C0 C=CODE     S=.text    G=(none)   M=Unit2    ACBP=A9
 0001:000824BC 000001B8 C=CODE     S=.text    G=(none)   M=Unit3    ACBP=A9
 0001:00082674 00001550 C=CODE     S=.text    G=(none)   M=Unit4    ACBP=A9
 0001:00083BC4 0000A274 C=CODE     S=.text    G=(none)   M=Unit1    ACBP=A9
 0001:0008DE38 00000308 C=CODE     S=.text    G=(none)   M=Project1 ACBP=A9
 0002:00000000 000000A8 C=DATA     S=.data    G=DGROUP   M=System   ACBP=A9
 0002:000000A8 00000020 C=DATA     S=.data    G=DGROUP   M=SysInit  ACBP=A9
 0002:000000C8 00000254 C=DATA     S=.data    G=DGROUP   M=SysUtils ACBP=A9
 0002:0000031C 00000008 C=DATA     S=.data    G=DGROUP   M=VarUtils ACBP=A9
 0002:00000324 00000136 C=DATA     S=.data    G=DGROUP   M=Variants ACBP=A9
 0002:0000045C 0000000C C=DATA     S=.data    G=DGROUP   M=TypInfo  ACBP=A9
 0002:00000468 00000064 C=DATA     S=.data    G=DGROUP   M=Classes  ACBP=A9
 0002:000004CC 0000030C C=DATA     S=.data    G=DGROUP   M=Graphics ACBP=A9
 0002:000007D8 00000004 C=DATA     S=.data    G=DGROUP   M=Printers ACBP=A9
 0002:000007DC 00000074 C=DATA     S=.data    G=DGROUP   M=Dialogs  ACBP=A9
 0002:00000850 00000178 C=DATA     S=.data    G=DGROUP   M=ExtCtrls ACBP=A9
 0002:000009C8 0000002C C=DATA     S=.data    G=DGROUP   M=Buttons  ACBP=A9
 0002:000009F4 00000008 C=DATA     S=.data    G=DGROUP   M=IniFiles ACBP=A9
 0002:000009FC 00000008 C=DATA     S=.data    G=DGROUP   M=Registry ACBP=A9
 0002:00000A04 00000008 C=DATA     S=.data    G=DGROUP   M=Mapi     ACBP=A9
 0002:00000A0C 00000044 C=DATA     S=.data    G=DGROUP   M=ComCtrls ACBP=A9
 0002:00000A50 00000068 C=DATA     S=.data    G=DGROUP   M=Themes   ACBP=A9
 0002:00000AB8 000000A0 C=DATA     S=.data    G=DGROUP   M=StdCtrls ACBP=A9
 0002:00000B58 0000013C C=DATA     S=.data    G=DGROUP   M=Controls ACBP=A9
 0002:00000C94 00000020 C=DATA     S=.data    G=DGROUP   M=ImgList  ACBP=A9
 0002:00000CB4 000000EC C=DATA     S=.data    G=DGROUP   M=Menus    ACBP=A9
 0002:00000DA0 0000011C C=DATA     S=.data    G=DGROUP   M=Forms    ACBP=A9
 0002:00000EBC 00000009 C=DATA     S=.data    G=DGROUP   M=MaskUtils ACBP=A9
 0002:00000EC8 00000004 C=DATA     S=.data    G=DGROUP   M=Mask     ACBP=A9
 0002:00000ECC 00000006 C=DATA     S=.data    G=DGROUP   M=Grids    ACBP=A9
 0002:00000ED4 00000908 C=DATA     S=.data    G=DGROUP   M=jpeg     ACBP=A9
 0002:00002000 00000660 C=BSS      S=.bss     G=DGROUP   M=System   ACBP=A9
 0002:00002660 00000010 C=BSS      S=.bss     G=DGROUP   M=SysInit  ACBP=A9
 0002:00002670 00000004 C=BSS      S=.bss     G=DGROUP   M=Types    ACBP=A9
 0002:00002674 00000004 C=BSS      S=.bss     G=DGROUP   M=Windows  ACBP=A9
 0002:00002678 00000004 C=BSS      S=.bss     G=DGROUP   M=Messages ACBP=A9
 0002:0000267C 00000004 C=BSS      S=.bss     G=DGROUP   M=SysConst ACBP=A9
 0002:00002680 00000120 C=BSS      S=.bss     G=DGROUP   M=SysUtils ACBP=A9
 0002:000027A0 0000005C C=BSS      S=.bss     G=DGROUP   M=VarUtils ACBP=A9
 0002:000027FC 00000040 C=BSS      S=.bss     G=DGROUP   M=Variants ACBP=A9
 0002:0000283C 00000004 C=BSS      S=.bss     G=DGROUP   M=RTLConsts ACBP=A9
 0002:00002840 00000004 C=BSS      S=.bss     G=DGROUP   M=TypInfo  ACBP=A9
 0002:00002844 00000004 C=BSS      S=.bss     G=DGROUP   M=ActiveX  ACBP=A9
 0002:00002848 00000040 C=BSS      S=.bss     G=DGROUP   M=Classes  ACBP=A9
 0002:00002888 00000004 C=BSS      S=.bss     G=DGROUP   M=Consts   ACBP=A9
 0002:0000288C 00000060 C=BSS      S=.bss     G=DGROUP   M=Graphics ACBP=A9
 0002:000028EC 00000004 C=BSS      S=.bss     G=DGROUP   M=Math     ACBP=A9
 0002:000028F0 00000004 C=BSS      S=.bss     G=DGROUP   M=Contnrs  ACBP=A9
 0002:000028F4 0000000C C=BSS      S=.bss     G=DGROUP   M=CommCtrl ACBP=A9
 0002:00002900 00000031 C=BSS      S=.bss     G=DGROUP   M=MultiMon ACBP=A9
 0002:00002934 00000004 C=BSS      S=.bss     G=DGROUP   M=Imm      ACBP=A9
 0002:00002938 00000008 C=BSS      S=.bss     G=DGROUP   M=HelpIntfs ACBP=A9
 0002:00002940 00000004 C=BSS      S=.bss     G=DGROUP   M=WinSpool ACBP=A9
 0002:00002944 00000004 C=BSS      S=.bss     G=DGROUP   M=Printers ACBP=A9
 0002:00002948 00000034 C=BSS      S=.bss     G=DGROUP   M=FlatSB   ACBP=A9
 0002:0000297C 00000004 C=BSS      S=.bss     G=DGROUP   M=SyncObjs ACBP=A9
 0002:00002980 000000CC C=BSS      S=.bss     G=DGROUP   M=UxTheme  ACBP=A9
 0002:00002A4C 00000004 C=BSS      S=.bss     G=DGROUP   M=RichEdit ACBP=A9
 0002:00002A50 00000004 C=BSS      S=.bss     G=DGROUP   M=ToolWin  ACBP=A9
 0002:00002A54 00000004 C=BSS      S=.bss     G=DGROUP   M=ShellAPI ACBP=A9
 0002:00002A58 00000004 C=BSS      S=.bss     G=DGROUP   M=RegStr   ACBP=A9
 0002:00002A5C 00000004 C=BSS      S=.bss     G=DGROUP   M=WinInet  ACBP=A9
 0002:00002A60 00000004 C=BSS      S=.bss     G=DGROUP   M=UrlMon   ACBP=A9
 0002:00002A64 00000004 C=BSS      S=.bss     G=DGROUP   M=ShlObj   ACBP=A9
 0002:00002A68 00000004 C=BSS      S=.bss     G=DGROUP   M=CommDlg  ACBP=A9
 0002:00002A6C 00000004 C=BSS      S=.bss     G=DGROUP   M=Dlgs     ACBP=A9
 0002:00002A70 0000000C C=BSS      S=.bss     G=DGROUP   M=Dialogs  ACBP=A9
 0002:00002A7C 00000004 C=BSS      S=.bss     G=DGROUP   M=ExtCtrls ACBP=A9
 0002:00002A80 00000004 C=BSS      S=.bss     G=DGROUP   M=ComStrs  ACBP=A9
 0002:00002A84 0000000C C=BSS      S=.bss     G=DGROUP   M=Clipbrd  ACBP=A9
 0002:00002A90 00000004 C=BSS      S=.bss     G=DGROUP   M=StrUtils ACBP=A9
 0002:00002A94 00000030 C=BSS      S=.bss     G=DGROUP   M=Buttons  ACBP=A9
 0002:00002AC4 00000004 C=BSS      S=.bss     G=DGROUP   M=ExtDlgs  ACBP=A9
 0002:00002AC8 00000004 C=BSS      S=.bss     G=DGROUP   M=IniFiles ACBP=A9
 0002:00002ACC 00000004 C=BSS      S=.bss     G=DGROUP   M=Registry ACBP=A9
 0002:00002AD0 00000004 C=BSS      S=.bss     G=DGROUP   M=Mapi     ACBP=A9
 0002:00002AD4 00000009 C=BSS      S=.bss     G=DGROUP   M=ExtActns ACBP=A9
 0002:00002AE0 00000004 C=BSS      S=.bss     G=DGROUP   M=ListActns ACBP=A9
 0002:00002AE4 00000010 C=BSS      S=.bss     G=DGROUP   M=ComCtrls ACBP=A9
 0002:00002AF4 00000008 C=BSS      S=.bss     G=DGROUP   M=Themes   ACBP=A9
 0002:00002AFC 00000004 C=BSS      S=.bss     G=DGROUP   M=StdCtrls ACBP=A9
 0002:00002B00 00000004 C=BSS      S=.bss     G=DGROUP   M=StdActns ACBP=A9
 0002:00002B04 00000014 C=BSS      S=.bss     G=DGROUP   M=WinHelpViewer ACBP=A9
 0002:00002B18 00000080 C=BSS      S=.bss     G=DGROUP   M=Controls ACBP=A9
 0002:00002B98 00000004 C=BSS      S=.bss     G=DGROUP   M=ActnList ACBP=A9
 0002:00002B9C 0000000C C=BSS      S=.bss     G=DGROUP   M=ImgList  ACBP=A9
 0002:00002BA8 00000010 C=BSS      S=.bss     G=DGROUP   M=Menus    ACBP=A9
 0002:00002BB8 00000020 C=BSS      S=.bss     G=DGROUP   M=Forms    ACBP=A9
 0002:00002BD8 00000004 C=BSS      S=.bss     G=DGROUP   M=MaskUtils ACBP=A9
 0002:00002BDC 00000004 C=BSS      S=.bss     G=DGROUP   M=Mask     ACBP=A9
 0002:00002BE0 00000004 C=BSS      S=.bss     G=DGROUP   M=Grids    ACBP=A9
 0002:00002BE4 00000004 C=BSS      S=.bss     G=DGROUP   M=ValEdit  ACBP=A9
 0002:00002BE8 00000004 C=BSS      S=.bss     G=DGROUP   M=ComplexAlg ACBP=A9
 0002:00002BEC 00000004 C=BSS      S=.bss     G=DGROUP   M=MatrixAlg ACBP=A9
 0002:00002BF0 00000004 C=BSS      S=.bss     G=DGROUP   M=JConsts  ACBP=A9
 0002:00002BF4 00000004 C=BSS      S=.bss     G=DGROUP   M=jpeg     ACBP=A9
 0002:00002BF8 00000008 C=BSS      S=.bss     G=DGROUP   M=Unit2    ACBP=A9
 0002:00002C00 00000008 C=BSS      S=.bss     G=DGROUP   M=Unit3    ACBP=A9
 0002:00002C08 00000024 C=BSS      S=.bss     G=DGROUP   M=Unit4    ACBP=A9
 0002:00002C2C 00EB3A20 C=BSS      S=.bss     G=DGROUP   M=Unit1    ACBP=A9


  Address         Publics by Name

 0001:000781F4       ..
 0001:0007EF38       ..
 0001:00077164       ..
 0002:0000117C       ..
 0001:000787B8       ..
 0001:00076A8C       ..
 0001:0007578C       ..
 0002:00001070       ..
 0001:00074B44       ..
 0001:0007459C       ..
 0001:00073FB0       ..
 0001:00079D0C       ..
 0002:00000FF0       ..
 0001:00073424       ..
 0002:00000F70       ..
 0001:000726FC       ..
 0001:00071FBC       ..
 0001:00071AF8       ..
 0001:00071594       ..
 0002:00000F60       ..
 0001:0007E734       ..
 0001:00070930       ..
 0001:0007F5C0       ..
 0001:0007E1F8       ..
 0001:0007BC88       ..
 0001:0007BD98       ..
 0002:0000137C       ..
 0001:0007CD44       ..
 0001:0007E09C       ..
 0001:0007D56C       ..
 0001:0008146C       ..
 0001:000784E8       ..
 0001:00080400       ..
 0002:0000171C       ..
 0001:0007FEE8       ..
 0002:000028F4       .1
 0002:00002920       .1
 0002:00002A68       .1
 0002:00002934       .1
 0002:00002A90       .1
 0002:00002888       .1
 0002:00002A64       .1
 0002:00002670       .1
 0002:00002678       .1
 0002:00002668       .1
 0002:00002A80       .1
 0002:0000267C       .1
 0002:00002BF0       .1
 0002:00002968       .1
 0002:00002A60       .1
 0002:00002AD0       .1
 0002:00002A6C       .1
 0002:00002A3C       .1
 0002:0000283C       .1
 0002:00002A4C       .1
 0002:00002BEC       .1
 0002:00002A5C       .1
 0002:00002B0C       .1
 0002:00002BE8       .1
 0002:00002A58       .1
 0002:00002A54       .1
 0002:00002BE0       .11
 0002:00002A70       .11
 0002:00002A7C       .12
 0002:00002890       .12
 0002:00002938       .2
 0002:00002A88       .2
 0002:00002C04       .2
 0002:00002AF4       .2
 0002:000028EC       .2
 0002:00002BD8       .2
 0002:00002BFC       .2
 0002:000028F0       .21
 0002:00002940       .3
 0002:00002844       .3
 0002:00002AC4       .3
 0002:00002BF4       .3
 0002:00002944       .3
 0002:00002B9C       .3
 0002:00002C28       .3
 0002:00002674       .3
 0002:00002790       .35
 0002:00002AE4       .36
 0002:00002A50       .4
 0002:00002BE4       .4
 0002:00002A94       .4
 0002:00002BC0       .41
 0002:00002AFC       .42
 0002:00002854       .45
 0002:000027F8       .5
 0002:00002ACC       .5
 0002:00002BDC       .5
 0002:00EB6648       .5
 0002:000025B8       .5
 0002:00002840       .6
 0002:0000297C       .6
 0002:00002B20       .72
 0002:00002AD4       .72
 0002:00002B00       .73
 0002:00002AE0       .8
 0002:00002AC8       .8
 0002:00002B98       .8
 0002:0000281C       .81
 0002:00002BB0       .9
 0001:000019D4       @AbstractError
 0001:00002AF0       @AfterConstruction
 0001:00002924       @AsClass
 0001:00001CAC       @Assign
 0001:00001E9C       @AStrCmp
 0001:00002B00       @BeforeDestruction
 0001:000026B4       @BoundErr
 0001:00002970       @CallDynaInst
 0001:00002A98       @ClassCreate
 0001:00002AE8       @ClassDestroy
 0001:00001D68       @Close
 0001:000018BC       @Copy
 0001:00004178       @CopyArray
 0001:0000405C       @CopyRecord
 0001:00001984       @COS
 0001:00004290       @DispCallByIDError
 0001:0000E0EC       @DispInvokeError
 0001:00004280       @Dispose
 0001:00002F7C       @DoneExcept
 0001:000047E4       @DynArrayAsg
 0001:000047A8       @DynArrayClear
 0001:000046B4       @DynArrayCopyRange
 0001:000044F4       @DynArrayHigh
 0001:000044EC       @DynArrayLength
 0001:000046A8       @DynArraySetLength
 0001:00003064       @ExceptionHandler
 0001:00001F0C       @FillChar
 0001:00004038       @Finalize
 0001:00003F4C       @FinalizeArray
 0001:00003F00       @FinalizeRecord
 0001:00002988       @FindDynaInst
 0001:000026A8       @FpuInit
 0001:000025E4       @FpuMaskInit
 0001:00001744       @FreeMem
 0001:00001724       @GetMem
 0001:00005584       @GetTls
 0001:000034AC       @Halt
 0001:000033D4       @Halt0
 0001:00002C14       @HandleAnyException
 0001:00002EC8       @HandleFinally
 0001:00002D40       @HandleOnException
 0001:000055D0       @InitExe
 0001:00003EF4       @Initialize
 0001:00003E60       @InitializeArray
 0001:00003E30       @InitializeRecord
 0001:00003298       @InitImports
 0001:00003270       @InitResStringImports
 0001:0000324C       @InitResStrings
 0001:00004EC8       @IntfAddRef
 0001:00004E98       @IntfCast
 0001:00004E54       @IntfClear
 0001:00004E6C       @IntfCopy
 0001:00002900       @IsClass
 0001:000025B4       @isNECWindows
 0001:0007BBD8       @jcopy_block_row
 0001:0007BB8C       @jcopy_sample_rows
 0001:0007BB64       @jdiv_round_up
 0001:000756F8       @jinit_1pass_quantizer
 0001:0007696C       @jinit_2pass_quantizer
 0001:0007F374       @jinit_color_converter
 0001:00074978       @jinit_color_deconverter
 0001:0007CC98       @jinit_compress_master
 0001:0007EE70       @jinit_c_coef_controller
 0001:0007E174       @jinit_c_main_controller
 0001:0007DFD4       @jinit_c_master_control
 0001:0007E68C       @jinit_c_prep_controller
 0001:0007FD60       @jinit_downsampler
 0001:000780E0       @jinit_d_coef_controller
 0001:00077084       @jinit_d_main_controller
 0001:00078454       @jinit_d_post_controller
 0001:00080384       @jinit_forward_dct
 0001:00073F70       @jinit_huff_decoder
 0001:000820C8       @jinit_huff_encoder
 0001:00071AB0       @jinit_input_controller
 0001:0007873C       @jinit_inverse_dct
 0001:0007BA08       @jinit_marker_reader
 0001:0007D518       @jinit_marker_writer
 0001:000726C4       @jinit_master_decompress
 0001:0007145C       @jinit_memory_mgr
 0001:0007451C       @jinit_merged_upsampler
 0001:000733B0       @jinit_phuff_decoder
 0001:00080E90       @jinit_phuff_encoder
 0001:00078C9C       @jinit_upsampler
 0001:0007BBF8       @jpeg_abort
 0001:0007BC70       @jpeg_alloc_huff_table
 0001:0007BC58       @jpeg_alloc_quant_table
 0001:00081140       @jpeg_fdct_float
 0001:00080ED4       @jpeg_fdct_ifast
 0001:00073858       @jpeg_fill_bit_buffer
 0001:00071568       @jpeg_free_large
 0001:00071558       @jpeg_free_small
 0001:00081E0C       @jpeg_gen_optimal_table
 0001:00071560       @jpeg_get_large
 0001:00071550       @jpeg_get_small
 0001:000739A4       @jpeg_huff_decode
 0001:00079CD0       @jpeg_idct_1x1
 0001:00079AE0       @jpeg_idct_2x2
 0001:0007972C       @jpeg_idct_4x4
 0001:00078EB4       @jpeg_idct_float
 0001:000792F8       @jpeg_idct_ifast
 0001:000815FC       @jpeg_make_c_derived_tbl
 0001:0007355C       @jpeg_make_d_derived_tbl
 0001:00071570       @jpeg_mem_available
 0001:0007158C       @jpeg_mem_init
 0001:00071590       @jpeg_mem_term
 0001:0007157C       @jpeg_open_backing_store
 0001:0007B8D4       @jpeg_resync_to_restart
 0001:0007CA5C       @jpeg_suppress_tables
 0001:0007BB74       @jround_up
 0001:0007BBE8       @jzero_far
 0001:00003974       @LStrAddRef
 0001:000034E8       @LStrArrayClr
 0001:00003518       @LStrAsg
 0001:0000378C       @LStrCat
 0001:000037D0       @LStrCat3
 0001:00003844       @LStrCatN
 0001:000034C4       @LStrClr
 0001:000038D0       @LStrCmp
 0001:000039E4       @LStrCopy
 0001:00003A24       @LStrDelete
 0001:00003734       @LStrFromArray
 0001:000036AC       @LStrFromChar
 0001:000036BC       @LStrFromPChar
 0001:000035B4       @LStrFromPCharLen
 0001:000036EC       @LStrFromPWChar
 0001:00003620       @LStrFromPWCharLen
 0001:00003728       @LStrFromString
 0001:0000374C       @LStrFromWStr
 0001:00003A6C       @LStrInsert
 0001:0000355C       @LStrLAsg
 0001:00003784       @LStrLen
 0001:00003AC8       @LStrPos
 0001:00003B10       @LStrSetLength
 0001:00003984       @LStrToPChar
 0001:00003760       @LStrToString
 0001:0000426C       @New
 0001:00003588       @NewAnsiString
 0001:00003B7C       @NewWideString
 0001:000022C8       @Pow10
 0001:00001E18       @PStrCmp
 0001:00001DF0       @PStrCpy
 0001:00001DC0       @PStrNCat
 0001:00001DFC       @PStrNCpy
 0001:00002F28       @RaiseAgain
 0001:00002F00       @RaiseExcept
 0001:00001F68       @ReadChar
 0001:0000202C       @ReadExt
 0001:00001FD4       @ReadLong
 0001:00001764       @ReallocMem
 0001:00001A48       @ResetText
 0001:000019A4       @ROUND
 0001:000034B8       @RunError
 0001:00002084       @SeekEof
 0001:000021A8       @SetEq
 0001:00001994       @SIN
 0001:0000320C       @StartExe
 0001:00000304       @strlen
 0001:000019B0       @TRUNC
 0001:00002FAC       @TryFinallyExit
 0001:000039DC       @UniqueStringA
 0001:000021BC       @ValExt
 0001:000042BC       @ValInt64
 0001:000020A4       @ValLong
 0001:00013170       @VarAddRef
 0001:0000E9CC       @VarCast
 0001:0000E3D8       @VarClear
 0001:0000E3EC       @VarClr
 0001:00003F34       @VarClr
 0001:00013964       @VarCmpNE
 0001:0000E700       @VarCopy
 0001:00004044       @VarCopy
 0001:00012710       @VarFromBool
 0001:0001259C       @VarFromByte
 0001:00012760       @VarFromCurr
 0001:000126B8       @VarFromCurrency
 0001:000126E4       @VarFromDate
 0001:00012804       @VarFromDisp
 0001:0001268C       @VarFromDouble
 0001:00012540       @VarFromInt
 0001:0001263C       @VarFromInt64
 0001:0001257C       @VarFromInteger
 0001:000127D8       @VarFromIntf
 0001:000125DC       @VarFromLongWord
 0001:00012774       @VarFromLStr
 0001:00012738       @VarFromReal
 0001:000125FC       @VarFromShortInt
 0001:00012668       @VarFromSingle
 0001:0001261C       @VarFromSmallInt
 0001:0001274C       @VarFromTDateTime
 0001:000125BC       @VarFromWord
 0001:000127A0       @VarFromWStr
 0001:0000E140       @VarNull
 0001:0000FE50       @VarToBoolean
 0001:0000F290       @VarToByte
 0001:00011014       @VarToCurrency
 0001:00010AAC       @VarToDate
 0001:00012494       @VarToDisp
 0001:00010358       @VarToDouble
 0001:0000F854       @VarToInt64
 0001:0000ED90       @VarToInteger
 0001:000123C8       @VarToIntf
 0001:0000F508       @VarToLongWord
 0001:000116C8       @VarToLStr
 0001:0000F1E0       @VarToShortInt
 0001:000106D4       @VarToSingle
 0001:0000F338       @VarToSmallInt
 0001:0000F430       @VarToWord
 0001:00011DF0       @VarToWStr
 0001:00003BBC       @WStrArrayClr
 0001:00003BE0       @WStrAsg
 0001:00003BA4       @WStrClr
 0001:00003D1C       @WStrCmp
 0001:00003DA0       @WStrCopy
 0001:00003CF0       @WStrFromLStr
 0001:00003C04       @WStrFromPCharLen
 0001:00003CB4       @WStrFromPWChar
 0001:00003C90       @WStrFromPWCharLen
 0001:00003D10       @WStrLen
 0001:00003DEC       @WStrSetLength
 0001:00003D00       @WStrToPWChar
 0001:00002184       @_CLenToPasStr
 0001:00002178       @_CToPasStr
 0001:0000188C       @_IOTest
 0001:00004298       @_llmul
 0001:0003A3C4       AbsMin
 0001:0000B0E8       AbstractErrorHandler
 0002:00002028       AbstractErrorProc
 0002:0000014C       AccessMode
 0001:000017F4       AcquireExceptionObject
 0001:00016764       ActivateClassGroup
 0001:00005C10       ActivateKeyboardLayout
 0002:00002B54       ActiveDrag
 0001:00014400       ActiveX
 0001:00049764       ActnList
 0001:00000430       AddBlockAfter
 0002:00000468       AddDataModule
 0001:000073F8       AddExitProc
 0001:00019908       AddFinished
 0001:0004CAA8       AddIn
 0001:00004CE8       AddModuleUnloadProc
 0001:00004CF8       AddModuleUnloadProc
 0001:00019940       AddNotFinished
 0001:0001A364       AddSubComponentsToLoaded
 0001:00021C50       AdjustColor
 0001:00053AB8       Adjustment
 0001:00005C18       AdjustWindowRectEx
 0002:00000D88       Alignments
 0002:00000AC0       Alignments
 0002:00000D78       Alignments
 0001:0005A9B0       AlignWork
 0001:0003FA30       AlignWork
 0001:0001DA58       AllocateHWnd
 0001:000073AC       AllocMem
 0002:000025B0       AllocMemCount
 0002:000025B4       AllocMemSize
 0001:000273B4       AllocPatternBitmap
 0001:0000552C       AllocTlsBuffer
 0002:00000B64       AnchorAlign
 0002:00000B58       AnimateWindowProc
 0002:00000C60       AnimationStyle
 0001:000075D8       AnsiCompareStr
 0001:00007610       AnsiCompareText
 0001:00007C20       AnsiLastChar
 0001:00005C20       AnsiLower
 0001:000075A4       AnsiLowerCase
 0001:0000BA20       AnsiLowerCaseFileName
 0001:0000B9E8       AnsiPos
 0001:000512BC       AnsiSameCaption
 0001:00007648       AnsiSameText
 0001:00007660       AnsiStrLIComp
 0001:0000BAAC       AnsiStrPos
 0001:0000BB4C       AnsiStrRScan
 0001:0000BB74       AnsiStrScan
 0001:000052C8       AnsiToUtf8
 0001:00007570       AnsiUpperCase
 0001:00012350       AnyToIntf
 0001:000090A8       AppendChars
 0001:0000946C       AppendFormat
 0001:0000910C       AppendNumber
 0001:000090EC       AppendString
 0002:00002BB8       Application
 0002:00000478       ApplicationHandleException
 0002:00000480       ApplicationShowException
 0002:00000EB4       AppVisible
 0001:000059B0       Arc
 0001:00027618       ArcSin
 0001:00027658       ArcTan2
 0002:00000EC8       ArrowKey
 0001:0000B0CC       AssertErrorHandler
 0002:00002020       AssertErrorProc
 0001:00013E98       AssignLongStr
 0001:0001423C       AssignVariant
 0002:00000A44       ATickMarks
 0002:00002608       avail
 0001:00007D5C       BackfillGetDiskFreeSpaceEx
 0001:0003CF58       BackgroundClipped
 0001:0000CFA0       BackupVarBoolFromStr
 0001:0000D100       BackupVarBStrFromBool
 0001:0000D020       BackupVarBStrFromCy
 0001:0000D090       BackupVarBStrFromDate
 0001:0000CF34       BackupVarCyFromStr
 0001:0000CEC8       BackupVarDateFromStr
 0001:0000CD84       BackupVarI4FromStr
 0001:0000CD30       BackupVariantChangeTypeEx
 0001:0000CDF0       BackupVarR4FromStr
 0001:0000CE5C       BackupVarR8FromStr
 0002:0000033C       BaseTypeMap
 0001:00016ABC       BeginGlobalLoading
 0001:00005C28       BeginPaint
 0001:00021C5C       BetterSize
 0001:0004D91C       BiDiDraw
 0001:000059B8       BitBlt
 0002:000009C8       BitBtnCaptions
 0002:00002A98       BitBtnGlyphs
 0002:0000078C       BitCounts
 0002:00000784       BitmapCanvasList
 0002:000028A8       BitmapImageLock
 0001:0000CD6C       BiUnimplemented
 0001:000690FC       BlankStr
 0002:000004A0       BlockCode
 0002:000025E0       blockDescBlockList
 0002:000025E4       blockDescFreeList
 0002:0000045C       BooleanIdents
 0002:00000338       BooleanToStringRule
 0001:00007AB8       BoolToStr
 0001:00011450       BoolToWStrViaOS
 0002:00000AB8       BorderStyles
 0001:00005670       Bounds
 0001:00015A7C       Bounds
 0002:00000D20       Breaks
 0002:000028E0       BrushManager
 0001:00061E28       Build
 0001:0006FAE8       BuildColorMap
 0001:000500D0       BuildImage
 0001:0006FA40       BuildPalette
 0002:00000824       ButtonCaptions
 0002:000007F8       ButtonNames
 0002:00000D9C       Buttons
 0001:0002C4E4       Buttons
 0002:00000AFC       ButtonStyles
 0001:0002143C       BytesPerScanline
 0001:00021794       ByteSwapColors
 0001:0000B79C       ByteToCharIndex
 0001:0000B774       ByteToCharLen
 0001:0000B738       ByteType
 0001:0000B6C0       ByteTypeTest
 0002:00002BA0       CachedComCtrlVer
 0001:00064F58       CalcAxis
 0001:00064230       CalcAxis
 0001:00064474       CalcAxisState
 0001:000642BC       CalcFixedAxis
 0001:0001D994       CalcJmpOffset
 0001:000643D0       CalcMaxCell
 0001:0006638C       CalcPageExtents
 0001:00065C88       CalcScroll
 0001:000652F0       CalcScrollBar
 0001:00065FEC       CalcSizeInfo
 0001:00047774       CalcSplitterPos
 0001:00005C30       CallNextHookEx
 0001:0000C240       CallTerminateProcs
 0001:00005C38       CallWindowProc
 0001:0003B3FC       CancelDrag
 0002:000028E4       CanvasList
 0002:00002B68       CanvasList
 0002:00002C14       CanvasX
 0002:00002C18       CanvasY
 0002:000007E4       Captions
 0002:00000C1C       CaptureControl
 0001:00062438       CaretPos
 0002:00000CC0       cBooleanToItemAutoFlag
 0002:0000036C       CBooleanToRelationship
 0002:00EA8CF8       Center
 0002:00002A86       CF_COMPONENT
 0002:00002A84       CF_PICTURE
 0002:00002814       ChangeAnyProc
 0001:0003997C       ChangeBiDiModeAlignment
 0002:00000AE0       CharCases
 0001:000035E4       CharFromWChar
 0001:0000B970       CharLength
 0001:00005C40       CharLowerBuff
 0001:0000027C       CharNext
 0001:00005C48       CharNext
 0001:0001FA88       CharsetToIdent
 0001:0000B884       CharToByteIndex
 0001:0000B8E8       CharToByteLen
 0001:00005C50       CharToOemA
 0001:00005C58       CharUpperBuff
 0001:00022224       CheckBool
 0001:00002B90       CheckJmp
 0001:00005C60       CheckMenuItem
 0002:00000D10       Checks
 0001:0001A3A0       CheckSubComponents
 0001:0001C76C       CheckSynchronize
 0001:000534F4       CheckTaskWindow
 0001:00012830       CheckType
 0001:0003B0B0       CheckUndock
 0001:0000B5B4       CheckWin32Version
 0002:00000354       CInvalidCustomVariantType
 0002:00000CC4       cItemAutoFlagToBoolean
 0002:00000CBC       cItemAutoFlagToMenu
 0001:0001DBE4       Classes
 0001:00016528       ClassNotFound
 0002:00002810       ClearAnyProc
 0001:0001F318       ClearColor
 0001:00068EA4       ClearItem
 0001:00013518       ClearVariantTypeList
 0001:00005C68       ClientToScreen
 0001:00044D5C       ClientToWindow
 0001:0002C298       Clipboard
 0002:0000077C       ClipboardFormats
 0001:0002C384       Clipbrd
 0001:00005C70       CloseClipboard
 0001:0000021C       CloseHandle
 0001:000057A8       CloseHandle
 0002:00002984       CloseThemeData
 0002:0000203C       CmdLine
 0002:00002038       CmdShow
 0002:00000CB8       cMenuAutoFlagToItem
 0002:00000378       CmpTypeMap
 0001:0000CD78       CmpUnimplemented
 0002:000004FC       Colors
 0001:0001F880       ColorToIdent
 0002:00000850       ColorToPretyName
 0001:0001F870       ColorToRGB
 0002:000028F8       ComCtl32DLL
 0002:00002AF0       ComCtlVersion
 0001:0002ED88       ComCtrls
 0002:00002BB4       CommandPool
 0001:00027B30       CommCtrl
 0001:0002A3A4       CommDlg
 0001:00000710       Commit
 0002:00002624       committedRoot
 0001:00062194       CompareExtents
 0001:0004C08C       CompareFront
 0001:000074D8       CompareMem
 0001:000074A8       CompareStr
 0001:000057B0       CompareString
 0001:000074F8       CompareText
 0001:000079E0       CompareWith
 0001:0006E074       Compl
 0001:0006DE40       ComplAbs
 0001:0006DFCC       ComplAdd
 0001:0006E558       ComplAlgExt
 0001:0006DD94       ComplDeg
 0001:0006E034       ComplDiv
 0001:0006E0C0       ComplexAlg
 0001:0006E748       ComplMatrixDet
 0001:0006E000       ComplMult
 0001:0006EB30       ComplMultRowCol
 0001:0006DE78       ComplString
 0001:0006DF98       ComplSub
 0001:0001A480       ComponentCreated
 0001:00021FF4       ComputeAldusChecksum
 0001:0002BD38       ComStrs
 0001:0001DFB8       Consts
 0001:000279A0       Contnrs
 0002:00002B26       ControlAtom
 0002:00002B2C       ControlAtomString
 0001:00058280       ControlHasHelp
 0001:0004846C       Controls
 0001:0000AB28       ConvertAddr
 0001:000091FC       ConvertEraString
 0001:00007388       ConvertErrorFmt
 0001:00009364       ConvertYearString
 0001:000044FC       CopyArray
 0001:000247A0       CopyBitmap
 0001:00024E68       CopyBitmapAsMask
 0001:000059C0       CopyEnhMetaFile
 0001:00024E04       CopyPalette
 0002:00000A54       Copyright
 0001:0004F17C       CopyToBest
 0001:0000B7F4       CountChars
 0002:000028C0       CounterLock
 0001:00068C84       CountItem
 0002:00000358       CRangeToType
 0001:0000B010       CreateAssertException
 0001:0000B198       CreateAVObject
 0001:000059C8       CreateBitmap
 0001:000059D0       CreateBrushIndirect
 0001:000059D8       CreateCompatibleBitmap
 0001:000059E0       CreateCompatibleDC
 0001:0001A500       CreateComponent
 0001:000059F0       CreateDIBitmap
 0001:000059E8       CreateDIBSection
 0001:000057B8       CreateEvent
 0001:000057C0       CreateFile
 0001:00000224       CreateFileA
 0001:000059F8       CreateFontIndirect
 0001:00005A00       CreateHalftonePalette
 0001:00005C78       CreateIcon
 0001:0000AF3C       CreateInOutError
 0001:00005C80       CreateMenu
 0001:00005A08       CreatePalette
 0001:00005A10       CreatePenIndirect
 0001:00005C88       CreatePopupMenu
 0001:00005A18       CreateRectRgn
 0001:00005A20       CreateSolidBrush
 0001:000217EC       CreateSystemPalette
 0001:000057C8       CreateThread
 0001:000062A4       CreateWindow
 0001:0000624C       CreateWindowEx
 0002:000007DC       CreationControl
 0002:00000B5C       CreationControl
 0002:00000448       CRelationshipToBoolean
 0002:0000031C       CResult
 0002:00000B48       CSHREDRAW
 0002:00000144       cSimpleBoolStrs
 0002:000003F4       CText
 0002:00000C58       Ctl3DStyles
 0001:00062404       Ctrl
 0002:0000261C       curAlloc
 0001:00012AC4       CurrCompare
 0002:00002688       CurrencyDecimals
 0002:00002684       CurrencyFormat
 0002:00002680       CurrencyString
 0001:00009094       CurrentYear
 0001:00008BF4       CurrToStr
 0001:000113E0       CurrToWStrViaOS
 0002:00000E38       CursorMap
 0002:00000B6C       Cursors
 0001:00039C9C       CursorToIdent
 0002:00000E28       cUseAlpha
 0002:00000E30       cUseColorKey
 0001:00007734       CvtInt
 0001:000077A0       CvtInt64
 0002:00000184       CWNear
 0002:00000B50       Data
 0001:00012A9C       DateCompare
 0002:00002689       DateSeparator
 0001:00009C7C       DateTimeToStr
 0001:00009C20       DateTimeToString
 0001:00008CEC       DateTimeToTimeStamp
 0001:00011418       DateToWStrViaOS
 0001:0000906C       DayOfWeek
 0002:00000180       DCon10
 0002:000004F8       DDBsOnly
 0001:0001DB0C       DeallocateHWnd
 0002:00000028       DebugHook
 0002:00002687       DecimalSeparator
 0001:0000904C       DecodeDate
 0001:00008F00       DecodeDateFully
 0001:00008DA0       DecodeTime
 0001:000007A4       Decommit
 0001:00000DC0       DecommitFree
 0002:000025F8       decommittedRoot
 0001:00055F08       Default
 0001:0005B5D8       Default
 0002:00000020       Default8087CW
 0002:00000EBC       DefaultBlank
 0002:00000B60       DefaultDockTreeClass
 0002:00000034       DefaultTextLineBreakStyle
 0002:000025BC       DefaultUserCodePage
 0002:0000074C       DefBrushData
 0002:000004CC       DefFontData
 0001:00005C90       DefFrameProc
 0002:00000210       DefLongDayNames
 0002:000001C4       DefLongMonthNames
 0001:00005C98       DefMDIChildProc
 0002:0000072C       DefPenData
 0002:000001F4       DefShortDayNames
 0002:00000194       DefShortMonthNames
 0001:00005CA0       DefWindowProc
 0001:0000483C       DelayLoadResourceModule
 0001:00000460       DeleteBlock
 0001:000003D0       DeleteCriticalSection
 0001:000057D0       DeleteCriticalSection
 0001:00005A28       DeleteDC
 0001:00005A30       DeleteEnhMetaFile
 0001:00000C08       DeleteFree
 0001:00005CA8       DeleteMenu
 0001:00005A38       DeleteObject
 0001:0002435C       DeselectBitmap
 0001:00005CB0       DestroyCursor
 0001:00005CB8       DestroyIcon
 0001:0002C414       DestroyLocals
 0001:00005CC0       DestroyMenu
 0001:00005CC8       DestroyWindow
 0001:00068840       Detector
 0002:00002C25       DiagCounter
 0002:00002C24       DiagVertice
 0001:00037210       DialogEnumerationTester
 0001:0002AA14       Dialogs
 0002:00000788       DIBPalSizes
 0002:00000098       dig
 0001:00053348       DisableTaskWindows
 0001:00005CD0       DispatchMessage
 0001:00059560       DispatchShortCut
 0002:00002000       DispCallByIDProc
 0001:000683D8       DisposeStrItem
 0001:0000736C       DivMod
 0001:0002A3DC       Dlgs
 0001:0003F8C0       DoAlign
 0001:0005A864       DoAlign
 0001:000640C8       DoCalc
 0001:00043A3C       DoCalcConstraints
 0001:00064130       DoCalcRightToLeft
 0001:000648B8       DoChange
 0002:00002B5C       DockSiteList
 0001:0004FD9C       DoClick
 0001:000632A0       DoColWidths
 0001:00041004       DoControlMsg
 0001:000532F8       DoDisableWindow
 0001:0003A9DC       DoDragOver
 0001:000073CC       DoExitProc
 0001:00045A48       DoFindControlZone
 0001:00053434       DoFindWindow
 0001:00045FD4       DoFindZone
 0001:00045ACC       DoForEach
 0001:000473D8       DoGetNextLimit
 0001:000532C0       DoneApplication
 0001:00048194       DoneControls
 0001:0000B4C4       DoneExceptions
 0001:000578DC       DoNestedActivation
 0001:0001C72C       DoneThreadSynchronization
 0001:0005A6B4       DoPosition
 0001:0003F480       DoPosition
 0001:00046A00       DoPrune
 0001:000632E4       DoRowHeights
 0001:00046ED8       DoSaveZone
 0001:000470DC       DoSetNewBounds
 0001:00062D48       DoSizeAdjust
 0002:00000464       DotSep
 0001:00065F58       DoUpdate
 0002:00002C1C       DownX
 0002:00002C20       DownY
 0001:00023478       DoWrite
 0001:0002247C       DoWrite
 0001:0004A6EC       DoWrite
 0001:000178F8       DoWrite
 0001:000405EC       DoWriteDesignSize
 0001:0003E058       DoWriteIsControl
 0002:00002B40       DragCapture
 0002:00002B34       DragControl
 0001:0003B124       DragDone
 0001:0003A98C       DragFindTarget
 0001:0003A960       DragFindWindow
 0002:00002B58       DragImageList
 0001:0003AD7C       DragInit
 0001:0003AEEC       DragInitControl
 0002:00002B3C       DragInternalObject
 0001:0003A8A8       DragMessage
 0002:00002B38       DragObject
 0002:00002B64       DragSave
 0002:00002B4C       DragSaveCursor
 0002:00002B44       DragStartPos
 0002:00002B50       DragThreshold
 0001:0003AAAC       DragTo
 0001:0005B614       DrawAppIcon
 0001:00063620       DrawAxisLines
 0001:00063898       DrawCells
 0001:0004656C       DrawCloseButton
 0001:00005CD8       DrawEdge
 0001:00005CE0       DrawFocusRect
 0001:00005CE8       DrawFrameControl
 0001:000465C4       DrawGrabberLine
 0001:00005CF0       DrawIcon
 0001:00005CF8       DrawIconEx
 0002:00000C94       DrawingStyles
 0001:00063808       DrawLines
 0001:00005D00       DrawMenuBar
 0001:000510DC       DrawMenuItem
 0001:00005D08       DrawText
 0002:00002988       DrawThemeBackground
 0002:000029AC       DrawThemeEdge
 0002:000029B0       DrawThemeIcon
 0002:00002A34       DrawThemeParentBackground
 0002:0000298C       DrawThemeText
 0001:000212BC       DupBits
 0001:00004514       DynArrayClear
 0001:0000451C       DynArraySetLength
 0002:00000D80       EdgeStyle
 0002:00000C48       EdgeStyles
 0001:0000AF10       EHeapException.FreeInstance
 0002:00EA8D0C       ElemClicked
 0001:00005A40       Ellipse
 0001:0006F0D0       EmitMessage
 0001:00005D10       EmptyClipboard
 0001:00012928       EmptyCompare
 0002:000027FC       EmptyParam
 0002:000000C8       EmptyStr
 0002:000000CC       EmptyWideStr
 0001:00005D18       EnableMenuItem
 0002:00000D18       Enables
 0001:00005D20       EnableScrollBar
 0001:000533FC       EnableTaskWindows
 0002:00002A1C       EnableThemeDialogTexture
 0002:00002A38       EnableTheming
 0001:00005D28       EnableWindow
 0001:00016B44       EndGlobalLoading
 0001:00005D30       EndPaint
 0001:000057D8       EnterCriticalSection
 0001:000003C0       EnterCriticalSection
 0001:000057E0       EnumCalendarInfoA
 0001:00005D38       EnumClipboardFormats
 0002:0000291C       EnumDisplayMonitors
 0001:0000A79C       EnumEraNames
 0001:0000A7D8       EnumEraYearOffsets
 0001:000564CC       EnumMonitorsProc
 0001:00005D40       EnumThreadWindows
 0001:00019CB0       EnumValue
 0001:00005D48       EnumWindows
 0001:00005D50       EqualRect
 0002:00002750       EraNames
 0001:00009EF4       EraToYear
 0002:0000276C       EraYearOffsets
 0002:00000070       errCaption
 0001:00001880       Error
 0001:00019494       Error
 0001:000160CC       Error
 0001:0004BDDC       Error
 0002:00000004       ErrorAddr
 0001:00001834       ErrorAt
 0001:0000AFBC       ErrorHandler
 0002:0000022C       ErrorMap
 0002:00002008       ErrorProc
 0002:000023E4       ErrOutput
 0001:000017D4       ExceptAddr
 0002:0000200C       ExceptClsProc
 0001:0000B430       ExceptHandler
 0001:0000AD84       Exception.Create
 0001:0000ADC0       Exception.CreateFmt
 0001:0000AE40       Exception.CreateRes
 0001:0000AE7C       Exception.CreateResFmt
 0002:0000201C       ExceptionClass
 0001:0000AB34       ExceptionErrorMessage
 0002:00000264       ExceptMap
 0001:000017B4       ExceptObject
 0002:00002010       ExceptObjProc
 0002:00002004       ExceptProc
 0001:00005A48       ExcludeClipRect
 0001:0006E610       ExcludeRowCol
 0002:00000000       ExitCode
 0001:00003318       ExitDll
 0002:00002044       ExitProc
 0001:00000284       ExitProcess
 0002:00002024       ExitProcessProc
 0002:00000140       ExitProcList
 0001:000685A8       ExpandDir
 0001:00007D20       ExpandFileName
 0001:0002C6D0       ExtActns
 0001:00005A50       ExtCreatePen
 0001:0002BCD0       ExtCtrls
 0001:0002C53C       ExtDlgs
 0002:00000B28       ExtendSelects
 0001:00007CD8       ExtractFileExt
 0001:00007CA0       ExtractFileName
 0001:00005A58       ExtTextOut
 0002:00EAD578       E_external1
 0002:00EB1DE0       E_external2
 0002:0000278C       FalseBoolStrs
 0002:00002A8C       FClipboard
 0002:00000174       FCon1E18
 0001:00007C18       FileClose
 0001:00007B5C       FileCreate
 0001:00007B80       FileCreate
 0002:00000780       FileFormats
 0002:00000008       FileMode
 0001:00001A90       FileNOPProc
 0001:00007B04       FileOpen
 0001:00007B88       FileRead
 0002:00000490       FilerSignature
 0001:00007BE0       FileSeek
 0001:00007BB4       FileWrite
 0001:00000CF0       FillAfterGap
 0001:00000C9C       FillBeforeGap
 0001:000635CC       FillDWord
 0001:00000D88       FillerSizeAfterGap
 0001:00000D18       FillerSizeBeforeGap
 0001:00005D58       FillRect
 0001:0000CB10       Finalization
 0001:0000D4CC       Finalization
 0001:00013974       Finalization
 0001:00013BB0       Finalization
 0001:00014378       Finalization
 0001:000143D0       Finalization
 0001:00006744       Finalization
 0001:0000642C       Finalization
 0001:000063F4       Finalization
 0001:0001DB34       Finalization
 0001:0001DF88       Finalization
 0001:000273EC       Finalization
 0001:000276B8       Finalization
 0001:00027970       Finalization
 0001:00027B00       Finalization
 0001:00028280       Finalization
 0001:000282C0       Finalization
 0001:000292A8       Finalization
 0001:000292F0       Finalization
 0001:00029328       Finalization
 0001:0002964C       Finalization
 0001:000297F8       Finalization
 0001:0002A17C       Finalization
 0001:0002A1EC       Finalization
 0001:0002A224       Finalization
 0001:0002A25C       Finalization
 0001:0002A294       Finalization
 0001:0002A2CC       Finalization
 0001:0002A304       Finalization
 0001:0002A33C       Finalization
 0001:0002A374       Finalization
 0001:0002A3AC       Finalization
 0001:0002A9B8       Finalization
 0001:0002BC88       Finalization
 0001:0002BD08       Finalization
 0001:0002C348       Finalization
 0001:0002C3DC       Finalization
 0001:0002C4AC       Finalization
 0001:0002C50C       Finalization
 0001:0002C55C       Finalization
 0001:0002C5C4       Finalization
 0001:0002C628       Finalization
 0001:0002C680       Finalization
 0001:0002C6D8       Finalization
 0001:0002ED10       Finalization
 0001:0003669C       Finalization
 0001:00036804       Finalization
 0001:00037488       Finalization
 0001:00048404       Finalization
 0001:00049734       Finalization
 0001:0004AE3C       Finalization
 0001:0000568C       Finalization
 0001:00005614       Finalization
 0001:000513B8       Finalization
 0001:000053E4       Finalization
 0001:0005D8A8       Finalization
 0001:0005E328       Finalization
 0001:00060430       Finalization
 0001:0006ACCC       Finalization
 0001:0006DD5C       Finalization
 0001:0006E090       Finalization
 0001:0006ED88       Finalization
 0001:0006EDD8       Finalization
 0001:0008210C       Finalization
 0001:00082484       Finalization
 0001:0008263C       Finalization
 0001:00083B8C       Finalization
 0001:0008DDF4       Finalization
 0001:0008DE38       Finalization
 0001:0002F974       Finalization
 0001:0000450C       FinalizeArray
 0001:0000314C       FinalizeUnits
 0001:0004FB5C       Find
 0001:000048AC       FindBS
 0001:000165E8       FindClass
 0001:00004834       FindClassHInstance
 0001:00000294       FindClose
 0001:00000C6C       FindCommitted
 0001:00039A7C       FindControl
 0001:00046200       FindControlAtPos
 0001:000137BC       FindCustomVariantType
 0001:00013874       FindCustomVariantType
 0001:0003B448       FindDragTarget
 0001:0001A6B0       FindExistingComponent
 0001:0000029C       FindFirstFile
 0001:00053540       FindGlobalComponent
 0001:000169D4       FindGlobalComponent
 0002:00002860       FindGlobalComponentProcs
 0001:0000480C       FindHInstance
 0001:0001687C       FindIdentToInt
 0002:00002A78       FindMsg
 0001:00019840       FindNestedComponent
 0001:0004BDA4       FindPopupControl
 0001:0000D194       FindProc
 0001:000057E8       FindResource
 0001:00004884       FindResourceHInstance
 0001:0005D0FC       FindScanline
 0001:00036250       FindString
 0001:00053498       FindTopMostWindow
 0001:0001B594       FindUniqueName
 0001:00013464       FindVarData
 0001:0003B414       FindVCLWindow
 0001:00005D60       FindWindow
 0001:00037268       FindWinHelp
 0001:00024754       FixupBitFields
 0002:00000D90       Flags
 0002:0000279C       FLanguages
 0001:0002967C       FlatSB
 0002:00002948       FlatSB_EnableScrollBar
 0002:00002954       FlatSB_GetScrollInfo
 0002:00002958       FlatSB_GetScrollPos
 0002:00002950       FlatSB_GetScrollRange
 0002:00002960       FlatSB_SetScrollInfo
 0002:0000295C       FlatSB_SetScrollPos
 0001:0002936C       FlatSB_SetScrollProp
 0002:00002964       FlatSB_SetScrollRange
 0002:0000294C       FlatSB_ShowScrollBar
 0001:00008884       FloatToDecimal
 0001:00008BC4       FloatToStr
 0001:00008C24       FloatToStrF
 0001:000085B0       FloatToText
 0001:00001D5C       Flush
 0002:00000188       FMSecsPerDay
 0001:000084AC       FmtStr
 0002:00000DAC       FocusCount
 0002:00000DA8       FocusMessages
 0002:0000069C       FontCharsets
 0002:000028D8       FontManager
 0001:00053514       ForegroundTask
 0002:00EA8CF4       Form1
 0002:00002BF8       Form2
 0002:00002C00       Form3
 0002:00002C08       Form4
 0001:00008498       Format
 0002:00000190       Format
 0001:000080A0       FormatBuf
 0001:00008094       FormatClearStr
 0001:00008018       FormatError
 0002:0000016C       FormatErrorStrs
 0001:0006BED4       FormatLine
 0001:0006F0D8       FormatMessage
 0001:000057F0       FormatMessage
 0001:00008070       FormatVarToStr
 0001:0005D904       Forms
 0001:000623E8       ForwardMovement
 0001:000022C0       FPower10
 0002:000007D8       FPrinter
 0001:00005D68       FrameRect
 0001:0000C6F0       FreeAndNil
 0001:000009D8       FreeCommitted
 0001:00000EF8       FreeCurAlloc
 0001:0003B508       FreeDeviceContext
 0001:0003B5C4       FreeDeviceContexts
 0001:0001D900       FreeIntConstList
 0001:00069370       FreeItem
 0001:000057F8       FreeLibrary
 0001:000002A4       FreeLibrary
 0001:000242B0       FreeMemoryContexts
 0001:0001DA34       FreeObjectInstance
 0001:00005808       FreeResource
 0001:00000658       FreeSpace
 0001:0000C25C       FreeTerminateProcs
 0001:00029830       FreeThemeLibrary
 0002:00002AEC       FRichEditModule
 0001:000212AC       GDICheck
 0001:00021204       GDIError
 0001:00005A60       GdiFlush
 0001:0000197C       Get8087CW
 0001:00005810       GetACP
 0001:00005D70       GetActiveWindow
 0001:0005AD40       GetAnimation
 0001:00005A68       GetBitmapBits
 0001:000003D8       GetBlockDesc
 0001:00005A70       GetBrushOrgEx
 0001:00005D78       GetCapture
 0001:00039D44       GetCaptureControl
 0001:00005D80       GetCaretPos
 0001:00016594       GetClass
 0001:00005D88       GetClassInfo
 0001:00005D90       GetClassName
 0001:00005D98       GetClientRect
 0001:00005DA0       GetClipboardData
 0001:00022DAC       GetClipboardFormats
 0001:00005A78       GetClipBox
 0001:00000374       GetCmdShow
 0001:00049904       GetColor
 0001:0002D8A8       GetComCtlVersion
 0001:000002AC       GetCommandLine
 0001:00000824       GetCommitted
 0001:000008B4       GetCommittedAt
 0001:00040BB8       GetControlAtPos
 0001:00009158       GetCount
 0001:00005818       GetCPInfo
 0001:00005A80       GetCurrentPositionEx
 0001:00005820       GetCurrentProcessId
 0002:00002A2C       GetCurrentThemeName
 0001:00000364       GetCurrentThreadId
 0001:00005828       GetCurrentThreadId
 0001:00006194       GetCurrentTime
 0001:00005DA8       GetCursor
 0001:0005D10C       GetCursorHeightMargin
 0001:00005DB0       GetCursorPos
 0001:00009184       GetDate
 0001:00005830       GetDateFormat
 0001:00009E0C       GetDateOrder
 0001:00005DB8       GetDC
 0001:00005DC0       GetDCEx
 0001:00005A88       GetDCOrgEx
 0001:00026FFC       GetDefFontCharSet
 0001:00005DC8       GetDesktopWindow
 0001:00005AA0       GetDeviceCaps
 0001:0002220C       GetDIB
 0001:00005A90       GetDIBColorTable
 0001:00005A98       GetDIBits
 0001:00022154       GetDIBSizes
 0001:0002141C       GetDInColors
 0001:00005838       GetDiskFreeSpaceA
 0002:0000013C       GetDiskFreeSpaceEx
 0001:000474B8       GetDockAlign
 0001:0003A6EC       GetDockSiteAtPos
 0001:00005DD0       GetDoubleClickTime
 0001:0003AA18       GetDropCtl
 0001:00002940       GetDynaMethod
 0001:00005AA8       GetEnhMetaFileBits
 0001:00005AB0       GetEnhMetaFileHeader
 0001:00005AB8       GetEnhMetaFilePaletteEntries
 0001:00013C20       GetEnumNameValue
 0001:00013C6C       GetEnumValue
 0001:0000A850       GetEraNamesAndYearOffsets
 0001:00009EA0       GetEraYearOffset
 0001:0000B180       GetExceptionClass
 0001:0000B364       GetExceptionObject
 0001:0001651C       GetFieldClassTable
 0001:00022D8C       GetFileFormats
 0001:00000234       GetFileSize
 0001:0000022C       GetFileType
 0001:0000B5D4       GetFileVersion
 0001:00005998       GetFileVersionInfo
 0001:000059A0       GetFileVersionInfoSize
 0001:00005DD8       GetFocus
 0001:0001FAA8       GetFontData
 0001:00005DE0       GetForegroundWindow
 0001:0000BE14       GetFormatSettings
 0001:00005840       GetFullPathName
 0001:0001F014       GetHashCode
 0001:000582B8       GetHelpInfo
 0001:00028740       GetHelpSystem
 0001:0005AB24       GetHint
 0001:0005AB5C       GetHintControl
 0001:00051258       GetHotkey
 0001:00005DE8       GetIconInfo
 0001:00005E00       GetKeyboardLayout
 0001:00005E08       GetKeyboardLayoutList
 0001:00005E10       GetKeyboardState
 0001:000025AC       GetKeyboardType
 0001:00005DF0       GetKeyNameText
 0001:00005DF8       GetKeyState
 0001:00005E18       GetLastActivePopup
 0001:00045780       GetLastChildZone
 0001:00005848       GetLastError
 0001:000002B4       GetLastError
 0001:0000A614       GetLocaleChar
 0001:000002BC       GetLocaleInfo
 0001:00005858       GetLocaleInfo
 0001:0000A5C8       GetLocaleStr
 0001:00005850       GetLocalTime
 0001:00039D00       GetLongHint
 0001:00005E20       GetMenu
 0001:00058240       GetMenuHelpContext
 0001:00005E28       GetMenuItemCount
 0001:00005E30       GetMenuItemID
 0001:00005E38       GetMenuItemInfo
 0001:0004E3A8       GetMenuSize
 0001:00005E40       GetMenuState
 0001:00005E48       GetMenuString
 0001:00005E50       GetMessageTime
 0001:000002C4       GetModuleFileName
 0001:00005860       GetModuleFileName
 0001:00005868       GetModuleHandle
 0001:000002CC       GetModuleHandle
 0001:0000550C       GetModuleHandle
 0002:00002910       GetMonitorInfo
 0002:00002914       GetMonitorInfoA
 0002:00002918       GetMonitorInfoW
 0001:0000A678       GetMonthDayNames
 0001:00005E58       GetNextWindow
 0001:00005AC0       GetObject
 0001:00013D40       GetOrdProp
 0001:00005AC8       GetPaletteEntries
 0001:00005E60       GetParent
 0001:0005370C       GetParentForm
 0001:00005AD0       GetPixel
 0001:00005870       GetProcAddress
 0001:000002D4       GetProcAddress
 0001:00005E68       GetProp
 0001:00013CD0       GetPropInfo
 0001:00053BCC       GetRealScrollPosition
 0001:000498E4       GetRGBColor
 0001:00005E70       GetScrollInfo
 0001:00005E78       GetScrollPos
 0001:00005E80       GetScrollRange
 0001:00039CBC       GetShortHint
 0001:0000057C       GetSpace
 0001:000005E0       GetSpaceAt
 0001:0004BE34       GetSpecialName
 0001:000002DC       GetStartupInfo
 0001:00005878       GetStdHandle
 0001:0000023C       GetStdHandle
 0001:00005AD8       GetStockObject
 0001:00005880       GetStringTypeEx
 0001:00005E88       GetSubMenu
 0001:00005E90       GetSysColor
 0001:00005E98       GetSysColorBrush
 0001:00005888       GetSystemInfo
 0001:00005EA0       GetSystemMenu
 0001:00005EA8       GetSystemMetrics
 0002:00002900       GetSystemMetrics
 0001:00005AE0       GetSystemPaletteEntries
 0001:00005AE8       GetTextExtentPoint32
 0001:00005AF0       GetTextMetrics
 0002:00002A24       GetThemeAppProperties
 0002:00002990       GetThemeBackgroundContentRect
 0002:00002994       GetThemeBackgroundExtent
 0002:000029A4       GetThemeBackgroundRegion
 0002:000029C8       GetThemeBool
 0002:000029BC       GetThemeColor
 0002:00002A30       GetThemeDocumentationProperty
 0002:000029D0       GetThemeEnumValue
 0002:000029F0       GetThemeFilename
 0002:000029D8       GetThemeFont
 0002:000029CC       GetThemeInt
 0002:000029E4       GetThemeIntList
 0002:000029E0       GetThemeMargins
 0002:000029C0       GetThemeMetric
 0002:00002998       GetThemePartSize
 0002:000029D4       GetThemePosition
 0002:000029E8       GetThemePropertyOrigin
 0002:000029DC       GetThemeRect
 0002:000029C4       GetThemeString
 0002:000029FC       GetThemeSysBool
 0002:000029F4       GetThemeSysColor
 0002:000029F8       GetThemeSysColorBrush
 0002:00002A04       GetThemeSysFont
 0002:00002A0C       GetThemeSysInt
 0002:00002A00       GetThemeSysSize
 0002:00002A08       GetThemeSysString
 0002:0000299C       GetThemeTextExtent
 0002:000029A0       GetThemeTextMetrics
 0001:000002E4       GetThreadLocale
 0001:00005890       GetThreadLocale
 0001:00005898       GetTickCount
 0001:000091BC       GetTime
 0001:00005538       GetTlsSize
 0001:0005B2F0       GetTopMostWindows
 0001:00039E4C       GetTopParent
 0001:00005EB0       GetTopWindow
 0001:00013C14       GetTypeData
 0001:0000036C       GetVersion
 0001:000058A0       GetVersion
 0001:000058A8       GetVersionEx
 0001:00005EB8       GetWindow
 0001:00005EC0       GetWindowDC
 0001:00005EC8       GetWindowLong
 0001:00005B00       GetWindowOrgEx
 0001:00005ED0       GetWindowPlacement
 0001:00005ED8       GetWindowRect
 0001:00005EE0       GetWindowText
 0002:00002A18       GetWindowTheme
 0001:00005EE8       GetWindowThreadProcessId
 0001:00005EF0       GetWindowThreadProcessId
 0001:00005AF8       GetWinMetaFileBits
 0001:000058B0       GlobalAddAtom
 0001:000058B8       GlobalAlloc
 0001:000061A0       GlobalAllocPtr
 0001:000058C0       GlobalDeleteAtom
 0001:000058C8       GlobalFindAtom
 0002:00002864       GlobalFixupList
 0001:00019988       GlobalFixupReferences
 0001:000058D0       GlobalFree
 0001:000061CC       GlobalFreePtr
 0001:000058E0       GlobalHandle
 0001:000058D8       GlobalLock
 0002:00002848       GlobalNameSpace
 0001:000058E8       GlobalReAlloc
 0001:000061B0       GlobalReAllocPtr
 0001:000058F0       GlobalUnlock
 0002:00EA8D00       Graph
 0001:000274C0       Graphics
 0002:00EA8CEC       GraphSet
 0001:00061D3C       GridRect
 0001:0006ACFC       Grids
 0002:00002C0C       GridScale
 0001:00016710       GroupDescendentsWith
 0001:0000E068       HandleConversionException
 0001:000584C0       HandleEdge
 0001:0001ADEC       HandleException
 0002:00000024       HeapAllocFlags
 0002:000025C4       heapErrorCode
 0002:000025C8       heapLock
 0001:000292E8       HelpIntfs
 0002:0000293C       HelpManager
 0002:00002A74       HelpMsg
 0002:00002B10       HelpViewer
 0002:00002B14       HelpViewerIntf
 0002:00000138       HexDisplayPrefix
 0002:00000AEC       HideSelections
 0001:00047534       HideZone
 0002:00002664       HInstance
 0002:00002BCC       HintDoneEvent
 0001:0005AC2C       HintGetMsgHook
 0002:00002BD0       HintHook
 0001:0005ABD0       HintMouseThread
 0002:00002BD4       HintThread
 0002:00002BC8       HintThreadID
 0001:0005AB7C       HintTimerProc
 0002:00000DA0       HintWindowClass
 0002:000029A8       HitTestThemeBackground
 0001:0005AC70       HookHintHooks
 0001:000062FC       HwndMSWheel
 0002:00000D34       IBreaks
 0002:00000D40       IChecks
 0002:00000D48       IDefaults
 0001:0001FA98       IdentToCharset
 0001:0001F890       IdentToColor
 0001:00039CAC       IdentToCursor
 0001:000168F8       IdentToInt
 0002:00000D50       IEnables
 0001:0004F14C       IfHotkeyAvailable
 0002:00002BA4       ImageListWriteExProc
 0001:00027A5C       ImageList_Add
 0001:00027A7C       ImageList_AddIcon
 0001:00027AA0       ImageList_BeginDrag
 0001:00027A44       ImageList_Create
 0001:00027A4C       ImageList_Destroy
 0001:00027AB0       ImageList_DragEnter
 0001:00027AB8       ImageList_DragLeave
 0001:00027AC0       ImageList_DragMove
 0001:00027AD0       ImageList_DragShowNolock
 0001:00027A88       ImageList_Draw
 0001:00027A90       ImageList_DrawEx
 0001:00027AA8       ImageList_EndDrag
 0001:00027A74       ImageList_GetBkColor
 0001:00027AD8       ImageList_GetDragImage
 0001:00027AF0       ImageList_GetIconSize
 0001:00027A54       ImageList_GetImageCount
 0001:00027AE0       ImageList_Read
 0001:00027A98       ImageList_Remove
 0001:00027A64       ImageList_ReplaceIcon
 0001:00027A6C       ImageList_SetBkColor
 0001:00027AC8       ImageList_SetDragCursorImage
 0001:00027AF8       ImageList_SetIconSize
 0001:00027AE8       ImageList_Write
 0002:00000CA4       Images
 0001:0004AE6C       ImgList
 0001:000282F0       Imm
 0002:00000C88       IMM32DLL
 0001:00048124       Imm32GetContext
 0001:00048180       Imm32IsIME
 0001:00048138       Imm32ReleaseContext
 0001:00048168       Imm32SetCompositionFont
 0001:00048150       Imm32SetCompositionWindow
 0002:0000018C       IMSecsPerDay
 0001:0000E3F4       InBounds
 0001:0000E154       InBounds
 0001:00061DDC       Includes
 0001:0000E184       Increment
 0001:0000E424       Increment
 0001:00005EF8       InflateRect
 0001:0002C5A4       IniFiles
 0001:00000A64       InitAllocator
 0001:00027B38       InitAnApi
 0002:00002928       InitApis
 0001:000279B0       InitComCtl
 0001:0002D87C       InitCommonControl
 0001:000279A8       InitCommonControls
 0001:00027A10       InitCommonControlsEx
 0001:00016BA0       InitComponent
 0002:00002634       InitContext
 0001:0004821C       InitControls
 0001:0006F3A8       InitDecompressor
 0001:000703F8       InitDefaults
 0001:00027040       InitDefFontData
 0001:0000C27C       InitDriveSpacePtr
 0001:0000B440       InitExceptions
 0001:000293C8       InitFlatSB
 0001:0002A864       InitGlobals
 0001:0002200C       InitializeBitmapInfoHeader
 0001:000058F8       InitializeCriticalSection
 0001:000003B8       InitializeCriticalSection
 0002:000025C0       initialized
 0001:000293A0       InitializeFlatSB
 0001:000055C4       InitializeModule
 0001:0000D1C0       InitializeVarUtils
 0001:00047DC4       InitIMM32
 0001:00016C48       InitInheritedComponent
 0001:0000BC28       InitLeadBytes
 0001:00028214       InitMultiMonStubs
 0001:0000B544       InitPlatformId
 0002:00002040       InitProc
 0001:0005D81C       InitProcs
 0001:00026FC4       InitScreenLogPixels
 0001:0000BCA0       InitSysLocale
 0001:000299F0       InitThemeLibrary
 0001:0001C6F8       InitThreadSynchronization
 0001:00005540       InitThreadTLS
 0001:000031AC       InitUnits
 0001:00039990       InitWndProc
 0002:00000C28       InnerStyles
 0002:0000204C       Input
 0001:0003F3F4       InsertBefore
 0001:0005A654       InsertBefore
 0001:00000E70       InsertFree
 0001:0004F200       InsertHotkeyFarEastFormat
 0001:00005F00       InsertMenu
 0001:00005F08       InsertMenuItem
 0001:0006D194       InsertOK
 0002:00002880       InstBlockList
 0002:00002884       InstFreeList
 0001:00012A38       Int64Compare
 0001:00012A24       IntCompare
 0002:00002858       IntConstList
 0002:00000B30       IntegralHeights
 0001:0000C2E4       InterlockedDecrement
 0001:0000035C       InterlockedDecrement
 0001:0000C2F0       InterlockedExchange
 0001:00005800       InterlockedExchange
 0001:0000C2F8       InterlockedExchangeAdd
 0001:00000354       InterlockedIncrement
 0001:0000C2D8       InterlockedIncrement
 0001:00001AD0       InternalClose
 0001:0001EFA0       InternalDeletePalette
 0001:00001D14       InternalFlush
 0001:00000CCC       InternalFreeMem
 0001:0002215C       InternalGetDIB
 0001:000220F0       InternalGetDIBSizes
 0001:00016A38       InternalReadComponentRes
 0002:00002AF8       InternalServices
 0001:00003990       InternalUniqueString
 0001:00005B08       IntersectClipRect
 0001:00005F10       IntersectRect
 0001:000275E8       IntPower
 0001:00007894       IntToHex
 0001:00016938       IntToIdent
 0001:00007780       IntToStr
 0001:0000786C       IntToStr
 0001:00005F18       InvalidateRect
 0001:0002118C       InvalidBitmap
 0001:00021174       InvalidGraphic
 0001:00021198       InvalidIcon
 0001:000211A4       InvalidMetafile
 0001:00061D24       InvalidOp
 0001:0006F044       InvalidOperation
 0001:0002115C       InvalidOperation
 0001:00015AA4       InvalidPoint
 0002:00002798       InvalidPointer
 0001:000027F8       InvokeImplGetter
 0001:00001900       IOResult
 0002:00000D70       IOwnerDraw
 0002:00000D58       IRadios
 0002:00000D68       IRTL
 0001:0005369C       IsAccel
 0001:000503B0       IsAccelChar
 0002:00002A14       IsAppThemed
 0001:0003A4A4       IsBeforeTargetWindow
 0001:00005F20       IsCharAlpha
 0001:00005F28       IsCharAlphaNumeric
 0001:00005F30       IsChild
 0001:0002E6CC       IsClass
 0002:00002048       IsConsole
 0001:0003A900       IsDelphiHandle
 0001:00005F38       IsDialogMessage
 0002:00000D60       ISeparators
 0001:00005F40       IsIconic
 0001:0005040C       IsInitialChar
 0001:0005FBFC       IsKatakana
 0001:00008DFC       IsLeapYear
 0002:00002034       IsLibrary
 0001:0005DF90       IsLiteralChar
 0002:00002049       IsMultiThread
 0001:000451E4       IsOrientationSet
 0001:00005F48       IsRectEmpty
 0001:0003A6A8       IsSiteChildOfClient
 0002:00002A10       IsThemeActive
 0002:000029B8       IsThemeBackgroundPartiallyTransparent
 0002:00002A20       IsThemeDialogTextureEnabled
 0002:000029B4       IsThemePartDefined
 0001:00016A14       IsUniqueGlobalComponentName
 0002:0000284C       IsUniqueGlobalComponentNameProc
 0001:000076D0       IsValidIdent
 0001:0000BC88       IsWesternGroup
 0001:00005F50       IsWindow
 0001:00005F58       IsWindowEnabled
 0001:00005F60       IsWindowVisible
 0001:00005F68       IsZoomed
 0001:0004C200       Iterate
 0001:0004C260       IterateMenus
 0001:0006EE08       JConsts
 0002:0000002C       JITEnable
 0001:0008214C       jpeg
 0002:00000ED4       JPEGDefaults
 0001:0006F05C       JpegError
 0001:0007204C       jpeg_calc_output_dimensions
 0001:0007076C       jpeg_consume_input
 0001:0007C984       jpeg_CreateCompress
 0001:00070438       jpeg_CreateDecompress
 0001:0007BC38       jpeg_destroy
 0001:00070508       jpeg_destroy_decompress
 0001:0007CAA4       jpeg_finish_compress
 0001:00070880       jpeg_finish_decompress
 0001:00071F34       jpeg_finish_output
 0001:0007084C       jpeg_has_multiple_scans
 0001:00070700       jpeg_read_header
 0001:00071D98       jpeg_read_scanlines
 0001:0007BA7C       jpeg_save_markers
 0001:0007C124       jpeg_set_colorspace
 0001:0007BFB0       jpeg_set_defaults
 0001:0007BEB4       jpeg_set_quality
 0001:0007C58C       jpeg_simple_progression
 0001:0007C7A4       jpeg_start_compress
 0001:00071C10       jpeg_start_decompress
 0001:00071ED4       jpeg_start_output
 0001:0007BD58       jpeg_stdio_dest
 0001:00071BA4       jpeg_stdio_src
 0002:00000EDC       jpeg_std_error
 0001:0007C818       jpeg_write_scanlines
 0001:00053650       KeyboardStateToShiftState
 0001:00053614       KeyDataToShiftState
 0001:000535C0       KeysToShiftState
 0001:000621D0       KillMessage
 0001:00005F70       KillTimer
 0001:00007C50       LastDelimiter
 0001:0000BBB4       LCIDToCodePage
 0001:00005370       LCIDToCodePage
 0002:00000118       LeadBytes
 0001:000003C8       LeaveCriticalSection
 0001:00005900       LeaveCriticalSection
 0001:000624CC       LeftSide
 0002:00000038       LibModuleList
 0001:00064EFC       LinePos
 0001:00005B10       LineTo
 0001:0002C708       ListActns
 0001:0003B490       ListAdd
 0001:0003B4B8       ListRemove
 0002:0000274E       ListSeparator
 0001:00005F78       LoadBitmap
 0001:00005F80       LoadCursor
 0001:00005F88       LoadIcon
 0001:00005F90       LoadKeyboardLayout
 0001:00005908       LoadLibrary
 0001:000002EC       LoadLibraryEx
 0001:00005910       LoadResource
 0001:00004A78       LoadResourceModule
 0001:00005318       LoadResString
 0001:00005F98       LoadString
 0001:000002F4       LoadString
 0001:00005514       LocalAlloc
 0001:00000398       LocalAlloc
 0002:00EA8CF0       locale
 0001:000003A0       LocalFree
 0001:0000A63C       LocalGetLocaleStr
 0002:00002A48       Lock
 0001:00005918       LockResource
 0002:00002690       LongDateFormat
 0002:00002724       LongDayNames
 0002:000026D8       LongMonthNames
 0001:000621C8       LongMulDiv
 0002:000026A4       LongTimeFormat
 0001:0000746C       LowerCase
 0001:00005990       lstrcpy
 0001:000002FC       lstrcpyn
 0002:00002820       LVarTypes
 0002:00002824       LVarTypeSync
 0002:0000202C       MainInstance
 0002:00002030       MainThreadID
 0001:00000428       MakeEmpty
 0001:000032BC       MakeErrorMessage
 0002:00000C74       MakeLast
 0001:00006188       MakeLong
 0001:0000623C       MakeLParam
 0001:0001D99C       MakeObjectInstance
 0001:000061E0       MakeROP4
 0001:000685E4       MakeSec
 0001:00006234       MakeWParam
 0001:0000B100       MapException
 0001:0002C678       Mapi
 0002:00000A04       MAPIDLL
 0002:00000A08       MAPIModule
 0001:00002FC4       MapToRunError
 0001:00005FA0       MapVirtualKey
 0001:00005FA8       MapWindowPoints
 0001:00060460       Mask
 0002:00000CAC       Mask
 0001:00005B18       MaskBlt
 0001:0005DB48       MaskDoFormatText
 0002:00000EC0       MaskFieldSeparator
 0001:0005D958       MaskGetCharType
 0001:0005DAAC       MaskGetCurrentDirectives
 0001:0005DDE8       MaskGetMaskBlank
 0001:0005DD64       MaskGetMaskSave
 0001:0005DB28       MaskIntlLiteralToChar
 0002:00000EC4       MaskNoSave
 0001:0005DEE0       MaskOffsetToOffset
 0001:0005DE54       MaskOffsetToString
 0001:0005E358       MaskUtils
 0001:000276E8       Math
 0001:0006E204       MatrixAdd
 0001:0006E468       MatrixAdj
 0001:0006EDB8       MatrixAlg
 0001:0006E340       MatrixInverse
 0001:0006E940       MatrixMult
 0001:0006EC54       MatrixMultReal
 0001:0006E0C8       MatrixSub
 0001:000276B0       Max
 0001:00065220       Max
 0001:00055F54       MaximizedChildren
 0002:00000040       MemoryManager
 0002:00000CC8       MenuKeyCaps
 0001:00051428       Menus
 0001:00000478       MergeBlockAfter
 0001:00000F44       MergeCommit
 0001:00005FB0       MessageBeep
 0001:0000028C       MessageBox
 0001:00005FB8       MessageBox
 0001:0000645C       Messages
 0001:000651F8       Min
 0001:00027670       Min
 0001:000172AC       Min
 0001:00027668       Min
 0001:0006484C       MinRedraw
 0001:0003ED3C       MinVar
 0002:00002930       MMAvailable
 0002:00000C8C       ModeMap
 0001:00062030       ModifyExtents
 0001:00065428       ModifyPixelScrollBar
 0001:00057C4C       ModifySystemMenu
 0002:000000B0       Module
 0002:00002661       ModuleIsCpp
 0002:00002660       ModuleIsLib
 0001:0001D96C       ModuleUnload
 0002:0000003C       ModuleUnloadList
 0002:0000290C       MonitorFromPoint
 0002:00002908       MonitorFromRect
 0002:00002904       MonitorFromWindow
 0002:000000E8       MonthDays
 0002:00002B18       Mouse
 0002:00002C10       MouseState
 0002:00EA8D04       MouseState
 0001:00001920       Move
 0001:00069410       MoveColData
 0001:0006213C       MoveExtent
 0001:00005B20       MoveToEx
 0001:0003B4D8       MoveWindowOrg
 0001:00005920       MulDiv
 0001:0000030C       MultiByteToWideChar
 0002:00000B38       MultiColumns
 0001:0005D2C0       MultiLineWidth
 0001:000282B0       MultiMon
 0002:00000B20       MultiSelects
 0002:00002685       NegCurrFormat
 0001:00000FD0       NewCommit
 0001:00000FFC       NewCommitAt
 0001:000683AC       NewStrItem
 0002:00002B1C       NewStyleControls
 0001:0000B9AC       NextCharIndex
 0001:000451C8       NextVisibleZone
 0002:00000494       NilMethod
 0002:00000030       NoErrMsg
 0001:0004D014       NormalDraw
 0001:00002B7C       NotifyAnyExcept
 0001:00002B50       NotifyExcept
 0001:00002BB0       NotifyExceptFinally
 0001:00016B14       NotifyGlobalLoading
 0001:00004D78       NotifyModuleUnload
 0001:00002B2C       NotifyNonDelphiException
 0001:00002B68       NotifyOnExcept
 0001:00002B10       NotifyReRaise
 0001:00002BD8       NotifyTerminate
 0001:00002BF4       NotifyUnhandled
 0001:0004FD8C       NthParentOf
 0001:0001395C       Null
 0002:00000330       NullAsStringValue
 0001:0001293C       NullCompare
 0002:00000324       NullEqualityRule
 0002:00000328       NullMagnitudeRule
 0002:0000032C       NullStrictConvert
 0002:00EA8D08       ObjectClicked
 0001:00039A48       ObjectFromHWnd
 0002:00000AF4       OEMConverts
 0001:00005FC0       OemToAnsi
 0001:00005FC8       OffsetRect
 0001:0005DF34       OffsetToMaskOffset
 0001:00005FD0       OpenClipboard
 0001:000019F0       OpenText
 0002:00002980       OpenThemeData
 0002:00000C6C       OrientArray
 0002:00000A24       OrientationStyle
 0002:00000C38       OuterStyles
 0002:00002794       OutOfMemory
 0001:000211B0       OutOfResources
 0002:00002218       Output
 0001:0006F0D4       OutputMessage
 0002:00000334       PackVarCreation
 0001:0005E150       PadInputLiterals
 0001:0005DFB8       PadSubField
 0001:0006529C       PageDown
 0001:0006523C       PageUp
 0001:00035DC0       PaintListBox
 0002:00000798       Pal16
 0001:0001F384       PaletteChanged
 0001:0002199C       PaletteFromDIBColorTable
 0001:00021A40       PaletteToDIBColorTable
 0002:00000794       PalSize
 0001:000623A0       ParentEvent
 0001:000455AC       ParentNotLast
 0002:00000AD0       Passwords
 0001:00005B28       PatBlt
 0002:000028E8       PatternManager
 0001:00005FD8       PeekMessage
 0002:000028DC       PenManager
 0002:0000075C       PenModes
 0002:0000073C       PenStyles
 0001:00005B30       PlayEnhMetaFile
 0001:00015A2C       Point
 0001:00005668       Point
 0001:00015E64       PointerInModule
 0001:00061DA4       PointInGridRect
 0001:000405D8       PointsEqual
 0001:0000621C       PointToSmallPoint
 0001:00005B40       Polyline
 0001:00005B38       PolyPolyline
 0002:00002BA8       PopupList
 0001:00005FE0       PostMessage
 0001:00005FE8       PostQuitMessage
 0001:00029364       Printers
 0001:00059360       ProcessExecute
 0001:000538CC       ProcessHorz
 0001:00059460       ProcessUpdate
 0001:00053938       ProcessVert
 0001:0006F290       ProgressCallback
 0001:0008E098       Project1
 0001:00019C84       PropertyNotFound
 0001:0001AEEC       PropPathError
 0002:00000DD0       Props
 0001:00019C78       PropValueError
 0001:00061DC0       PtInRect
 0001:00005FF0       PtInRect
 0002:000000AC       PtrToNil
 0001:0000856C       PutExponent
 0002:00002B60       QualifyingSites
 0001:000275BC       RadToDeg
 0001:0000B0BC       RaiseAssertException
 0001:00000244       RaiseException
 0001:00018C98       RaiseException
 0002:00002014       RaiseExceptionProc
 0001:0000C194       RaiseLastOSError
 0001:0004631C       ReadControlName
 0001:0001C12C       ReadCustomVariant
 0001:00019C60       ReadError
 0001:0000024C       ReadFile
 0001:00005928       ReadFile
 0001:00021CEC       ReadIcon
 0002:00000AD8       ReadOnlys
 0001:00012A74       RealCompare
 0001:00005B48       RealizePalette
 0001:0001A4A0       Recover
 0001:00015A54       Rect
 0001:0000564C       Rect
 0001:00005B58       Rectangle
 0001:00005B50       RectVisible
 0001:00005FF8       RedrawWindow
 0002:00002818       RefAnyProc
 0002:00002A44       ReferenceCount
 0001:00005790       RegCloseKey
 0001:00000314       RegCloseKey
 0002:0000285C       RegGroups
 0001:00006000       RegisterClass
 0001:00016608       RegisterClass
 0001:00006008       RegisterClipboardFormat
 0001:0003A848       RegisterDockSite
 0001:0001697C       RegisterFindGlobalComponentProc
 0001:00016850       RegisterIntegerConsts
 0001:00004DD4       RegisterModule
 0001:000286BC       RegisterViewer
 0001:00006010       RegisterWindowMessage
 0001:0002C60C       Registry
 0001:0000031C       RegOpenKeyEx
 0001:00005798       RegOpenKeyEx
 0001:000057A0       RegQueryValueEx
 0001:00000324       RegQueryValueEx
 0001:0002A2C4       RegStr
 0001:00006018       ReleaseCapture
 0001:0006F384       ReleaseContext
 0001:00006020       ReleaseDC
 0002:0000004C       reMap
 0002:00002618       remBytes
 0001:000004E8       RemoveBlock
 0002:00000470       RemoveDataModule
 0001:00019B30       RemoveFixupReferences
 0001:00019BDC       RemoveFixups
 0001:00019ED4       RemoveGlobalFixup
 0001:00006028       RemoveMenu
 0001:00004D18       RemoveModuleUnloadProc
 0001:00004CF0       RemoveModuleUnloadProc
 0001:00006030       RemoveProp
 0001:0006F0DC       ResetErrorMgr
 0001:00005930       ResetEvent
 0001:0001C744       ResetSyncEvent
 0001:00001484       ResizeInPlace
 0001:00066E14       ResizeLine
 0001:00005B60       RestoreDC
 0001:0005326C       RestoreFocusState
 0001:0006CF20       RestoreInplaceEditor
 0001:000663F8       Restrict
 0002:00002C2C       resultUC
 0001:00016DD8       ReturnAddr
 0001:0004BDD4       ReturnAddr
 0001:00017A58       ReturnAddr
 0001:000061EC       RGB
 0001:0002171C       RGBQuadToTriple
 0001:000216E4       RGBTripleToQuad
 0001:0002A21C       RichEdit
 0001:00062474       RightSide
 0002:00002B30       RM_GetObjectInstance
 0002:00002BC4       RM_TaskbarCreated
 0002:00002614       rover
 0002:00000A0C       RTFConversionFormat
 0001:00013BE0       RTLConsts
 0001:00000254       RtlUnwind
 0002:00002018       RTLUnwindProc
 0002:00000078       runErrMsg
 0001:00001828       RunErrorAt
 0001:0000D174       SafeArrayCreate
 0001:0000D17C       SafeArrayGetLBound
 0001:0000D184       SafeArrayGetUBound
 0001:0000D18C       SafeArrayPtrOfIndex
 0001:0000C7BC       SafeLoadLibrary
 0001:0000754C       SameText
 0001:00005B68       SaveDC
 0001:00053264       SaveFocusState
 0001:00009C90       ScanBlanks
 0001:00009DD4       ScanChar
 0001:00009F50       ScanDate
 0001:00009CB4       ScanNumber
 0001:00009D48       ScanString
 0001:0000A294       ScanTime
 0001:00009E58       ScanToNumber
 0002:00002BBC       Screen
 0002:00002894       ScreenLogPixels
 0001:00006038       ScreenToClient
 0001:00065F7C       ScrollBarVisible
 0001:00053A84       ScrollBarVisible
 0001:00006040       ScrollWindow
 0001:00006048       ScrollWindowEx
 0001:00001030       SearchSmallBlocks
 0001:00005B70       SelectClipRgn
 0001:00062414       Selection
 0001:00005B78       SelectObject
 0001:00005B80       SelectPalette
 0001:00039AD8       SendAppMessage
 0001:000534D4       SendFocusMessage
 0001:00006050       SendMessage
 0001:0006236C       SendToParent
 0002:00000D2C       Separators
 0001:0000196C       Set8087CW
 0001:00006058       SetActiveWindow
 0001:0005AD70       SetAnimation
 0001:00066064       SetAxisRange
 0001:00005B88       SetBkColor
 0001:00005B90       SetBkMode
 0001:00005B98       SetBrushOrgEx
 0001:00006060       SetCapture
 0001:00039D6C       SetCaptureControl
 0001:00006068       SetClassLong
 0001:000134E8       SetClearVarToEmptyParam
 0001:00006070       SetClipboardData
 0001:0006C278       SetColumnTitles
 0001:0001A610       SetCompName
 0001:00006078       SetCursor
 0001:00005BA0       SetDIBColorTable
 0001:00005938       SetEndOfFile
 0001:0000025C       SetEndOfFile
 0001:00005BA8       SetEnhMetaFileBits
 0001:00005940       SetErrorMode
 0001:00005948       SetEvent
 0001:00003104       SetExceptionHandler
 0001:00000264       SetFilePointer
 0001:00005950       SetFilePointer
 0001:00014044       SetFloatProp
 0001:00006080       SetFocus
 0001:00006088       SetForegroundWindow
 0001:000660E0       SetHorzRange
 0001:00048048       SetImeMode
 0001:000018AC       SetInOutRes
 0001:000142C8       SetInt64Prop
 0001:00014304       SetInterfaceProp
 0001:0001B1CC       SetInterfaceReference
 0001:0001B0E8       SetIntIdent
 0001:00006090       SetKeyboardState
 0002:00000DA4       SetLayeredWindowAttributes
 0001:00013EAC       SetLongStrProp
 0001:00005BB0       SetMapMode
 0001:00006098       SetMenu
 0001:000060A0       SetMenuItemInfo
 0001:00014290       SetMethodProp
 0001:0001B130       SetObjectIdent
 0001:00013DB4       SetOrdProp
 0001:000060A8       SetParent
 0001:00005BB8       SetPixel
 0001:000060B0       SetProp
 0001:000060B8       SetRect
 0001:00005BC0       SetROP2
 0001:0006D20C       SetRow
 0001:00065D8C       SetScroll
 0001:000060C0       SetScrollInfo
 0001:000060C8       SetScrollPos
 0001:000060D0       SetScrollRange
 0001:00013E10       SetShortStrProp
 0001:00013E64       SetShortStrPropAsLongStr
 0001:00005BC8       SetStretchBltMode
 0001:00013F44       SetStrProp
 0001:0001A418       SetSubComponentState
 0001:00005BD0       SetTextColor
 0002:00002A28       SetThemeAppProperties
 0001:00005958       SetThreadLocale
[...]
   761 0001:00085FE5   762 0001:00085FF0   763 0001:00086000   764 0001:0008600C
   763 0001:00086047   765 0001:0008604A   766 0001:0008605D   772 0001:00086068
   773 0001:0008608D   774 0001:00086094   775 0001:000860A9   776 0001:000860E4
   777 0001:00086106   778 0001:0008611E   779 0001:00086136   780 0001:00086164
   781 0001:0008617E   785 0001:00086195   786 0001:000861C4   787 0001:00086205
   789 0001:00086214   790 0001:0008622D   791 0001:0008625B   792 0001:00086289
   793 0001:00086294   794 0001:000862A0   795 0001:000862D2   796 0001:00086315
   793 0001:00086316   797 0001:00086319   798 0001:00086328   804 0001:00086334
   805 0001:00086359   806 0001:00086360   807 0001:00086375   808 0001:000863B0
   809 0001:000863D2   810 0001:000863EA   811 0001:00086402   812 0001:00086430
   813 0001:0008644A   814 0001:00086461   817 0001:000864A2   818 0001:000864CE
   819 0001:000864FC   820 0001:0008652A   821 0001:00086535   822 0001:0008655D
   823 0001:00086569   824 0001:000865AE   825 0001:000865DA   822 0001:000865DB
   827 0001:000865DE   828 0001:000865F1   834 0001:000865FC   845 0001:00086620
   846 0001:00086637   847 0001:0008664A   848 0001:00086658   849 0001:00086691
   850 0001:000866B8   851 0001:000866E8   852 0001:00086718   853 0001:00086722
   854 0001:0008674C   856 0001:00086758   857 0001:00086786   854 0001:00086787
   860 0001:0008678A   865 0001:00086794   866 0001:000867B9   867 0001:000867C0
   868 0001:000867D4   869 0001:000867EA   870 0001:00086825   871 0001:00086847
   872 0001:0008685F   873 0001:00086878   874 0001:000868A6   875 0001:000868C0
   877 0001:000868D7   878 0001:00086918   879 0001:00086931   880 0001:0008695F
   881 0001:0008698D   882 0001:00086998   883 0001:000869A4   884 0001:000869E9
   885 0001:00086A17   882 0001:00086A18   886 0001:00086A1B   887 0001:00086A2A
   933 0001:00086A34   934 0001:00086A92   935 0001:00086A9C   936 0001:00086ABC
   937 0001:00086ACF   938 0001:00086ADB   939 0001:00086B29   940 0001:00086B4F
   937 0001:00086B50   941 0001:00086B53   936 0001:00086B54   942 0001:00086B5D
   943 0001:00086B77   944 0001:00086B91   947 0001:00086BA8   948 0001:00086BB2
   949 0001:00086BD2   950 0001:00086BE5   951 0001:00086BF1   952 0001:00086C3F
   953 0001:00086C65   950 0001:00086C66   954 0001:00086C69   949 0001:00086C6A
   955 0001:00086C73   956 0001:00086C8D   957 0001:00086CA7   959 0001:00086CE3
   972 0001:00086D1C   973 0001:00086D28  1055 0001:00086D3F  1056 0001:00086D44
  1057 0001:00086D49  1058 0001:00086D80  1059 0001:00086DD0  1056 0001:00086DD1
  1059 0001:00086DDA  1055 0001:00086DDB  1060 0001:00086DE4  1061 0001:00086DEA
  1062 0001:00086E01  1063 0001:00086E1B  1064 0001:00086E1F  1065 0001:00086E3C
  1066 0001:00086E50  1067 0001:00086EA1  1068 0001:00086EB6  1069 0001:00086F0B
  1070 0001:00086F76  1065 0001:00086F77  1072 0001:00086F7E  1061 0001:00086F7F
  1073 0001:00086F8C  1074 0001:00086F95  1077 0001:00086F9F  1078 0001:00086FA4
  1079 0001:00086FA9  1080 0001:00086FE0  1081 0001:00087030  1078 0001:00087031
  1081 0001:0008703A  1077 0001:0008703B  1082 0001:00087044  1083 0001:0008704A
  1084 0001:00087061  1085 0001:0008707B  1086 0001:0008707F  1087 0001:0008709C
  1088 0001:000870B0  1089 0001:000870FD  1090 0001:00087172  1087 0001:00087173
  1092 0001:0008717A  1083 0001:0008717B  1093 0001:00087188  1094 0001:00087191
  1097 0001:0008719B  1098 0001:000871A0  1099 0001:000871A5  1100 0001:000871E4
  1101 0001:0008721D  1102 0001:0008724E  1103 0001:0008729E  1104 0001:000872EB
  1105 0001:00087338  1098 0001:00087339  1105 0001:00087342  1097 0001:00087343
  1106 0001:0008734C  1107 0001:00087355  1108 0001:0008735E  1109 0001:00087373
  1110 0001:0008737D  1111 0001:00087386  1112 0001:00087390  1113 0001:00087399
  1114 0001:000873B0  1115 0001:000873BF  1117 0001:000873CE  1118 0001:000873DE
  1119 0001:0008741A  1120 0001:00087442  1121 0001:0008746F  1122 0001:00087485
  1123 0001:00087495  1124 0001:000874A5  1126 0001:00087511  1127 0001:0008752B
  1129 0001:00087541  1132 0001:0008755B  1133 0001:000875BD  1134 0001:000875DB
  1136 0001:00087638  1138 0001:000876D2  1139 0001:00087712  1140 0001:0008776A
  1142 0001:000877C5  1143 0001:000877DF  1144 0001:000877EF  1145 0001:000877FF
  1146 0001:0008786F  1147 0001:0008788D  1149 0001:000878E8  1150 0001:00087902
  1151 0001:0008795D  1152 0001:0008799D  1154 0001:000879DD  1113 0001:000879DE
  1155 0001:000879EB  1164 0001:00087A18  1165 0001:00087A39  1166 0001:00087A4C
  1167 0001:00087A72  1168 0001:00087A7B  1169 0001:00087A81  1170 0001:00087A97
  1172 0001:00087AB1  1173 0001:00087AC7  1174 0001:00087AD6  1175 0001:00087B02
  1176 0001:00087B3A  1177 0001:00087B54  1178 0001:00087B7A  1180 0001:00087B9D
  1181 0001:00087BA1  1182 0001:00087BAA  1181 0001:00087BCC  1183 0001:00087BD0
  1184 0001:00087BD6  1185 0001:00087BDC  1186 0001:00087BF1  1187 0001:00087C0C
  1188 0001:00087C1F  1189 0001:00087C38  1193 0001:00087C4D  1173 0001:00087C50
  1194 0001:00087C59  1195 0001:00087C6B  1205 0001:00087C74  1206 0001:00087C88
  1208 0001:00087C90  1209 0001:00087C98  1210 0001:00087CA0  1211 0001:00087CBE
  1212 0001:00087CCA  1213 0001:00087CCE  1214 0001:00087CD3  1211 0001:00087CD6
  1215 0001:00087CD9  1216 0001:00087CF4  1217 0001:00087D08  1218 0001:00087D33
  1219 0001:00087D62  1220 0001:00087D76  1221 0001:00087D90  1222 0001:00087DA4
  1223 0001:00087DB8  1224 0001:00087DC4  1225 0001:00087DC8  1226 0001:00087DCD
  1223 0001:00087DD0  1227 0001:00087DD3  1228 0001:00087DF4  1230 0001:00087DFE
  1231 0001:00087E02  1232 0001:00087E06  1233 0001:00087E14  1234 0001:00087E17
  1235 0001:00087E27  1234 0001:00087E44  1236 0001:00087E47  1239 0001:00087E55
  1219 0001:00087E56  1240 0001:00087E60  1241 0001:00087E71  1243 0001:00087E8C
  1251 0001:00087E98  1252 0001:00087EAB  1253 0001:00087EBF  1254 0001:00087EC7
  1255 0001:00087ECB  1256 0001:00087ECF  1253 0001:00087ED5  1256 0001:00087ED9
  1252 0001:00087EE1  1257 0001:00087EE7  1258 0001:00087EFF  1259 0001:00087F13
  1260 0001:00087F2D  1261 0001:00087F43  1262 0001:00087F54  1275 0001:00087F60
  1278 0001:00087F86  1279 0001:00087F9B  1280 0001:00087FC0  1281 0001:00087FC6
  1282 0001:00087FDC  1283 0001:00087FF5  1284 0001:00088004  1285 0001:00088032
  1286 0001:00088034  1287 0001:00088044  1288 0001:00088048  1289 0001:0008807E
  1291 0001:0008809B  1292 0001:000880A3  1293 0001:000880C4  1294 0001:000880EA
  1295 0001:00088127  1296 0001:0008812B  1297 0001:00088143  1296 0001:00088166
  1298 0001:0008816A  1299 0001:00088174  1300 0001:0008818F  1301 0001:00088199
  1302 0001:000881B3  1303 0001:000881B9  1304 0001:000881C3  1305 0001:000881D5
  1307 0001:000881D7  1308 0001:000881F2  1312 0001:000881FB  1283 0001:000881FE
  1318 0001:00088207  1326 0001:00088210  1327 0001:0008821E  1328 0001:00088243
  1329 0001:00088254  1330 0001:00088284  1331 0001:000882A4  1332 0001:000882C2
  1333 0001:000882EA  1334 0001:0008830F  1335 0001:00088314  1336 0001:00088342
  1337 0001:0008836F  1338 0001:00088390  1335 0001:00088391  1339 0001:00088395
  1340 0001:0008839C  1341 0001:000883B6  1343 0001:000883C3  1346 0001:000883D2
  1328 0001:000883D6  1347 0001:000883E0  1351 0001:000883E8  1352 0001:000883EE
  1353 0001:000883F3  1352 0001:00088413  1355 0001:00088418  1356 0001:00088424
  1355 0001:00088449  1358 0001:0008844C  1359 0001:0008845C  1360 0001:00088477
  1361 0001:00088486  1362 0001:0008849C  1365 0001:000884E2  1366 0001:000884F9
  1367 0001:0008850D  1368 0001:00088525  1370 0001:0008856B  1358 0001:0008856C
  1371 0001:00088573  1402 0001:00088578  1403 0001:0008859C  1404 0001:000885A1
  1405 0001:000885A6  1404 0001:000885EF  1405 0001:000885F4  1403 0001:000885F5
  1406 0001:000885FA  1407 0001:00088617  1408 0001:00088634  1409 0001:00088666
  1410 0001:00088672  1409 0001:00088692  1412 0001:00088695  1413 0001:000886AF
  1414 0001:000886CC  1415 0001:000886D8  1414 0001:0008874A  1417 0001:0008874D
  1418 0001:00088767  1419 0001:00088784  1420 0001:00088790  1419 0001:000887E2
  1421 0001:000887E5  1422 0001:00088892  1428 0001:000888D4  1429 0001:000888DD
  1430 0001:000888F5  1431 0001:00088901  1433 0001:0008890E  1434 0001:0008891D
  1435 0001:00088970  1436 0001:000889C1  1433 0001:000889C2  1437 0001:000889C9
  1441 0001:000889E0  1442 0001:000889E4  1443 0001:000889E6  1444 0001:00088A05
  1445 0001:00088A19  1446 0001:00088A2D  1447 0001:00088A56  1448 0001:00088A7F
  1449 0001:00088A92  1450 0001:00088A94  1457 0001:00088A9C  1458 0001:00088ABC
  1459 0001:00088ABE  1460 0001:00088ACA  1461 0001:00088AE0  1463 0001:00088B1C
  1464 0001:00088B6D  1468 0001:00088BBE  1469 0001:00088BE0  1470 0001:00088BE1
  1471 0001:00088C3C  1472 0001:00088C96  1473 0001:00088CF1  1474 0001:00088D4B
  1475 0001:00088D5C  1476 0001:00088D7A  1477 0001:00088D93  1478 0001:00088DBB
  1479 0001:00088DE3  1482 0001:00088E0A  1483 0001:00088E25  1484 0001:00088E26
  1485 0001:00088E81  1486 0001:00088EDB  1487 0001:00088F36  1488 0001:00088F90
  1489 0001:00088FA1  1490 0001:00088FBF  1491 0001:00088FD8  1492 0001:00089000
  1493 0001:00089028  1496 0001:0008904F  1497 0001:0008906A  1498 0001:0008906B
  1499 0001:000890C6  1500 0001:00089120  1501 0001:0008917B  1502 0001:000891D5
  1503 0001:000891E6  1504 0001:00089204  1505 0001:0008921D  1506 0001:00089245
  1507 0001:0008926D  1510 0001:00089294  1511 0001:000892C8  1512 0001:000892C9
  1513 0001:00089324  1514 0001:0008937E  1515 0001:000893D9  1516 0001:00089433
  1517 0001:00089444  1518 0001:00089462  1519 0001:0008947B  1520 0001:000894A3
  1521 0001:000894CB  1524 0001:000894F2  1525 0001:00089526  1526 0001:00089527
  1527 0001:00089582  1528 0001:000895DC  1529 0001:00089637  1530 0001:00089691
  1531 0001:000896A2  1532 0001:000896C0  1533 0001:000896D9  1534 0001:00089701
  1535 0001:00089729  1538 0001:00089750  1539 0001:0008976A  1540 0001:0008976B
  1541 0001:000897C6  1542 0001:00089820  1543 0001:0008987B  1544 0001:000898D5
  1545 0001:000898EF  1546 0001:0008990D  1547 0001:0008992B  1549 0001:00089949
  1550 0001:00089964  1551 0001:0008997F  1553 0001:00089998  1554 0001:000899C0
  1555 0001:000899E8  1557 0001:00089A36  1558 0001:00089B16  1566 0001:00089B28
  1567 0001:00089B39  1568 0001:00089B54  1569 0001:00089B87  1571 0001:00089BB3
  1572 0001:00089BB8  1573 0001:00089BBE  1574 0001:00089BC7  1575 0001:00089BD9
  1576 0001:00089BEB  1577 0001:00089C12  1579 0001:00089C3A  1580 0001:00089C44
  1581 0001:00089C73  1583 0001:00089CA2  1584 0001:00089CD6  1585 0001:00089D0B
  1586 0001:00089D40  1588 0001:00089D74  1589 0001:00089DA2  1591 0001:00089DD0
  1592 0001:00089E04  1593 0001:00089E39  1594 0001:00089E6E  1596 0001:00089EA2
  1597 0001:00089F0C  1598 0001:00089F68  1601 0001:00089FC5  1602 0001:00089FCF
  1603 0001:00089FF0  1605 0001:00089FFC  1606 0001:0008A02E  1607 0001:0008A060
  1608 0001:0008A093  1610 0001:0008A0C6  1611 0001:0008A102  1612 0001:0008A13E
  1614 0001:0008A17A  1615 0001:0008A1A8  1616 0001:0008A1D6  1617 0001:0008A205
  1619 0001:0008A234  1620 0001:0008A290  1623 0001:0008A2ED  1624 0001:0008A2F7
  1625 0001:0008A32C  1627 0001:0008A361  1628 0001:0008A398  1629 0001:0008A3CE
  1630 0001:0008A404  1632 0001:0008A43B  1633 0001:0008A46F  1635 0001:0008A4A3
  1636 0001:0008A4DA  1637 0001:0008A510  1638 0001:0008A546  1640 0001:0008A57D
  1641 0001:0008A5C3  1642 0001:0008A609  1643 0001:0008A665  1646 0001:0008A6C2
  1650 0001:0008A6CC  1651 0001:0008A6D8  1652 0001:0008A70E  1653 0001:0008A745
  1654 0001:0008A77B  1655 0001:0008A7B1  1656 0001:0008A7E8  1657 0001:0008A81E
  1658 0001:0008A855  1659 0001:0008A88C  1660 0001:0008A8C2  1661 0001:0008A8F9
  1662 0001:0008A930  1664 0001:0008A966  1665 0001:0008A99B  1666 0001:0008A9F3
  1667 0001:0008AA4B  1668 0001:0008AB20  1671 0001:0008ABF8  1672 0001:0008AC02
  1673 0001:0008AC38  1674 0001:0008AC6E  1675 0001:0008ACA5  1676 0001:0008ACDC
  1677 0001:0008AD12  1678 0001:0008AD48  1679 0001:0008AD7C  1680 0001:0008ADB1
  1681 0001:0008ADE6  1683 0001:0008AE1A  1684 0001:0008AE4F  1685 0001:0008AF24
  1686 0001:0008AFFC  1689 0001:0008B066  1690 0001:0008B076  1691 0001:0008B0A4
  1692 0001:0008B0D2  1693 0001:0008B101  1694 0001:0008B130  1695 0001:0008B167
  1696 0001:0008B19D  1697 0001:0008B1D3  1698 0001:0008B20A  1699 0001:0008B2AE
  1702 0001:0008B30B  1703 0001:0008B315  1704 0001:0008B321  1705 0001:0008B357
  1706 0001:0008B38E  1707 0001:0008B3C4  1708 0001:0008B3FA  1709 0001:0008B431
  1710 0001:0008B467  1711 0001:0008B49E  1712 0001:0008B4D5  1713 0001:0008B50B
  1714 0001:0008B542  1715 0001:0008B579  1716 0001:0008B5AF  1717 0001:0008B607
  1720 0001:0008B65F  1721 0001:0008B669  1722 0001:0008B69D  1723 0001:0008B6D1
  1724 0001:0008B706  1725 0001:0008B73B  1726 0001:0008B771  1727 0001:0008B7A7
  1728 0001:0008B7DD  1729 0001:0008B814  1730 0001:0008B84B  1732 0001:0008B881
  1736 0001:0008B8EB  1740 0001:0008B974  1741 0001:0008B985  1742 0001:0008B98A
  1743 0001:0008B98F  1744 0001:0008B996  1745 0001:0008B99D  1746 0001:0008B9AC
  1747 0001:0008B9EC  1748 0001:0008B9F1  1749 0001:0008B9F8  1750 0001:0008B9FD
  1745 0001:0008B9FE  1752 0001:0008BA03  1753 0001:0008BA16  1754 0001:0008BA1B
  1755 0001:0008BA8B  1756 0001:0008BA90  1757 0001:0008BA95  1758 0001:0008BA9C
  1759 0001:0008BA9E  1753 0001:0008BA9F  1759 0001:0008BAA8  1752 0001:0008BAA9
  1761 0001:0008BAB5  1764 0001:0008BAC0  1765 0001:0008BAC4  1766 0001:0008BAD3
  1767 0001:0008BADA  1768 0001:0008BB01  1769 0001:0008BB22  1770 0001:0008BB3F
  1772 0001:0008BB5D  1773 0001:0008BB6E  1779 0001:0008BB8C  1780 0001:0008BBC6
  1781 0001:0008BBDB  1782 0001:0008BBE5  1783 0001:0008BC01  1784 0001:0008BC0B
  1785 0001:0008BC1B  1787 0001:0008BC50  1788 0001:0008BC59  1789 0001:0008BC70
  1790 0001:0008BC92  1791 0001:0008BCCB  1792 0001:0008BCF0  1793 0001:0008BD0D
  1792 0001:0008BD5D  1794 0001:0008BD60  1795 0001:0008BD6D  1800 0001:0008BD87
  1801 0001:0008BD94  1802 0001:0008BDA1  1803 0001:0008BDB6  1807 0001:0008BDFB
  1808 0001:0008BE08  1809 0001:0008BE15  1810 0001:0008BE2A  1813 0001:0008BE69
  1814 0001:0008BE76  1815 0001:0008BE83  1816 0001:0008BE98  1819 0001:0008BED7
  1820 0001:0008BEE4  1821 0001:0008BEF1  1822 0001:0008BEFE  1824 0001:0008BF13
  1825 0001:0008BF55  1828 0001:0008BF9A  1829 0001:0008BFA7  1830 0001:0008BFB4
  1831 0001:0008BFC1  1833 0001:0008BFD6  1834 0001:0008C018  1837 0001:0008C05D
  1838 0001:0008C06A  1839 0001:0008C077  1840 0001:0008C0A9  1841 0001:0008C0B6
  1842 0001:0008C0CF  1843 0001:0008C0FD  1845 0001:0008C129  1846 0001:0008C13E
  1847 0001:0008C151  1848 0001:0008C19E  1849 0001:0008C1E8  1850 0001:0008C22A
  1853 0001:0008C271  1854 0001:0008C27E  1855 0001:0008C28B  1856 0001:0008C2BD
  1857 0001:0008C2CA  1858 0001:0008C2E3  1859 0001:0008C311  1861 0001:0008C33D
  1862 0001:0008C352  1863 0001:0008C365  1864 0001:0008C3B2  1865 0001:0008C3FC
  1866 0001:0008C43E  1870 0001:0008C4B5  1874 0001:0008C760  1875 0001:0008C763
  1876 0001:0008C76A  1877 0001:0008C774  1882 0001:0008C778  1883 0001:0008C787
  1884 0001:0008C7AA  1885 0001:0008C7AC  1886 0001:0008C7AE  1887 0001:0008C7B8
  1888 0001:0008C7C2  1889 0001:0008C7DE  1890 0001:0008C7F0  1892 0001:0008C827
  1894 0001:0008C831  1896 0001:0008C83C  1897 0001:0008C85C  1898 0001:0008C873
  1899 0001:0008C894  1900 0001:0008C8B5  1903 0001:0008C924  1904 0001:0008C933
  1905 0001:0008C93C  1906 0001:0008C943  1908 0001:0008C951  1909 0001:0008C958
  1910 0001:0008C97D  1911 0001:0008C9A1  1912 0001:0008C9C4  1913 0001:0008C9EA
  1914 0001:0008CA0D  1915 0001:0008CA33  1916 0001:0008CA50  1917 0001:0008CA74
  1918 0001:0008CA97  1919 0001:0008CAB5  1920 0001:0008CAD8  1921 0001:0008CAFE
  1922 0001:0008CB21  1923 0001:0008CB45  1924 0001:0008CB68  1925 0001:0008CB8E
  1926 0001:0008CBB1  1927 0001:0008CBD7  1928 0001:0008CBFC  1929 0001:0008CC20
  1930 0001:0008CC43  1934 0001:0008CC69  1935 0001:0008CC70  1936 0001:0008CC77
  1942 0001:0008CCC0  1943 0001:0008CCC3  1944 0001:0008CCE4  1945 0001:0008CD05
  1946 0001:0008CD0F  1948 0001:0008CD23  1952 0001:0008CD78  1953 0001:0008CD7B
  1954 0001:0008CD85  1955 0001:0008CD99  1956 0001:0008CDBA  1957 0001:0008CDDB
  1961 0001:0008CE38  1962 0001:0008CE3B  1963 0001:0008CE5C  1964 0001:0008CE7D
  1965 0001:0008CE87  1966 0001:0008CE9B  1972 0001:0008CEF0  1973 0001:0008CF10
  1974 0001:0008CF27  1979 0001:0008CF30  1980 0001:0008CF3C  1981 0001:0008CF59
  1982 0001:0008CF76  1985 0001:0008CFA8  1986 0001:0008CFC8  1987 0001:0008CFDF
  1988 0001:0008D000  1989 0001:0008D021  1995 0001:0008D090  1996 0001:0008D093
  1997 0001:0008D0B4  1998 0001:0008D0D5  1999 0001:0008D0DF  2000 0001:0008D0F3
  2003 0001:0008D144  2004 0001:0008D147  2005 0001:0008D15C  2006 0001:0008D16C
  2007 0001:0008D17C  2008 0001:0008D18C  2009 0001:0008D19C  2010 0001:0008D1AC
  2011 0001:0008D1BC  2012 0001:0008D1CC  2013 0001:0008D1DC  2014 0001:0008D1EC
  2015 0001:0008D1FC  2016 0001:0008D20C  2017 0001:0008D21C  2018 0001:0008D22C
  2019 0001:0008D23C  2020 0001:0008D24C  2021 0001:0008D25C  2022 0001:0008D26C
  2024 0001:0008D27C  2026 0001:0008D28D  2027 0001:0008D29D  2028 0001:0008D2AD
  2029 0001:0008D2BD  2030 0001:0008D2CD  2031 0001:0008D2DD  2032 0001:0008D2ED
  2033 0001:0008D2FD  2034 0001:0008D30D  2035 0001:0008D31D  2036 0001:0008D32D
  2037 0001:0008D33D  2038 0001:0008D34D  2039 0001:0008D35D  2040 0001:0008D36D
  2041 0001:0008D37D  2042 0001:0008D38D  2043 0001:0008D39D  2045 0001:0008D3AD
  2049 0001:0008D3BC  2053 0001:0008D674  2054 0001:0008D677  2055 0001:0008D698
  2057 0001:0008D6B9  2058 0001:0008D6CD  2061 0001:0008D72C  2062 0001:0008D738
  2063 0001:0008D755  2067 0001:0008D770  2068 0001:0008D77C  2069 0001:0008D799
  2072 0001:0008D7B4  2073 0001:0008D7B7  2074 0001:0008D7D8  2075 0001:0008D7F9
  2076 0001:0008D803  2077 0001:0008D817  2080 0001:0008D87C  2081 0001:0008D87F
  2082 0001:0008D8A0  2084 0001:0008D8C1  2086 0001:0008D8D5  2089 0001:0008D938
  2090 0001:0008D93B  2091 0001:0008D947  2092 0001:0008D951  2093 0001:0008D962
  2094 0001:0008D96C  2095 0001:0008D976  2096 0001:0008D97D  2099 0001:0008D980
  2100 0001:0008D9A0  2101 0001:0008D9AD  2102 0001:0008D9C4  2105 0001:0008D9CC
  2106 0001:0008D9CF  2107 0001:0008D9F0  2109 0001:0008DA11  2110 0001:0008DA25
  2113 0001:0008DA84  2114 0001:0008DAA4  2115 0001:0008DABB  2116 0001:0008DADC
  2117 0001:0008DAFD  2120 0001:0008DB74  2121 0001:0008DB94  2122 0001:0008DBAB
  2123 0001:0008DBCC  2124 0001:0008DBED  2127 0001:0008DC68  2128 0001:0008DC88
  2129 0001:0008DC9F  2132 0001:0008DCA8  2133 0001:0008DCC8  2134 0001:0008DCDF
  2137 0001:0008DCE8  2138 0001:0008DCEB  2139 0001:0008DCF7  2140 0001:0008DD01
  2142 0001:0008DD12  2143 0001:0008DD1C  2144 0001:0008DD26  2145 0001:0008DD2D
  2148 0001:0008DD30  2149 0001:0008DD50  2150 0001:0008DD69  2153 0001:0008DD74
  2154 0001:0008DD94  2155 0001:0008DDAB  2158 0001:0008DDB4  2159 0001:0008DDD4
  2160 0001:0008DDEB  2162 0001:0008DE30  2162 0001:0008DE37

Line numbers for Project1(C:\Users\Bread\Documents\graphshitter_pt2\Project1.dpr) segment .text

    14 0001:0008E098    15 0001:0008E0AF    16 0001:0008E0B6    17 0001:0008E0C2
    18 0001:0008E0D5    19 0001:0008E0E8    20 0001:0008E0FB    21 0001:0008E10E
    22 0001:0008E115

Bound resource files

c:\program files (x86)\borland\delphi7\Lib\Buttons.res
c:\program files (x86)\borland\delphi7\Lib\ExtDlgs.res
c:\program files (x86)\borland\delphi7\Lib\Controls.res
Unit2.dfm
Unit3.dfm
Unit4.dfm
Unit1.dfm
Project1.res
Project1.drf


Program entry point at 0001:0008E098
