
 Start         Length     Name                   Class
 0001:00000000 0008C85CH .text                   CODE
 0002:00000000 00001C84H .data                   DATA
 0002:00001C84 00000C51H .bss                    BSS


Detailed map of segments

 0001:00000000 000054F3 C=CODE     S=.text    G=(none)   M=System   ACBP=A9
 0001:000054F4 00000140 C=CODE     S=.text    G=(none)   M=SysInit  ACBP=A9
 0001:00005634 00000078 C=CODE     S=.text    G=(none)   M=Types    ACBP=A9
 0001:000056AC 00000D4C C=CODE     S=.text    G=(none)   M=Windows  ACBP=A9
 0001:000063F8 00000038 C=CODE     S=.text    G=(none)   M=Messages ACBP=A9
 0001:00006430 00000318 C=CODE     S=.text    G=(none)   M=SysConst ACBP=A9
 0001:00006748 00006594 C=CODE     S=.text    G=(none)   M=SysUtils ACBP=A9
 0001:0000CCDC 000007FB C=CODE     S=.text    G=(none)   M=VarUtils ACBP=A9
 0001:0000D4D8 0000658A C=CODE     S=.text    G=(none)   M=Variants ACBP=A9
 0001:00013A64 00000150 C=CODE     S=.text    G=(none)   M=RTLConsts ACBP=A9
 0001:00013BB4 000007E8 C=CODE     S=.text    G=(none)   M=TypInfo  ACBP=A9
 0001:0001439C 00000038 C=CODE     S=.text    G=(none)   M=ActiveX  ACBP=A9
 0001:000143D4 0000986E C=CODE     S=.text    G=(none)   M=Classes  ACBP=A9
 0001:0001DC44 00000348 C=CODE     S=.text    G=(none)   M=Consts   ACBP=A9
 0001:0001DF8C 000095FB C=CODE     S=.text    G=(none)   M=Graphics ACBP=A9
 0001:00027588 00000134 C=CODE     S=.text    G=(none)   M=Math     ACBP=A9
 0001:000276BC 000002B8 C=CODE     S=.text    G=(none)   M=Contnrs  ACBP=A9
 0001:00027974 00000190 C=CODE     S=.text    G=(none)   M=CommCtrl ACBP=A9
 0001:00027B04 00000787 C=CODE     S=.text    G=(none)   M=MultiMon ACBP=A9
 0001:0002828C 00000038 C=CODE     S=.text    G=(none)   M=Imm      ACBP=A9
 0001:000282C4 00000FF8 C=CODE     S=.text    G=(none)   M=HelpIntfs ACBP=A9
 0001:000292BC 00000038 C=CODE     S=.text    G=(none)   M=WinSpool ACBP=A9
 0001:000292F4 00000044 C=CODE     S=.text    G=(none)   M=Printers ACBP=A9
 0001:00029338 0000031F C=CODE     S=.text    G=(none)   M=FlatSB   ACBP=A9
 0001:00029658 000001A4 C=CODE     S=.text    G=(none)   M=SyncObjs ACBP=A9
 0001:000297FC 000009BB C=CODE     S=.text    G=(none)   M=UxTheme  ACBP=A9
 0001:0002A1B8 00000038 C=CODE     S=.text    G=(none)   M=RichEdit ACBP=A9
 0001:0002A1F0 00000038 C=CODE     S=.text    G=(none)   M=ToolWin  ACBP=A9
 0001:0002A228 00000038 C=CODE     S=.text    G=(none)   M=ShellAPI ACBP=A9
 0001:0002A260 00000038 C=CODE     S=.text    G=(none)   M=RegStr   ACBP=A9
 0001:0002A298 00000038 C=CODE     S=.text    G=(none)   M=WinInet  ACBP=A9
 0001:0002A2D0 00000038 C=CODE     S=.text    G=(none)   M=UrlMon   ACBP=A9
 0001:0002A308 00000038 C=CODE     S=.text    G=(none)   M=ShlObj   ACBP=A9
 0001:0002A340 00000038 C=CODE     S=.text    G=(none)   M=CommDlg  ACBP=A9
 0001:0002A378 00000038 C=CODE     S=.text    G=(none)   M=Dlgs     ACBP=A9
 0001:0002A3B0 0000066D C=CODE     S=.text    G=(none)   M=Dialogs  ACBP=A9
 0001:0002AA20 000012AA C=CODE     S=.text    G=(none)   M=ExtCtrls ACBP=A9
 0001:0002BCCC 00000038 C=CODE     S=.text    G=(none)   M=ComStrs  ACBP=A9
 0001:0002BD04 0000069C C=CODE     S=.text    G=(none)   M=Clipbrd  ACBP=A9
 0001:0002C3A0 00000038 C=CODE     S=.text    G=(none)   M=StrUtils ACBP=A9
 0001:0002C3D8 000000F5 C=CODE     S=.text    G=(none)   M=Buttons  ACBP=A9
 0001:0002C4D0 00000038 C=CODE     S=.text    G=(none)   M=ExtDlgs  ACBP=A9
 0001:0002C508 00000068 C=CODE     S=.text    G=(none)   M=IniFiles ACBP=A9
 0001:0002C570 00000068 C=CODE     S=.text    G=(none)   M=Registry ACBP=A9
 0001:0002C5D8 0000006C C=CODE     S=.text    G=(none)   M=Mapi     ACBP=A9
 0001:0002C644 00000058 C=CODE     S=.text    G=(none)   M=ExtActns ACBP=A9
 0001:0002C69C 00000038 C=CODE     S=.text    G=(none)   M=ListActns ACBP=A9
 0001:0002C6D4 00001334 C=CODE     S=.text    G=(none)   M=ComCtrls ACBP=A9
 0001:0002DA08 00000C30 C=CODE     S=.text    G=(none)   M=Themes   ACBP=A9
 0001:0002E638 00005F30 C=CODE     S=.text    G=(none)   M=StdCtrls ACBP=A9
 0001:00034568 00000168 C=CODE     S=.text    G=(none)   M=StdActns ACBP=A9
 0001:000346D0 00000D1F C=CODE     S=.text    G=(none)   M=WinHelpViewer ACBP=A9
 0001:000353F0 00010F9F C=CODE     S=.text    G=(none)   M=Controls ACBP=A9
 0001:00046390 00001292 C=CODE     S=.text    G=(none)   M=ActnList ACBP=A9
 0001:00047624 000016E4 C=CODE     S=.text    G=(none)   M=ImgList  ACBP=A9
 0001:00048D08 00006639 C=CODE     S=.text    G=(none)   M=Menus    ACBP=A9
 0001:0004F344 0000C408 C=CODE     S=.text    G=(none)   M=Forms    ACBP=A9
 0001:0005B74C 00000A18 C=CODE     S=.text    G=(none)   M=MaskUtils ACBP=A9
 0001:0005C164 00002108 C=CODE     S=.text    G=(none)   M=Mask     ACBP=A9
 0001:0005E26C 0000A89C C=CODE     S=.text    G=(none)   M=Grids    ACBP=A9
 0001:00068B08 00003090 C=CODE     S=.text    G=(none)   M=ValEdit  ACBP=A9
 0001:0006BB98 00000534 C=CODE     S=.text    G=(none)   M=ComplexAlg ACBP=A9
 0001:0006C0CC 00001254 C=CODE     S=.text    G=(none)   M=MatrixAlg ACBP=A9
 0001:0006D320 00000050 C=CODE     S=.text    G=(none)   M=JConsts  ACBP=A9
 0001:0006D370 000133EC C=CODE     S=.text    G=(none)   M=jpeg     ACBP=A9
 0001:0008075C 00000308 C=CODE     S=.text    G=(none)   M=Unit2    ACBP=A9
 0001:00080A64 000001B8 C=CODE     S=.text    G=(none)   M=Unit3    ACBP=A9
 0001:00080C1C 000010CC C=CODE     S=.text    G=(none)   M=Unit4    ACBP=A9
 0001:00081CE8 0000A89C C=CODE     S=.text    G=(none)   M=Unit1    ACBP=A9
 0001:0008C584 000002D7 C=CODE     S=.text    G=(none)   M=Project1 ACBP=A9
 0002:00000000 000000A8 C=DATA     S=.data    G=DGROUP   M=System   ACBP=A9
 0002:000000A8 00000020 C=DATA     S=.data    G=DGROUP   M=SysInit  ACBP=A9
 0002:000000C8 00000254 C=DATA     S=.data    G=DGROUP   M=SysUtils ACBP=A9
 0002:0000031C 00000008 C=DATA     S=.data    G=DGROUP   M=VarUtils ACBP=A9
 0002:00000324 00000136 C=DATA     S=.data    G=DGROUP   M=Variants ACBP=A9
 0002:0000045C 0000000C C=DATA     S=.data    G=DGROUP   M=TypInfo  ACBP=A9
 0002:00000468 00000064 C=DATA     S=.data    G=DGROUP   M=Classes  ACBP=A9
 0002:000004CC 0000030C C=DATA     S=.data    G=DGROUP   M=Graphics ACBP=A9
 0002:000007D8 00000004 C=DATA     S=.data    G=DGROUP   M=Printers ACBP=A9
 0002:000007DC 00000074 C=DATA     S=.data    G=DGROUP   M=Dialogs  ACBP=A9
 0002:00000850 00000178 C=DATA     S=.data    G=DGROUP   M=ExtCtrls ACBP=A9
 0002:000009C8 0000002C C=DATA     S=.data    G=DGROUP   M=Buttons  ACBP=A9
 0002:000009F4 00000008 C=DATA     S=.data    G=DGROUP   M=IniFiles ACBP=A9
 0002:000009FC 00000008 C=DATA     S=.data    G=DGROUP   M=Registry ACBP=A9
 0002:00000A04 00000008 C=DATA     S=.data    G=DGROUP   M=Mapi     ACBP=A9
 0002:00000A0C 00000044 C=DATA     S=.data    G=DGROUP   M=ComCtrls ACBP=A9
 0002:00000A50 00000068 C=DATA     S=.data    G=DGROUP   M=Themes   ACBP=A9
 0002:00000AB8 000000A0 C=DATA     S=.data    G=DGROUP   M=StdCtrls ACBP=A9
 0002:00000B58 0000013C C=DATA     S=.data    G=DGROUP   M=Controls ACBP=A9
 0002:00000C94 00000020 C=DATA     S=.data    G=DGROUP   M=ImgList  ACBP=A9
 0002:00000CB4 000000EC C=DATA     S=.data    G=DGROUP   M=Menus    ACBP=A9
 0002:00000DA0 0000011C C=DATA     S=.data    G=DGROUP   M=Forms    ACBP=A9
 0002:00000EBC 00000009 C=DATA     S=.data    G=DGROUP   M=MaskUtils ACBP=A9
 0002:00000EC8 00000004 C=DATA     S=.data    G=DGROUP   M=Mask     ACBP=A9
 0002:00000ECC 00000006 C=DATA     S=.data    G=DGROUP   M=Grids    ACBP=A9
 0002:00000ED4 00000908 C=DATA     S=.data    G=DGROUP   M=jpeg     ACBP=A9
 0002:00002000 00000660 C=BSS      S=.bss     G=DGROUP   M=System   ACBP=A9
 0002:00002660 00000010 C=BSS      S=.bss     G=DGROUP   M=SysInit  ACBP=A9
 0002:00002670 00000004 C=BSS      S=.bss     G=DGROUP   M=Types    ACBP=A9
 0002:00002674 00000004 C=BSS      S=.bss     G=DGROUP   M=Windows  ACBP=A9
 0002:00002678 00000004 C=BSS      S=.bss     G=DGROUP   M=Messages ACBP=A9
 0002:0000267C 00000004 C=BSS      S=.bss     G=DGROUP   M=SysConst ACBP=A9
 0002:00002680 00000120 C=BSS      S=.bss     G=DGROUP   M=SysUtils ACBP=A9
 0002:000027A0 0000005C C=BSS      S=.bss     G=DGROUP   M=VarUtils ACBP=A9
 0002:000027FC 00000040 C=BSS      S=.bss     G=DGROUP   M=Variants ACBP=A9
 0002:0000283C 00000004 C=BSS      S=.bss     G=DGROUP   M=RTLConsts ACBP=A9
 0002:00002840 00000004 C=BSS      S=.bss     G=DGROUP   M=TypInfo  ACBP=A9
 0002:00002844 00000004 C=BSS      S=.bss     G=DGROUP   M=ActiveX  ACBP=A9
 0002:00002848 00000040 C=BSS      S=.bss     G=DGROUP   M=Classes  ACBP=A9
 0002:00002888 00000004 C=BSS      S=.bss     G=DGROUP   M=Consts   ACBP=A9
 0002:0000288C 00000060 C=BSS      S=.bss     G=DGROUP   M=Graphics ACBP=A9
 0002:000028EC 00000004 C=BSS      S=.bss     G=DGROUP   M=Math     ACBP=A9
 0002:000028F0 00000004 C=BSS      S=.bss     G=DGROUP   M=Contnrs  ACBP=A9
 0002:000028F4 0000000C C=BSS      S=.bss     G=DGROUP   M=CommCtrl ACBP=A9
 0002:00002900 00000031 C=BSS      S=.bss     G=DGROUP   M=MultiMon ACBP=A9
 0002:00002934 00000004 C=BSS      S=.bss     G=DGROUP   M=Imm      ACBP=A9
 0002:00002938 00000008 C=BSS      S=.bss     G=DGROUP   M=HelpIntfs ACBP=A9
 0002:00002940 00000004 C=BSS      S=.bss     G=DGROUP   M=WinSpool ACBP=A9
 0002:00002944 00000004 C=BSS      S=.bss     G=DGROUP   M=Printers ACBP=A9
 0002:00002948 00000034 C=BSS      S=.bss     G=DGROUP   M=FlatSB   ACBP=A9
 0002:0000297C 00000004 C=BSS      S=.bss     G=DGROUP   M=SyncObjs ACBP=A9
 0002:00002980 000000CC C=BSS      S=.bss     G=DGROUP   M=UxTheme  ACBP=A9
 0002:00002A4C 00000004 C=BSS      S=.bss     G=DGROUP   M=RichEdit ACBP=A9
 0002:00002A50 00000004 C=BSS      S=.bss     G=DGROUP   M=ToolWin  ACBP=A9
 0002:00002A54 00000004 C=BSS      S=.bss     G=DGROUP   M=ShellAPI ACBP=A9
 0002:00002A58 00000004 C=BSS      S=.bss     G=DGROUP   M=RegStr   ACBP=A9
 0002:00002A5C 00000004 C=BSS      S=.bss     G=DGROUP   M=WinInet  ACBP=A9
 0002:00002A60 00000004 C=BSS      S=.bss     G=DGROUP   M=UrlMon   ACBP=A9
 0002:00002A64 00000004 C=BSS      S=.bss     G=DGROUP   M=ShlObj   ACBP=A9
 0002:00002A68 00000004 C=BSS      S=.bss     G=DGROUP   M=CommDlg  ACBP=A9
 0002:00002A6C 00000004 C=BSS      S=.bss     G=DGROUP   M=Dlgs     ACBP=A9
 0002:00002A70 0000000C C=BSS      S=.bss     G=DGROUP   M=Dialogs  ACBP=A9
 0002:00002A7C 00000004 C=BSS      S=.bss     G=DGROUP   M=ExtCtrls ACBP=A9
 0002:00002A80 00000004 C=BSS      S=.bss     G=DGROUP   M=ComStrs  ACBP=A9
 0002:00002A84 0000000C C=BSS      S=.bss     G=DGROUP   M=Clipbrd  ACBP=A9
 0002:00002A90 00000004 C=BSS      S=.bss     G=DGROUP   M=StrUtils ACBP=A9
 0002:00002A94 00000030 C=BSS      S=.bss     G=DGROUP   M=Buttons  ACBP=A9
 0002:00002AC4 00000004 C=BSS      S=.bss     G=DGROUP   M=ExtDlgs  ACBP=A9
 0002:00002AC8 00000004 C=BSS      S=.bss     G=DGROUP   M=IniFiles ACBP=A9
 0002:00002ACC 00000004 C=BSS      S=.bss     G=DGROUP   M=Registry ACBP=A9
 0002:00002AD0 00000004 C=BSS      S=.bss     G=DGROUP   M=Mapi     ACBP=A9
 0002:00002AD4 00000009 C=BSS      S=.bss     G=DGROUP   M=ExtActns ACBP=A9
 0002:00002AE0 00000004 C=BSS      S=.bss     G=DGROUP   M=ListActns ACBP=A9
 0002:00002AE4 00000010 C=BSS      S=.bss     G=DGROUP   M=ComCtrls ACBP=A9
 0002:00002AF4 00000008 C=BSS      S=.bss     G=DGROUP   M=Themes   ACBP=A9
 0002:00002AFC 00000004 C=BSS      S=.bss     G=DGROUP   M=StdCtrls ACBP=A9
 0002:00002B00 00000004 C=BSS      S=.bss     G=DGROUP   M=StdActns ACBP=A9
 0002:00002B04 00000014 C=BSS      S=.bss     G=DGROUP   M=WinHelpViewer ACBP=A9
 0002:00002B18 00000080 C=BSS      S=.bss     G=DGROUP   M=Controls ACBP=A9
 0002:00002B98 00000004 C=BSS      S=.bss     G=DGROUP   M=ActnList ACBP=A9
 0002:00002B9C 0000000C C=BSS      S=.bss     G=DGROUP   M=ImgList  ACBP=A9
 0002:00002BA8 00000010 C=BSS      S=.bss     G=DGROUP   M=Menus    ACBP=A9
 0002:00002BB8 00000020 C=BSS      S=.bss     G=DGROUP   M=Forms    ACBP=A9
 0002:00002BD8 00000004 C=BSS      S=.bss     G=DGROUP   M=MaskUtils ACBP=A9
 0002:00002BDC 00000004 C=BSS      S=.bss     G=DGROUP   M=Mask     ACBP=A9
 0002:00002BE0 00000004 C=BSS      S=.bss     G=DGROUP   M=Grids    ACBP=A9
 0002:00002BE4 00000004 C=BSS      S=.bss     G=DGROUP   M=ValEdit  ACBP=A9
 0002:00002BE8 00000004 C=BSS      S=.bss     G=DGROUP   M=ComplexAlg ACBP=A9
 0002:00002BEC 00000004 C=BSS      S=.bss     G=DGROUP   M=MatrixAlg ACBP=A9
 0002:00002BF0 00000004 C=BSS      S=.bss     G=DGROUP   M=JConsts  ACBP=A9
 0002:00002BF4 00000004 C=BSS      S=.bss     G=DGROUP   M=jpeg     ACBP=A9
 0002:00002BF8 00000008 C=BSS      S=.bss     G=DGROUP   M=Unit2    ACBP=A9
 0002:00002C00 00000008 C=BSS      S=.bss     G=DGROUP   M=Unit3    ACBP=A9
 0002:00002C08 00000020 C=BSS      S=.bss     G=DGROUP   M=Unit4    ACBP=A9
 0002:00002C28 00000028 C=BSS      S=.bss     G=DGROUP   M=Unit1    ACBP=A9


  Address         Publics by Name

 0001:0007BACC       ..
 0001:0007B2A4       ..
 0001:00073CEC       ..
 0002:00001070       ..
 0002:0000137C       ..
 0001:000730A4       ..
 0001:0007C758       ..
 0001:0007A1E8       ..
 0001:0006FAF4       ..
 0001:0007F9CC       ..
 0001:00076754       ..
 0002:0000117C       ..
 0002:00000F60       ..
 0001:00076D18       ..
 0001:00070058       ..
 0001:00071984       ..
 0001:0007826C       ..
 0002:00000F70       ..
 0002:0000171C       ..
 0001:00070C5C       ..
 0001:0007D498       ..
 0001:0007E960       ..
 0001:0007051C       ..
 0001:00072AFC       ..
 0001:0007DB20       ..
 0001:00072510       ..
 0001:0007CC94       ..
 0001:00076A48       ..
 0001:0007C5FC       ..
 0001:00074FEC       ..
 0001:0006EE90       ..
 0002:00000FF0       ..
 0001:0007E448       ..
 0001:000756C4       ..
 0001:0007A2F8       ..
 0002:00002668       .1
 0002:00002A80       .1
 0002:00002A90       .1
 0002:00002A6C       .1
 0002:00002A68       .1
 0002:00002A64       .1
 0002:00002A60       .1
 0002:00002A5C       .1
 0002:00002A58       .1
 0002:00002A54       .1
 0002:00002A4C       .1
 0002:00002A3C       .1
 0002:00002670       .1
 0002:00002968       .1
 0002:00002934       .1
 0002:00002920       .1
 0002:000028F4       .1
 0002:00002BF0       .1
 0002:00002B0C       .1
 0002:0000267C       .1
 0002:00002678       .1
 0002:0000283C       .1
 0002:00002BE8       .1
 0002:00002BEC       .1
 0002:00002AD0       .1
 0002:00002888       .1
 0002:00002BE0       .11
 0002:00002A70       .11
 0002:00002890       .12
 0002:00002A7C       .12
 0002:00002BD8       .2
 0002:000028EC       .2
 0002:00002AF4       .2
 0002:00002938       .2
 0002:00002BFC       .2
 0002:00002A88       .2
 0002:00002C04       .2
 0002:000028F0       .21
 0002:00002AC4       .3
 0002:00002C24       .3
 0002:00002674       .3
 0002:00002944       .3
 0002:00002940       .3
 0002:00002B9C       .3
 0002:00002BF4       .3
 0002:00002844       .3
 0002:00002790       .35
 0002:00002AE4       .36
 0002:00002A94       .4
 0002:00002BE4       .4
 0002:00002A50       .4
 0002:00002BC0       .41
 0002:00002AFC       .42
 0002:00002854       .45
 0002:000027F8       .5
 0002:00002C4C       .5
 0002:00002BDC       .5
 0002:00002ACC       .5
 0002:000025B8       .5
 0002:0000297C       .6
 0002:00002840       .6
 0002:00002B20       .72
 0002:00002AD4       .72
 0002:00002B00       .73
 0002:00002AE0       .8
 0002:00002B98       .8
 0002:00002AC8       .8
 0002:0000281C       .81
 0002:00002BB0       .9
 0001:000019BC       @AbstractError
 0001:00002AD8       @AfterConstruction
 0001:0000290C       @AsClass
 0001:00001C94       @Assign
 0001:00001E84       @AStrCmp
 0001:00002AE8       @BeforeDestruction
 0001:0000269C       @BoundErr
 0001:00002958       @CallDynaInst
 0001:00002A80       @ClassCreate
 0001:00002AD0       @ClassDestroy
 0001:00001D50       @Close
 0001:000018A4       @Copy
 0001:00004160       @CopyArray
 0001:00004044       @CopyRecord
 0001:0000196C       @COS
 0001:00004278       @DispCallByIDError
 0001:0000E0B8       @DispInvokeError
 0001:00004268       @Dispose
 0001:00002F64       @DoneExcept
 0001:000047CC       @DynArrayAsg
 0001:00004790       @DynArrayClear
 0001:0000469C       @DynArrayCopyRange
 0001:000044DC       @DynArrayHigh
 0001:000044D4       @DynArrayLength
 0001:00004690       @DynArraySetLength
 0001:0000304C       @ExceptionHandler
 0001:00001EF4       @FillChar
 0001:00004020       @Finalize
 0001:00003F34       @FinalizeArray
 0001:00003EE8       @FinalizeRecord
 0001:00002970       @FindDynaInst
 0001:00002690       @FpuInit
 0001:000025CC       @FpuMaskInit
 0001:0000172C       @FreeMem
 0001:0000170C       @GetMem
 0001:0000556C       @GetTls
 0001:00003494       @Halt
 0001:000033BC       @Halt0
 0001:00002BFC       @HandleAnyException
 0001:00002EB0       @HandleFinally
 0001:00002D28       @HandleOnException
 0001:000055B8       @InitExe
 0001:00003EDC       @Initialize
 0001:00003E48       @InitializeArray
 0001:00003E18       @InitializeRecord
 0001:00003280       @InitImports
 0001:00003258       @InitResStringImports
 0001:00003234       @InitResStrings
 0001:00004EB0       @IntfAddRef
 0001:00004E80       @IntfCast
 0001:00004E3C       @IntfClear
 0001:00004E54       @IntfCopy
 0001:000028E8       @IsClass
 0001:0000259C       @isNECWindows
 0001:0007A138       @jcopy_block_row
 0001:0007A0EC       @jcopy_sample_rows
 0001:0007A0C4       @jdiv_round_up
 0001:00073C58       @jinit_1pass_quantizer
 0001:00074ECC       @jinit_2pass_quantizer
 0001:0007D8D4       @jinit_color_converter
 0001:00072ED8       @jinit_color_deconverter
 0001:0007B1F8       @jinit_compress_master
 0001:0007D3D0       @jinit_c_coef_controller
 0001:0007C6D4       @jinit_c_main_controller
 0001:0007C534       @jinit_c_master_control
 0001:0007CBEC       @jinit_c_prep_controller
 0001:0007E2C0       @jinit_downsampler
 0001:00076640       @jinit_d_coef_controller
 0001:000755E4       @jinit_d_main_controller
 0001:000769B4       @jinit_d_post_controller
 0001:0007E8E4       @jinit_forward_dct
 0001:000724D0       @jinit_huff_decoder
 0001:00080628       @jinit_huff_encoder
 0001:00070010       @jinit_input_controller
 0001:00076C9C       @jinit_inverse_dct
 0001:00079F68       @jinit_marker_reader
 0001:0007BA78       @jinit_marker_writer
 0001:00070C24       @jinit_master_decompress
 0001:0006F9BC       @jinit_memory_mgr
 0001:00072A7C       @jinit_merged_upsampler
 0001:00071910       @jinit_phuff_decoder
 0001:0007F3F0       @jinit_phuff_encoder
 0001:000771FC       @jinit_upsampler
 0001:0007A158       @jpeg_abort
 0001:0007A1D0       @jpeg_alloc_huff_table
 0001:0007A1B8       @jpeg_alloc_quant_table
 0001:0007F6A0       @jpeg_fdct_float
 0001:0007F434       @jpeg_fdct_ifast
 0001:00071DB8       @jpeg_fill_bit_buffer
 0001:0006FAC8       @jpeg_free_large
 0001:0006FAB8       @jpeg_free_small
 0001:0008036C       @jpeg_gen_optimal_table
 0001:0006FAC0       @jpeg_get_large
 0001:0006FAB0       @jpeg_get_small
 0001:00071F04       @jpeg_huff_decode
 0001:00078230       @jpeg_idct_1x1
 0001:00078040       @jpeg_idct_2x2
 0001:00077C8C       @jpeg_idct_4x4
 0001:00077414       @jpeg_idct_float
 0001:00077858       @jpeg_idct_ifast
 0001:0007FB5C       @jpeg_make_c_derived_tbl
 0001:00071ABC       @jpeg_make_d_derived_tbl
 0001:0006FAD0       @jpeg_mem_available
 0001:0006FAEC       @jpeg_mem_init
 0001:0006FAF0       @jpeg_mem_term
 0001:0006FADC       @jpeg_open_backing_store
 0001:00079E34       @jpeg_resync_to_restart
 0001:0007AFBC       @jpeg_suppress_tables
 0001:0007A0D4       @jround_up
 0001:0007A148       @jzero_far
 0001:0000395C       @LStrAddRef
 0001:000034D0       @LStrArrayClr
 0001:00003500       @LStrAsg
 0001:00003774       @LStrCat
 0001:000037B8       @LStrCat3
 0001:0000382C       @LStrCatN
 0001:000034AC       @LStrClr
 0001:000038B8       @LStrCmp
 0001:000039CC       @LStrCopy
 0001:00003A0C       @LStrDelete
 0001:0000371C       @LStrFromArray
 0001:00003694       @LStrFromChar
 0001:000036A4       @LStrFromPChar
 0001:0000359C       @LStrFromPCharLen
 0001:000036D4       @LStrFromPWChar
 0001:00003608       @LStrFromPWCharLen
 0001:00003710       @LStrFromString
 0001:00003734       @LStrFromWStr
 0001:00003A54       @LStrInsert
 0001:00003544       @LStrLAsg
 0001:0000376C       @LStrLen
 0001:00003AB0       @LStrPos
 0001:00003AF8       @LStrSetLength
 0001:0000396C       @LStrToPChar
 0001:00003748       @LStrToString
 0001:00004254       @New
 0001:00003570       @NewAnsiString
 0001:00003B64       @NewWideString
 0001:000022B0       @Pow10
 0001:00001E00       @PStrCmp
 0001:00001DD8       @PStrCpy
 0001:00001DA8       @PStrNCat
 0001:00001DE4       @PStrNCpy
 0001:00002F10       @RaiseAgain
 0001:00002EE8       @RaiseExcept
 0001:00001F50       @ReadChar
 0001:00002014       @ReadExt
 0001:00001FBC       @ReadLong
 0001:0000174C       @ReallocMem
 0001:00001A30       @ResetText
 0001:0000198C       @ROUND
 0001:000034A0       @RunError
 0001:0000206C       @SeekEof
 0001:00002190       @SetEq
 0001:0000197C       @SIN
 0001:000031F4       @StartExe
 0001:000002EC       @strlen
 0001:00001998       @TRUNC
 0001:00002F94       @TryFinallyExit
 0001:000039C4       @UniqueStringA
 0001:000021A4       @ValExt
 0001:000042A4       @ValInt64
 0001:0000208C       @ValLong
 0001:0001313C       @VarAddRef
 0001:0000E998       @VarCast
 0001:0000E3A4       @VarClear
 0001:00003F1C       @VarClr
 0001:0000E3B8       @VarClr
 0001:00013930       @VarCmpNE
 0001:0000402C       @VarCopy
 0001:0000E6CC       @VarCopy
 0001:000126DC       @VarFromBool
 0001:00012568       @VarFromByte
 0001:0001272C       @VarFromCurr
 0001:00012684       @VarFromCurrency
 0001:000126B0       @VarFromDate
 0001:000127D0       @VarFromDisp
 0001:00012658       @VarFromDouble
 0001:0001250C       @VarFromInt
 0001:00012608       @VarFromInt64
 0001:00012548       @VarFromInteger
 0001:000127A4       @VarFromIntf
 0001:000125A8       @VarFromLongWord
 0001:00012740       @VarFromLStr
 0001:00012704       @VarFromReal
 0001:000125C8       @VarFromShortInt
 0001:00012634       @VarFromSingle
 0001:000125E8       @VarFromSmallInt
 0001:00012718       @VarFromTDateTime
 0001:00012588       @VarFromWord
 0001:0001276C       @VarFromWStr
 0001:0000E10C       @VarNull
 0001:0000FE1C       @VarToBoolean
 0001:0000F25C       @VarToByte
 0001:00010FE0       @VarToCurrency
 0001:00010A78       @VarToDate
 0001:00012460       @VarToDisp
 0001:00010324       @VarToDouble
 0001:0000F820       @VarToInt64
 0001:0000ED5C       @VarToInteger
 0001:00012394       @VarToIntf
 0001:0000F4D4       @VarToLongWord
 0001:00011694       @VarToLStr
 0001:0000F1AC       @VarToShortInt
 0001:000106A0       @VarToSingle
 0001:0000F304       @VarToSmallInt
 0001:0000F3FC       @VarToWord
 0001:00011DBC       @VarToWStr
 0001:00003BA4       @WStrArrayClr
 0001:00003BC8       @WStrAsg
 0001:00003B8C       @WStrClr
 0001:00003D04       @WStrCmp
 0001:00003D88       @WStrCopy
 0001:00003CD8       @WStrFromLStr
 0001:00003BEC       @WStrFromPCharLen
 0001:00003C9C       @WStrFromPWChar
 0001:00003C78       @WStrFromPWCharLen
 0001:00003CF8       @WStrLen
 0001:00003DD4       @WStrSetLength
 0001:00003CE8       @WStrToPWChar
 0001:0000216C       @_CLenToPasStr
 0001:00002160       @_CToPasStr
 0001:00001874       @_IOTest
 0001:00004280       @_llmul
 0001:00038258       AbsMin
 0001:0000B0B4       AbstractErrorHandler
 0002:00002028       AbstractErrorProc
 0002:0000014C       AccessMode
 0001:000017DC       AcquireExceptionObject
 0001:00016730       ActivateClassGroup
 0001:00005BF8       ActivateKeyboardLayout
 0002:00002B54       ActiveDrag
 0001:000143CC       ActiveX
 0001:000475F8       ActnList
 0001:00000418       AddBlockAfter
 0002:00000468       AddDataModule
 0001:000073C4       AddExitProc
 0001:000198D4       AddFinished
 0001:0004A93C       AddIn
 0001:00004CD0       AddModuleUnloadProc
 0001:00004CE0       AddModuleUnloadProc
 0001:0001990C       AddNotFinished
 0001:0001A330       AddSubComponentsToLoaded
 0001:00021C1C       AdjustColor
 0001:0005194C       Adjustment
 0001:00005C00       AdjustWindowRectEx
 0001:0006C77C       AlgExt
 0002:00000AC0       Alignments
 0002:00000D78       Alignments
 0002:00000D88       Alignments
 0001:0003D8C4       AlignWork
 0001:00058844       AlignWork
 0001:0001DA24       AllocateHWnd
 0001:00007378       AllocMem
 0002:000025B0       AllocMemCount
 0002:000025B4       AllocMemSize
 0001:00027380       AllocPatternBitmap
 0001:00005514       AllocTlsBuffer
 0002:00000B64       AnchorAlign
 0002:00000B58       AnimateWindowProc
 0002:00000C60       AnimationStyle
 0001:000075A4       AnsiCompareStr
 0001:000075DC       AnsiCompareText
 0001:00007BEC       AnsiLastChar
 0001:00005C08       AnsiLower
 0001:00007570       AnsiLowerCase
 0001:0000B9EC       AnsiLowerCaseFileName
 0001:0000B9B4       AnsiPos
 0001:0004F150       AnsiSameCaption
 0001:00007614       AnsiSameText
 0001:0000762C       AnsiStrLIComp
 0001:0000BA78       AnsiStrPos
 0001:0000BB18       AnsiStrRScan
 0001:0000BB40       AnsiStrScan
 0001:000052B0       AnsiToUtf8
 0001:0000753C       AnsiUpperCase
 0001:0001231C       AnyToIntf
 0001:00009074       AppendChars
 0001:00009438       AppendFormat
 0001:000090D8       AppendNumber
 0001:000090B8       AppendString
 0002:00002BB8       Application
 0002:00000478       ApplicationHandleException
 0002:00000480       ApplicationShowException
 0002:00000EB4       AppVisible
 0001:00005998       Arc
 0001:000275E4       ArcSin
 0001:00027624       ArcTan2
 0002:00000EC8       ArrowKey
 0001:0000B098       AssertErrorHandler
 0002:00002020       AssertErrorProc
 0001:00013E64       AssignLongStr
 0001:00014208       AssignVariant
 0002:00000A44       ATickMarks
 0002:00002608       avail
 0001:00007D28       BackfillGetDiskFreeSpaceEx
 0001:0003ADEC       BackgroundClipped
 0001:0000CF6C       BackupVarBoolFromStr
 0001:0000D0CC       BackupVarBStrFromBool
 0001:0000CFEC       BackupVarBStrFromCy
 0001:0000D05C       BackupVarBStrFromDate
 0001:0000CF00       BackupVarCyFromStr
 0001:0000CE94       BackupVarDateFromStr
 0001:0000CD50       BackupVarI4FromStr
 0001:0000CCFC       BackupVariantChangeTypeEx
 0001:0000CDBC       BackupVarR4FromStr
 0001:0000CE28       BackupVarR8FromStr
 0002:0000033C       BaseTypeMap
 0001:00016A88       BeginGlobalLoading
 0001:00005C10       BeginPaint
 0001:00021C28       BetterSize
 0001:0004B7B0       BiDiDraw
 0001:000059A0       BitBlt
 0002:000009C8       BitBtnCaptions
 0002:00002A98       BitBtnGlyphs
 0002:0000078C       BitCounts
 0002:00000784       BitmapCanvasList
 0002:000028A8       BitmapImageLock
 0001:0000CD38       BiUnimplemented
 0001:00066F00       BlankStr
 0002:000004A0       BlockCode
 0002:000025E0       blockDescBlockList
 0002:000025E4       blockDescFreeList
 0002:0000045C       BooleanIdents
 0002:00000338       BooleanToStringRule
 0001:00007A84       BoolToStr
 0001:0001141C       BoolToWStrViaOS
 0002:00000AB8       BorderStyles
 0001:00015A48       Bounds
 0001:00005658       Bounds
 0002:00000D20       Breaks
 0002:000028E0       BrushManager
 0001:0005FC2C       Build
 0001:0006E048       BuildColorMap
 0001:0004DF64       BuildImage
 0001:0006DFA0       BuildPalette
 0002:00000824       ButtonCaptions
 0002:000007F8       ButtonNames
 0001:0002C4A8       Buttons
 0002:00000D9C       Buttons
 0002:00000AFC       ButtonStyles
 0001:00021408       BytesPerScanline
 0001:00021760       ByteSwapColors
 0001:0000B768       ByteToCharIndex
 0001:0000B740       ByteToCharLen
 0001:0000B704       ByteType
 0001:0000B68C       ByteTypeTest
 0002:00002BA0       CachedComCtrlVer
 0001:00062034       CalcAxis
 0001:00062D5C       CalcAxis
 0001:00062278       CalcAxisState
 0001:000620C0       CalcFixedAxis
 0001:0001D960       CalcJmpOffset
 0001:000621D4       CalcMaxCell
 0001:00064190       CalcPageExtents
 0001:00063A8C       CalcScroll
 0001:000630F4       CalcScrollBar
 0001:00063DF0       CalcSizeInfo
 0001:00045608       CalcSplitterPos
 0001:00005C18       CallNextHookEx
 0001:0000C20C       CallTerminateProcs
 0001:00005C20       CallWindowProc
 0001:00039290       CancelDrag
 0002:00002B68       CanvasList
 0002:000028E4       CanvasList
 0002:00002C14       CanvasX
 0002:00002C18       CanvasY
 0002:000007E4       Captions
 0002:00000C1C       CaptureControl
 0001:0006023C       CaretPos
 0002:00000CC0       cBooleanToItemAutoFlag
 0002:0000036C       CBooleanToRelationship
 0002:00002C34       Center
 0002:00002A86       CF_COMPONENT
 0002:00002A84       CF_PICTURE
 0002:00002814       ChangeAnyProc
 0001:00037810       ChangeBiDiModeAlignment
 0002:00000AE0       CharCases
 0001:000035CC       CharFromWChar
 0001:0000B93C       CharLength
 0001:00005C28       CharLowerBuff
 0001:00005C30       CharNext
 0001:00000264       CharNext
 0001:0001FA54       CharsetToIdent
 0001:0000B850       CharToByteIndex
 0001:0000B8B4       CharToByteLen
 0001:00005C38       CharToOemA
 0001:00005C40       CharUpperBuff
 0001:000221F0       CheckBool
 0001:00002B78       CheckJmp
 0001:00005C48       CheckMenuItem
 0002:00000D10       Checks
 0001:0001A36C       CheckSubComponents
 0001:0001C738       CheckSynchronize
 0001:00051388       CheckTaskWindow
 0001:000127FC       CheckType
 0001:00038F44       CheckUndock
 0001:0000B580       CheckWin32Version
 0002:00000354       CInvalidCustomVariantType
 0002:00000CC4       cItemAutoFlagToBoolean
 0002:00000CBC       cItemAutoFlagToMenu
 0001:0001DBB0       Classes
 0001:000164F4       ClassNotFound
 0002:00002810       ClearAnyProc
 0001:0001F2E4       ClearColor
 0001:00066CA8       ClearItem
 0001:000134E4       ClearVariantTypeList
 0001:00005C50       ClientToScreen
 0001:00042BF0       ClientToWindow
 0001:0002C25C       Clipboard
 0002:0000077C       ClipboardFormats
 0001:0002C348       Clipbrd
 0001:00005C58       CloseClipboard
 0001:00005790       CloseHandle
 0001:00000204       CloseHandle
 0002:00002984       CloseThemeData
 0002:0000203C       CmdLine
 0002:00002038       CmdShow
 0002:00000CB8       cMenuAutoFlagToItem
 0002:00000378       CmpTypeMap
 0001:0000CD44       CmpUnimplemented
 0002:000004FC       Colors
 0001:0001F84C       ColorToIdent
 0002:00000850       ColorToPretyName
 0001:0001F83C       ColorToRGB
 0002:000028F8       ComCtl32DLL
 0002:00002AF0       ComCtlVersion
 0001:0002DA00       ComCtrls
 0002:00002BB4       CommandPool
 0001:00027AFC       CommCtrl
 0001:0002A370       CommDlg
 0001:000006F8       Commit
 0002:00002624       committedRoot
 0001:0005FF98       CompareExtents
 0001:00049F20       CompareFront
 0001:000074A4       CompareMem
 0001:00007474       CompareStr
 0001:00005798       CompareString
 0001:000074C4       CompareText
 0001:000079AC       CompareWith
 0001:0006C064       Compl
 0001:0006BC1C       ComplAbs
 0001:0006BE2C       ComplAdd
 0001:0006C6C4       ComplAlgExt
 0001:0006BB98       ComplDeg
 0001:0006BF74       ComplDiv
 0001:0006C0C4       ComplexAlg
 0001:0006C9A0       ComplMatrixDet
 0001:0006BEB4       ComplMult
 0001:0006D040       ComplMultRowCol
 0001:0006BC54       ComplString
 0001:0006BDA4       ComplSub
 0001:0001A44C       ComponentCreated
 0001:00021FC0       ComputeAldusChecksum
 0001:0002BCFC       ComStrs
 0001:0001DF84       Consts
 0001:0002796C       Contnrs
 0002:00002B26       ControlAtom
 0002:00002B2C       ControlAtomString
 0001:00056114       ControlHasHelp
 0001:00046300       Controls
 0001:0000AAF4       ConvertAddr
 0001:000091C8       ConvertEraString
 0001:00007354       ConvertErrorFmt
 0001:00009330       ConvertYearString
 0001:000044E4       CopyArray
 0001:0002476C       CopyBitmap
 0001:00024E34       CopyBitmapAsMask
 0001:000059A8       CopyEnhMetaFile
 0001:00024DD0       CopyPalette
 0002:00000A54       Copyright
 0001:0004D010       CopyToBest
 0001:0000B7C0       CountChars
 0002:000028C0       CounterLock
 0001:00066A88       CountItem
 0002:00000358       CRangeToType
 0001:0000AFDC       CreateAssertException
 0001:0000B164       CreateAVObject
 0001:000059B0       CreateBitmap
 0001:000059B8       CreateBrushIndirect
 0001:000059C0       CreateCompatibleBitmap
 0001:000059C8       CreateCompatibleDC
 0001:0001A4CC       CreateComponent
 0001:000059D8       CreateDIBitmap
 0001:000059D0       CreateDIBSection
 0001:000057A0       CreateEvent
 0001:000057A8       CreateFile
 0001:0000020C       CreateFileA
 0001:000059E0       CreateFontIndirect
 0001:000059E8       CreateHalftonePalette
 0001:00005C60       CreateIcon
 0001:0000AF08       CreateInOutError
 0001:00005C68       CreateMenu
 0001:000059F0       CreatePalette
 0001:000059F8       CreatePenIndirect
 0001:00005C70       CreatePopupMenu
 0001:00005A00       CreateRectRgn
 0001:00005A08       CreateSolidBrush
 0001:000217B8       CreateSystemPalette
 0001:000057B0       CreateThread
 0001:00006270       CreateWindow
 0001:00006218       CreateWindowEx
 0002:000007DC       CreationControl
 0002:00000B5C       CreationControl
 0002:00000448       CRelationshipToBoolean
 0002:0000031C       CResult
 0002:00000B48       CSHREDRAW
 0002:00000144       cSimpleBoolStrs
 0002:000003F4       CText
 0002:00000C58       Ctl3DStyles
 0001:00060208       Ctrl
 0002:0000261C       curAlloc
 0001:00012A90       CurrCompare
 0002:00002688       CurrencyDecimals
 0002:00002684       CurrencyFormat
 0002:00002680       CurrencyString
 0001:00009060       CurrentYear
 0001:00008BC0       CurrToStr
 0001:000113AC       CurrToWStrViaOS
 0002:00000E38       CursorMap
 0002:00000B6C       Cursors
 0001:00037B30       CursorToIdent
 0002:00000E28       cUseAlpha
 0002:00000E30       cUseColorKey
 0001:00007700       CvtInt
 0001:0000776C       CvtInt64
 0002:00000184       CWNear
 0002:00000B50       Data
 0001:00012A68       DateCompare
 0002:00002689       DateSeparator
 0001:00009C48       DateTimeToStr
 0001:00009BEC       DateTimeToString
 0001:00008CB8       DateTimeToTimeStamp
 0001:000113E4       DateToWStrViaOS
 0001:00009038       DayOfWeek
 0002:00000180       DCon10
 0002:000004F8       DDBsOnly
 0001:0001DAD8       DeallocateHWnd
 0002:00000028       DebugHook
 0002:00002687       DecimalSeparator
 0001:00009018       DecodeDate
 0001:00008ECC       DecodeDateFully
 0001:00008D6C       DecodeTime
 0001:0000078C       Decommit
 0001:00000DA8       DecommitFree
 0002:000025F8       decommittedRoot
 0001:0005946C       Default
 0001:00053D9C       Default
 0002:00000020       Default8087CW
 0002:00000EBC       DefaultBlank
 0002:00000B60       DefaultDockTreeClass
 0002:00000034       DefaultTextLineBreakStyle
 0002:000025BC       DefaultUserCodePage
 0002:0000074C       DefBrushData
 0002:000004CC       DefFontData
 0001:00005C78       DefFrameProc
 0002:00000210       DefLongDayNames
 0002:000001C4       DefLongMonthNames
 0001:00005C80       DefMDIChildProc
 0002:0000072C       DefPenData
 0002:000001F4       DefShortDayNames
 0002:00000194       DefShortMonthNames
 0001:00005C88       DefWindowProc
 0001:00004824       DelayLoadResourceModule
 0001:00000448       DeleteBlock
 0001:000003B8       DeleteCriticalSection
 0001:000057B8       DeleteCriticalSection
 0001:00005A10       DeleteDC
 0001:00005A18       DeleteEnhMetaFile
 0001:00000BF0       DeleteFree
 0001:00005C90       DeleteMenu
 0001:00005A20       DeleteObject
 0001:00024328       DeselectBitmap
 0001:00005C98       DestroyCursor
 0001:00005CA0       DestroyIcon
 0001:0002C3D8       DestroyLocals
 0001:00005CA8       DestroyMenu
 0001:00005CB0       DestroyWindow
 0001:00066644       Detector
 0001:000350A4       DialogEnumerationTester
 0001:0002A9E0       Dialogs
 0002:00000788       DIBPalSizes
 0002:00000098       dig
 0001:000511DC       DisableTaskWindows
 0001:00005CB8       DispatchMessage
 0001:000573F4       DispatchShortCut
 0002:00002000       DispCallByIDProc
 0001:000661DC       DisposeStrItem
 0001:00007338       DivMod
 0001:0002A3A8       Dlgs
 0001:000586F8       DoAlign
 0001:0003D754       DoAlign
 0001:00061ECC       DoCalc
 0001:000418D0       DoCalcConstraints
 0001:00061F34       DoCalcRightToLeft
 0001:000626BC       DoChange
 0002:00002B5C       DockSiteList
 0001:0004DC30       DoClick
 0001:000610A4       DoColWidths
 0001:0003EE98       DoControlMsg
 0001:0005118C       DoDisableWindow
 0001:00038870       DoDragOver
 0001:00007398       DoExitProc
 0001:000438DC       DoFindControlZone
 0001:000512C8       DoFindWindow
 0001:00043E68       DoFindZone
 0001:00043960       DoForEach
 0001:0004526C       DoGetNextLimit
 0001:00051154       DoneApplication
 0001:00046028       DoneControls
 0001:0000B490       DoneExceptions
 0001:00055770       DoNestedActivation
 0001:0001C6F8       DoneThreadSynchronization
 0001:00058548       DoPosition
 0001:0003D314       DoPosition
 0001:00044894       DoPrune
 0001:000610E8       DoRowHeights
 0001:00044D6C       DoSaveZone
 0001:00044F70       DoSetNewBounds
 0001:00060B4C       DoSizeAdjust
 0002:00000464       DotSep
 0001:00063D5C       DoUpdate
 0002:00002C1C       DownX
 0002:00002C20       DownY
 0001:000178C4       DoWrite
 0001:00048580       DoWrite
 0001:00022448       DoWrite
 0001:00023444       DoWrite
 0001:0003E480       DoWriteDesignSize
 0001:0003BEEC       DoWriteIsControl
 0002:00002B40       DragCapture
 0002:00002B34       DragControl
 0001:00038FB8       DragDone
 0001:00038820       DragFindTarget
 0001:000387F4       DragFindWindow
 0002:00002B58       DragImageList
 0001:00038C10       DragInit
 0001:00038D80       DragInitControl
 0002:00002B3C       DragInternalObject
 0001:0003873C       DragMessage
 0002:00002B38       DragObject
 0002:00002B64       DragSave
 0002:00002B4C       DragSaveCursor
 0002:00002B44       DragStartPos
 0002:00002B50       DragThreshold
 0001:00038940       DragTo
 0001:000594A8       DrawAppIcon
 0001:00061424       DrawAxisLines
 0001:0006169C       DrawCells
 0001:00044400       DrawCloseButton
 0001:00005CC0       DrawEdge
 0001:00005CC8       DrawFocusRect
 0001:00005CD0       DrawFrameControl
 0001:00044458       DrawGrabberLine
 0001:00005CD8       DrawIcon
 0001:00005CE0       DrawIconEx
 0002:00000C94       DrawingStyles
 0001:0006160C       DrawLines
 0001:00005CE8       DrawMenuBar
 0001:0004EF70       DrawMenuItem
 0001:00005CF0       DrawText
 0002:00002988       DrawThemeBackground
 0002:000029AC       DrawThemeEdge
 0002:000029B0       DrawThemeIcon
 0002:00002A34       DrawThemeParentBackground
 0002:0000298C       DrawThemeText
 0001:00021288       DupBits
 0001:000044FC       DynArrayClear
 0001:00004504       DynArraySetLength
 0002:00000D80       EdgeStyle
 0002:00000C48       EdgeStyles
 0001:0000AEDC       EHeapException.FreeInstance
 0002:00002C48       ElemClicked
 0001:00005A28       Ellipse
 0001:0006D630       EmitMessage
 0001:00005CF8       EmptyClipboard
 0001:000128F4       EmptyCompare
 0002:000027FC       EmptyParam
 0002:000000C8       EmptyStr
 0002:000000CC       EmptyWideStr
 0001:00005D00       EnableMenuItem
 0002:00000D18       Enables
 0001:00005D08       EnableScrollBar
 0001:00051290       EnableTaskWindows
 0002:00002A1C       EnableThemeDialogTexture
 0002:00002A38       EnableTheming
 0001:00005D10       EnableWindow
 0001:00016B10       EndGlobalLoading
 0001:00005D18       EndPaint
 0001:000057C0       EnterCriticalSection
 0001:000003A8       EnterCriticalSection
 0001:000057C8       EnumCalendarInfoA
 0001:00005D20       EnumClipboardFormats
 0002:0000291C       EnumDisplayMonitors
 0001:0000A768       EnumEraNames
 0001:0000A7A4       EnumEraYearOffsets
 0001:00054360       EnumMonitorsProc
 0001:00005D28       EnumThreadWindows
 0001:00019C7C       EnumValue
 0001:00005D30       EnumWindows
 0001:00005D38       EqualRect
 0002:00002750       EraNames
 0001:00009EC0       EraToYear
 0002:0000276C       EraYearOffsets
 0002:00000070       errCaption
 0001:00019460       Error
 0001:00016098       Error
 0001:00049C70       Error
 0001:00001868       Error
 0002:00000004       ErrorAddr
 0001:0000181C       ErrorAt
 0001:0000AF88       ErrorHandler
 0002:0000022C       ErrorMap
 0002:00002008       ErrorProc
 0002:000023E4       ErrOutput
 0001:000017BC       ExceptAddr
 0002:0000200C       ExceptClsProc
 0001:0000B3FC       ExceptHandler
 0001:0000AD50       Exception.Create
 0001:0000AD8C       Exception.CreateFmt
 0001:0000AE0C       Exception.CreateRes
 0001:0000AE48       Exception.CreateResFmt
 0002:0000201C       ExceptionClass
 0001:0000AB00       ExceptionErrorMessage
 0002:00000264       ExceptMap
 0001:0000179C       ExceptObject
 0002:00002010       ExceptObjProc
 0002:00002004       ExceptProc
 0001:00005A30       ExcludeClipRect
 0001:0006C80C       ExcludeRowCol
 0002:00000000       ExitCode
 0001:00003300       ExitDll
 0002:00002044       ExitProc
 0001:0000026C       ExitProcess
 0002:00002024       ExitProcessProc
 0002:00000140       ExitProcList
 0001:000663AC       ExpandDir
 0001:00007CEC       ExpandFileName
 0001:0002C694       ExtActns
 0001:00005A38       ExtCreatePen
 0001:0002BC9C       ExtCtrls
 0001:0002C500       ExtDlgs
 0002:00000B28       ExtendSelects
 0001:00007CA4       ExtractFileExt
 0001:00007C6C       ExtractFileName
 0001:00005A40       ExtTextOut
 0002:0000278C       FalseBoolStrs
 0002:00002A8C       FClipboard
 0002:00000174       FCon1E18
 0001:00007BE4       FileClose
 0001:00007B4C       FileCreate
 0001:00007B28       FileCreate
 0002:00000780       FileFormats
 0002:00000008       FileMode
 0001:00001A78       FileNOPProc
 0001:00007AD0       FileOpen
 0001:00007B54       FileRead
 0002:00000490       FilerSignature
 0001:00007BAC       FileSeek
 0001:00007B80       FileWrite
 0001:00000CD8       FillAfterGap
 0001:00000C84       FillBeforeGap
 0001:000613D0       FillDWord
 0001:00000D70       FillerSizeAfterGap
 0001:00000D00       FillerSizeBeforeGap
 0001:00005D40       FillRect
 0001:0003531C       Finalization
 0001:0001DF54       Finalization
 0001:0005B6AC       Finalization
 0001:0008C584       Finalization
 0001:0008C540       Finalization
 0001:0005E234       Finalization
 0001:00080A2C       Finalization
 0001:00068AD0       Finalization
 0001:000297C4       Finalization
 0001:0006BB60       Finalization
 0001:0006C094       Finalization
 0001:0001DB00       Finalization
 0001:00029618       Finalization
 0001:000063C0       Finalization
 0001:00013940       Finalization
 0001:000063F8       Finalization
 0001:00046298       Finalization
 0001:00013B7C       Finalization
 0001:000475C8       Finalization
 0001:0006D2E8       Finalization
 0001:00006710       Finalization
 0001:00034698       Finalization
 0001:00034530       Finalization
 0001:0006D338       Finalization
 0001:0002A148       Finalization
 0001:0002A1B8       Finalization
 0001:0002A1F0       Finalization
 0001:000292F4       Finalization
 0001:0002A228       Finalization
 0001:00048CD0       Finalization
 0001:000292BC       Finalization
 0001:00029274       Finalization
 0001:0002A260       Finalization
 0001:0002A298       Finalization
 0001:0002828C       Finalization
 0001:0002A2D0       Finalization
 0001:0002A308       Finalization
 0001:0002824C       Finalization
 0001:0002A340       Finalization
 0001:0002E5EC       Finalization
 0001:00081CB0       Finalization
 0001:0002A378       Finalization
 0001:00080BE4       Finalization
 0001:0005C12C       Finalization
 0001:0002D988       Finalization
 0001:0008066C       Finalization
 0001:00027ACC       Finalization
 0001:0002793C       Finalization
 0001:00027684       Finalization
 0001:000273B8       Finalization
 0001:0000CADC       Finalization
 0001:0004F24C       Finalization
 0001:00014344       Finalization
 0001:0001439C       Finalization
 0001:0002C69C       Finalization
 0001:0002C644       Finalization
 0001:0002C5EC       Finalization
 0001:0002C588       Finalization
 0001:0002C520       Finalization
 0001:0002C4D0       Finalization
 0001:0002A984       Finalization
 0001:0002C470       Finalization
 0001:000053CC       Finalization
 0001:0000D498       Finalization
 0001:0002BC54       Finalization
 0001:0002C3A0       Finalization
 0001:0002C30C       Finalization
 0001:0002BCCC       Finalization
 0001:00005674       Finalization
 0001:000055FC       Finalization
 0001:000044F4       FinalizeArray
 0001:00003134       FinalizeUnits
 0001:0004D9F0       Find
 0001:00004894       FindBS
 0001:000165B4       FindClass
 0001:0000481C       FindClassHInstance
 0001:0000027C       FindClose
 0001:00000C54       FindCommitted
 0001:00037910       FindControl
 0001:00044094       FindControlAtPos
 0001:00013840       FindCustomVariantType
 0001:00013788       FindCustomVariantType
 0001:000392DC       FindDragTarget
 0001:0001A67C       FindExistingComponent
 0001:00000284       FindFirstFile
 0001:000169A0       FindGlobalComponent
 0001:000513D4       FindGlobalComponent
 0002:00002860       FindGlobalComponentProcs
 0001:000047F4       FindHInstance
 0001:00016848       FindIdentToInt
 0002:00002A78       FindMsg
 0001:0001980C       FindNestedComponent
 0001:00049C38       FindPopupControl
 0001:0000D160       FindProc
 0001:000057D0       FindResource
 0001:0000486C       FindResourceHInstance
 0001:0005AF00       FindScanline
 0001:0003412C       FindString
 0001:0005132C       FindTopMostWindow
 0001:0001B560       FindUniqueName
 0001:00013430       FindVarData
 0001:000392A8       FindVCLWindow
 0001:00005D48       FindWindow
 0001:000350FC       FindWinHelp
 0001:00024720       FixupBitFields
 0002:00000D90       Flags
 0002:0000279C       FLanguages
 0001:00029648       FlatSB
 0002:00002948       FlatSB_EnableScrollBar
 0002:00002954       FlatSB_GetScrollInfo
 0002:00002958       FlatSB_GetScrollPos
 0002:00002950       FlatSB_GetScrollRange
 0002:00002960       FlatSB_SetScrollInfo
 0002:0000295C       FlatSB_SetScrollPos
 0001:00029338       FlatSB_SetScrollProp
 0002:00002964       FlatSB_SetScrollRange
 0002:0000294C       FlatSB_ShowScrollBar
 0001:00008850       FloatToDecimal
 0001:00008B90       FloatToStr
 0001:00008BF0       FloatToStrF
 0001:0000857C       FloatToText
 0001:00001D44       Flush
 0002:00000188       FMSecsPerDay
 0001:00008478       FmtStr
 0002:00000DAC       FocusCount
 0002:00000DA8       FocusMessages
 0002:0000069C       FontCharsets
 0002:000028D8       FontManager
 0001:000513A8       ForegroundTask
 0002:00002C30       Form1
 0002:00002BF8       Form2
 0002:00002C00       Form3
 0002:00002C08       Form4
 0001:00008464       Format
 0002:00000190       Format
 0001:0000806C       FormatBuf
 0001:00008060       FormatClearStr
 0001:00007FE4       FormatError
 0002:0000016C       FormatErrorStrs
 0001:00069CD8       FormatLine
 0001:0006D638       FormatMessage
 0001:000057D8       FormatMessage
 0001:0000803C       FormatVarToStr
 0001:0005B708       Forms
 0001:000601EC       ForwardMovement
 0001:000022A8       FPower10
 0002:000007D8       FPrinter
 0001:00005D50       FrameRect
 0001:0000C6BC       FreeAndNil
 0001:000009C0       FreeCommitted
 0001:00000EE0       FreeCurAlloc
 0001:0003939C       FreeDeviceContext
 0001:00039458       FreeDeviceContexts
 0001:0001D8CC       FreeIntConstList
 0001:00067174       FreeItem
 0001:000057E0       FreeLibrary
 0001:0000028C       FreeLibrary
 0001:0002427C       FreeMemoryContexts
 0001:0001DA00       FreeObjectInstance
 0001:000057F0       FreeResource
 0001:00000640       FreeSpace
 0001:0000C228       FreeTerminateProcs
 0001:000297FC       FreeThemeLibrary
 0002:00002AEC       FRichEditModule
 0001:00021278       GDICheck
 0001:000211D0       GDIError
 0001:00005A48       GdiFlush
 0001:00001964       Get8087CW
 0001:000057F8       GetACP
 0001:00005D58       GetActiveWindow
 0001:00058BD4       GetAnimation
 0001:00005A50       GetBitmapBits
 0001:000003C0       GetBlockDesc
 0001:00005A58       GetBrushOrgEx
 0001:00005D60       GetCapture
 0001:00037BD8       GetCaptureControl
 0001:00005D68       GetCaretPos
 0001:00016560       GetClass
 0001:00005D70       GetClassInfo
 0001:00005D78       GetClassName
 0001:00005D80       GetClientRect
 0001:00005D88       GetClipboardData
 0001:00022D78       GetClipboardFormats
 0001:00005A60       GetClipBox
 0001:0000035C       GetCmdShow
 0001:00047798       GetColor
 0001:0002CFAC       GetComCtlVersion
 0001:00000294       GetCommandLine
 0001:0000080C       GetCommitted
 0001:0000089C       GetCommittedAt
 0001:0003EA4C       GetControlAtPos
 0001:00009124       GetCount
 0001:00005800       GetCPInfo
 0001:00005A68       GetCurrentPositionEx
 0001:00005808       GetCurrentProcessId
 0002:00002A2C       GetCurrentThemeName
 0001:0000034C       GetCurrentThreadId
 0001:00005810       GetCurrentThreadId
 0001:0000617C       GetCurrentTime
 0001:00005D90       GetCursor
 0001:0005AF10       GetCursorHeightMargin
 0001:00005D98       GetCursorPos
 0001:00009150       GetDate
 0001:00005818       GetDateFormat
 0001:00009DD8       GetDateOrder
 0001:00005DA0       GetDC
 0001:00005DA8       GetDCEx
 0001:00005A70       GetDCOrgEx
 0001:00026FC8       GetDefFontCharSet
 0001:00005DB0       GetDesktopWindow
 0001:00005A88       GetDeviceCaps
 0001:000221D8       GetDIB
 0001:00005A78       GetDIBColorTable
 0001:00005A80       GetDIBits
 0001:00022120       GetDIBSizes
 0001:000213E8       GetDInColors
 0001:00005820       GetDiskFreeSpaceA
 0002:0000013C       GetDiskFreeSpaceEx
 0001:0004534C       GetDockAlign
 0001:00038580       GetDockSiteAtPos
 0001:00005DB8       GetDoubleClickTime
 0001:000388AC       GetDropCtl
 0001:00002928       GetDynaMethod
 0001:00005A90       GetEnhMetaFileBits
 0001:00005A98       GetEnhMetaFileHeader
 0001:00005AA0       GetEnhMetaFilePaletteEntries
 0001:00013BEC       GetEnumNameValue
 0001:00013C38       GetEnumValue
 0001:0000A81C       GetEraNamesAndYearOffsets
 0001:00009E6C       GetEraYearOffset
 0001:0000B14C       GetExceptionClass
 0001:0000B330       GetExceptionObject
 0001:000164E8       GetFieldClassTable
 0001:00022D58       GetFileFormats
 0001:0000021C       GetFileSize
 0001:00000214       GetFileType
 0001:0000B5A0       GetFileVersion
 0001:00005980       GetFileVersionInfo
 0001:00005988       GetFileVersionInfoSize
 0001:00005DC0       GetFocus
 0001:0001FA74       GetFontData
 0001:00005DC8       GetForegroundWindow
 0001:0000BDE0       GetFormatSettings
 0001:00005828       GetFullPathName
 0001:0001EFE0       GetHashCode
 0001:0005614C       GetHelpInfo
 0001:0002870C       GetHelpSystem
 0001:000589B8       GetHint
 0001:000589F0       GetHintControl
 0001:0004F0EC       GetHotkey
 0001:00005DD0       GetIconInfo
 0001:00005DE8       GetKeyboardLayout
 0001:00005DF0       GetKeyboardLayoutList
 0001:00005DF8       GetKeyboardState
 0001:00002594       GetKeyboardType
 0001:00005DD8       GetKeyNameText
 0001:00005DE0       GetKeyState
 0001:00005E00       GetLastActivePopup
 0001:00043614       GetLastChildZone
 0001:00005830       GetLastError
 0001:0000029C       GetLastError
 0001:0000A5E0       GetLocaleChar
 0001:00005840       GetLocaleInfo
 0001:000002A4       GetLocaleInfo
 0001:0000A594       GetLocaleStr
 0001:00005838       GetLocalTime
 0001:00037B94       GetLongHint
 0001:00005E08       GetMenu
 0001:000560D4       GetMenuHelpContext
 0001:00005E10       GetMenuItemCount
 0001:00005E18       GetMenuItemID
 0001:00005E20       GetMenuItemInfo
 0001:0004C23C       GetMenuSize
 0001:00005E28       GetMenuState
 0001:00005E30       GetMenuString
 0001:00005E38       GetMessageTime
 0001:00005848       GetModuleFileName
 0001:000002AC       GetModuleFileName
 0001:000002B4       GetModuleHandle
 0001:00005850       GetModuleHandle
 0001:000054F4       GetModuleHandle
 0002:00002910       GetMonitorInfo
 0002:00002914       GetMonitorInfoA
 0002:00002918       GetMonitorInfoW
 0001:0000A644       GetMonthDayNames
 0001:00005E40       GetNextWindow
 0001:00005AA8       GetObject
 0001:00013D0C       GetOrdProp
 0001:00005AB0       GetPaletteEntries
 0001:00005E48       GetParent
 0001:000515A0       GetParentForm
 0001:00005AB8       GetPixel
 0001:00005858       GetProcAddress
 0001:000002BC       GetProcAddress
 0001:00005E50       GetProp
 0001:00013C9C       GetPropInfo
 0001:00051A60       GetRealScrollPosition
 0001:00047778       GetRGBColor
 0001:00005E58       GetScrollInfo
 0001:00005E60       GetScrollPos
 0001:00005E68       GetScrollRange
 0001:00037B50       GetShortHint
 0001:00000564       GetSpace
 0001:000005C8       GetSpaceAt
 0001:00049CC8       GetSpecialName
 0001:000002C4       GetStartupInfo
 0001:00000224       GetStdHandle
 0001:00005860       GetStdHandle
 0001:00005AC0       GetStockObject
 0001:00005868       GetStringTypeEx
 0001:00005E70       GetSubMenu
 0001:00005E78       GetSysColor
 0001:00005E80       GetSysColorBrush
 0001:00005870       GetSystemInfo
 0001:00005E88       GetSystemMenu
 0002:00002900       GetSystemMetrics
 0001:00005E90       GetSystemMetrics
 0001:00005AC8       GetSystemPaletteEntries
 0001:00005AD0       GetTextExtentPoint32
 0001:00005AD8       GetTextMetrics
 0002:00002A24       GetThemeAppProperties
 0002:00002990       GetThemeBackgroundContentRect
 0002:00002994       GetThemeBackgroundExtent
 0002:000029A4       GetThemeBackgroundRegion
 0002:000029C8       GetThemeBool
 0002:000029BC       GetThemeColor
 0002:00002A30       GetThemeDocumentationProperty
 0002:000029D0       GetThemeEnumValue
 0002:000029F0       GetThemeFilename
 0002:000029D8       GetThemeFont
 0002:000029CC       GetThemeInt
 0002:000029E4       GetThemeIntList
 0002:000029E0       GetThemeMargins
 0002:000029C0       GetThemeMetric
 0002:00002998       GetThemePartSize
 0002:000029D4       GetThemePosition
 0002:000029E8       GetThemePropertyOrigin
 0002:000029DC       GetThemeRect
 0002:000029C4       GetThemeString
 0002:000029FC       GetThemeSysBool
 0002:000029F4       GetThemeSysColor
 0002:000029F8       GetThemeSysColorBrush
 0002:00002A04       GetThemeSysFont
 0002:00002A0C       GetThemeSysInt
 0002:00002A00       GetThemeSysSize
 0002:00002A08       GetThemeSysString
 0002:0000299C       GetThemeTextExtent
 0002:000029A0       GetThemeTextMetrics
 0001:000002CC       GetThreadLocale
 0001:00005878       GetThreadLocale
 0001:00005880       GetTickCount
 0001:00009188       GetTime
 0001:00005520       GetTlsSize
 0001:00059184       GetTopMostWindows
 0001:00037CE0       GetTopParent
 0001:00005E98       GetTopWindow
 0001:00013BE0       GetTypeData
 0001:00000354       GetVersion
 0001:00005888       GetVersion
 0001:00005890       GetVersionEx
 0001:00005EA0       GetWindow
 0001:00005EA8       GetWindowDC
 0001:00005EB0       GetWindowLong
 0001:00005AE8       GetWindowOrgEx
 0001:00005EB8       GetWindowPlacement
 0001:00005EC0       GetWindowRect
 0001:00005EC8       GetWindowText
 0002:00002A18       GetWindowTheme
 0001:00005ED0       GetWindowThreadProcessId
 0001:00005ED8       GetWindowThreadProcessId
 0001:00005AE0       GetWinMetaFileBits
 0001:00005898       GlobalAddAtom
 0001:000058A0       GlobalAlloc
 0001:00006188       GlobalAllocPtr
 0001:000058A8       GlobalDeleteAtom
 0001:000058B0       GlobalFindAtom
 0002:00002864       GlobalFixupList
 0001:00019954       GlobalFixupReferences
 0001:000058B8       GlobalFree
 0001:000061B4       GlobalFreePtr
 0001:000058C8       GlobalHandle
 0001:000058C0       GlobalLock
 0002:00002848       GlobalNameSpace
 0001:000058D0       GlobalReAlloc
 0001:00006198       GlobalReAllocPtr
 0001:000058D8       GlobalUnlock
 0002:00002C3C       Graph
 0001:0002748C       Graphics
 0002:00002C28       GraphSet
 0001:0005FB40       GridRect
 0001:00068B00       Grids
 0002:00002C0C       GridScale
 0001:000166DC       GroupDescendentsWith
 0001:0000E034       HandleConversionException
 0001:00056354       HandleEdge
 0001:0001ADB8       HandleException
 0002:00000024       HeapAllocFlags
 0002:000025C4       heapErrorCode
 0002:000025C8       heapLock
 0001:000292B4       HelpIntfs
 0002:0000293C       HelpManager
 0002:00002A74       HelpMsg
 0002:00002B10       HelpViewer
 0002:00002B14       HelpViewerIntf
 0002:00000138       HexDisplayPrefix
 0002:00000AEC       HideSelections
 0001:000453C8       HideZone
 0002:00002664       HInstance
 0002:00002BCC       HintDoneEvent
 0001:00058AC0       HintGetMsgHook
 0002:00002BD0       HintHook
 0001:00058A64       HintMouseThread
 0002:00002BD4       HintThread
 0002:00002BC8       HintThreadID
 0001:00058A10       HintTimerProc
 0002:00000DA0       HintWindowClass
 0002:000029A8       HitTestThemeBackground
 0001:00058B04       HookHintHooks
 0001:000062C8       HwndMSWheel
 0002:00000D34       IBreaks
 0002:00000D40       IChecks
 0002:00000D48       IDefaults
 0001:0001FA64       IdentToCharset
 0001:0001F85C       IdentToColor
 0001:00037B40       IdentToCursor
 0001:000168C4       IdentToInt
 0002:00000D50       IEnables
 0001:0004CFE0       IfHotkeyAvailable
 0002:00002BA4       ImageListWriteExProc
 0001:00027A28       ImageList_Add
 0001:00027A48       ImageList_AddIcon
 0001:00027A6C       ImageList_BeginDrag
 0001:00027A10       ImageList_Create
 0001:00027A18       ImageList_Destroy
 0001:00027A7C       ImageList_DragEnter
 0001:00027A84       ImageList_DragLeave
 0001:00027A8C       ImageList_DragMove
 0001:00027A9C       ImageList_DragShowNolock
 0001:00027A54       ImageList_Draw
 0001:00027A5C       ImageList_DrawEx
 0001:00027A74       ImageList_EndDrag
 0001:00027A40       ImageList_GetBkColor
 0001:00027AA4       ImageList_GetDragImage
 0001:00027ABC       ImageList_GetIconSize
 0001:00027A20       ImageList_GetImageCount
 0001:00027AAC       ImageList_Read
 0001:00027A64       ImageList_Remove
 0001:00027A30       ImageList_ReplaceIcon
 0001:00027A38       ImageList_SetBkColor
 0001:00027A94       ImageList_SetDragCursorImage
 0001:00027AC4       ImageList_SetIconSize
 0001:00027AB4       ImageList_Write
 0002:00000CA4       Images
 0001:00048D00       ImgList
 0001:000282BC       Imm
 0002:00000C88       IMM32DLL
 0001:00045FB8       Imm32GetContext
 0001:00046014       Imm32IsIME
 0001:00045FCC       Imm32ReleaseContext
 0001:00045FFC       Imm32SetCompositionFont
 0001:00045FE4       Imm32SetCompositionWindow
 0002:0000018C       IMSecsPerDay
 0001:0000E120       InBounds
 0001:0000E3C0       InBounds
 0001:0005FBE0       Includes
 0001:0000E150       Increment
 0001:0000E3F0       Increment
 0001:00005EE0       InflateRect
 0001:0002C568       IniFiles
 0001:00000A4C       InitAllocator
 0001:00027B04       InitAnApi
 0002:00002928       InitApis
 0001:0002797C       InitComCtl
 0001:0002CF80       InitCommonControl
 0001:00027974       InitCommonControls
 0001:000279DC       InitCommonControlsEx
 0001:00016B6C       InitComponent
 0002:00002634       InitContext
 0001:000460B0       InitControls
 0001:0006D908       InitDecompressor
 0001:0006E958       InitDefaults
 0001:0002700C       InitDefFontData
 0001:0000C248       InitDriveSpacePtr
 0001:0000B40C       InitExceptions
 0001:00029394       InitFlatSB
 0001:0002A830       InitGlobals
 0001:00021FD8       InitializeBitmapInfoHeader
 0001:000003A0       InitializeCriticalSection
 0001:000058E0       InitializeCriticalSection
 0002:000025C0       initialized
 0001:0002936C       InitializeFlatSB
 0001:000055AC       InitializeModule
 0001:0000D18C       InitializeVarUtils
 0001:00045C58       InitIMM32
 0001:00016C14       InitInheritedComponent
 0001:0000BBF4       InitLeadBytes
 0001:000281E0       InitMultiMonStubs
 0001:0000B510       InitPlatformId
 0002:00002040       InitProc
 0001:0005B620       InitProcs
 0001:00026F90       InitScreenLogPixels
 0001:0000BC6C       InitSysLocale
 0001:000299BC       InitThemeLibrary
 0001:0001C6C4       InitThreadSynchronization
 0001:00005528       InitThreadTLS
 0001:00003194       InitUnits
 0001:00037824       InitWndProc
 0002:00000C28       InnerStyles
 0002:0000204C       Input
 0001:0003D288       InsertBefore
 0001:000584E8       InsertBefore
 0001:00000E58       InsertFree
 0001:0004D094       InsertHotkeyFarEastFormat
 0001:00005EE8       InsertMenu
 0001:00005EF0       InsertMenuItem
 0001:0006AF98       InsertOK
 0002:00002880       InstBlockList
 0002:00002884       InstFreeList
 0001:00012A04       Int64Compare
 0001:000129F0       IntCompare
 0002:00002858       IntConstList
 0002:00000B30       IntegralHeights
 0001:0000C2B0       InterlockedDecrement
 0001:00000344       InterlockedDecrement
 0001:000057E8       InterlockedExchange
 0001:0000C2BC       InterlockedExchange
 0001:0000C2C4       InterlockedExchangeAdd
 0001:0000033C       InterlockedIncrement
 0001:0000C2A4       InterlockedIncrement
 0001:00001AB8       InternalClose
 0001:0001EF6C       InternalDeletePalette
 0001:00001CFC       InternalFlush
 0001:00000CB4       InternalFreeMem
 0001:00022128       InternalGetDIB
 0001:000220BC       InternalGetDIBSizes
 0001:00016A04       InternalReadComponentRes
 0002:00002AF8       InternalServices
 0001:00003978       InternalUniqueString
 0001:00005AF0       IntersectClipRect
 0001:00005EF8       IntersectRect
 0001:000275B4       IntPower
 0001:00007860       IntToHex
 0001:00016904       IntToIdent
 0001:0000774C       IntToStr
 0001:00007838       IntToStr
 0001:00005F00       InvalidateRect
 0001:00021158       InvalidBitmap
 0001:00021140       InvalidGraphic
 0001:00021164       InvalidIcon
 0001:00021170       InvalidMetafile
 0001:0005FB28       InvalidOp
 0001:00021128       InvalidOperation
 0001:0006D5A4       InvalidOperation
 0001:00015A70       InvalidPoint
 0002:00002798       InvalidPointer
 0001:000027E0       InvokeImplGetter
 0001:000018E8       IOResult
 0002:00000D70       IOwnerDraw
 0002:00000D58       IRadios
 0002:00000D68       IRTL
 0001:00051530       IsAccel
 0001:0004E244       IsAccelChar
 0002:00002A14       IsAppThemed
 0001:00038338       IsBeforeTargetWindow
 0001:00005F08       IsCharAlpha
 0001:00005F10       IsCharAlphaNumeric
 0001:00005F18       IsChild
 0002:00002048       IsConsole
 0001:00038794       IsDelphiHandle
 0001:00005F20       IsDialogMessage
 0002:00000D60       ISeparators
 0001:00005F28       IsIconic
 0001:0004E2A0       IsInitialChar
 0001:0005DA00       IsKatakana
 0001:00008DC8       IsLeapYear
 0002:00002034       IsLibrary
 0001:0005BD94       IsLiteralChar
 0002:00002049       IsMultiThread
 0001:00043078       IsOrientationSet
 0001:00005F30       IsRectEmpty
 0001:0003853C       IsSiteChildOfClient
 0002:00002A10       IsThemeActive
 0002:000029B8       IsThemeBackgroundPartiallyTransparent
 0002:00002A20       IsThemeDialogTextureEnabled
 0002:000029B4       IsThemePartDefined
 0001:000169E0       IsUniqueGlobalComponentName
 0002:0000284C       IsUniqueGlobalComponentNameProc
 0001:0000769C       IsValidIdent
 0001:0000BC54       IsWesternGroup
 0001:00005F38       IsWindow
 0001:00005F40       IsWindowEnabled
 0001:00005F48       IsWindowVisible
 0001:00005F50       IsZoomed
 0001:0004A094       Iterate
 0001:0004A0F4       IterateMenus
 0001:0006D368       JConsts
 0002:0000002C       JITEnable
 0001:000806AC       jpeg
 0002:00000ED4       JPEGDefaults
 0001:0006D5BC       JpegError
 0001:000705AC       jpeg_calc_output_dimensions
 0001:0006ECCC       jpeg_consume_input
 0001:0007AEE4       jpeg_CreateCompress
 0001:0006E998       jpeg_CreateDecompress
 0001:0007A198       jpeg_destroy
 0001:0006EA68       jpeg_destroy_decompress
 0001:0007B004       jpeg_finish_compress
 0001:0006EDE0       jpeg_finish_decompress
 0001:00070494       jpeg_finish_output
 0001:0006EDAC       jpeg_has_multiple_scans
 0001:0006EC60       jpeg_read_header
 0001:000702F8       jpeg_read_scanlines
 0001:00079FDC       jpeg_save_markers
 0001:0007A684       jpeg_set_colorspace
 0001:0007A510       jpeg_set_defaults
 0001:0007A414       jpeg_set_quality
 0001:0007AAEC       jpeg_simple_progression
 0001:0007AD04       jpeg_start_compress
 0001:00070170       jpeg_start_decompress
 0001:00070434       jpeg_start_output
 0001:0007A2B8       jpeg_stdio_dest
 0001:00070104       jpeg_stdio_src
 0002:00000EDC       jpeg_std_error
 0001:0007AD78       jpeg_write_scanlines
 0001:000514E4       KeyboardStateToShiftState
 0001:000514A8       KeyDataToShiftState
 0001:00051454       KeysToShiftState
 0001:0005FFD4       KillMessage
 0001:00005F58       KillTimer
 0001:00007C1C       LastDelimiter
 0001:0000BB80       LCIDToCodePage
 0001:00005358       LCIDToCodePage
 0002:00000118       LeadBytes
 0001:000058E8       LeaveCriticalSection
 0001:000003B0       LeaveCriticalSection
 0001:000602D0       LeftSide
 0002:00000038       LibModuleList
 0001:00062D00       LinePos
 0001:00005AF8       LineTo
 0001:0002C6CC       ListActns
 0001:00039324       ListAdd
 0001:0003934C       ListRemove
 0002:0000274E       ListSeparator
 0001:00005F60       LoadBitmap
 0001:00005F68       LoadCursor
 0001:00005F70       LoadIcon
 0001:00005F78       LoadKeyboardLayout
 0001:000058F0       LoadLibrary
 0001:000002D4       LoadLibraryEx
 0001:000058F8       LoadResource
 0001:00004A60       LoadResourceModule
 0001:00005300       LoadResString
 0001:00005F80       LoadString
 0001:000002DC       LoadString
 0001:00000380       LocalAlloc
 0001:000054FC       LocalAlloc
 0002:00002C2C       locale
 0001:00000388       LocalFree
 0001:0000A608       LocalGetLocaleStr
 0002:00002A48       Lock
 0001:00005900       LockResource
 0002:00002690       LongDateFormat
 0002:00002724       LongDayNames
 0002:000026D8       LongMonthNames
 0001:0005FFCC       LongMulDiv
 0002:000026A4       LongTimeFormat
 0001:00007438       LowerCase
 0001:00005978       lstrcpy
 0001:000002E4       lstrcpyn
 0002:00002820       LVarTypes
 0002:00002824       LVarTypeSync
 0002:0000202C       MainInstance
 0002:00002030       MainThreadID
 0001:00000410       MakeEmpty
 0001:000032A4       MakeErrorMessage
 0002:00000C74       MakeLast
 0001:00006170       MakeLong
 0001:00006208       MakeLParam
 0001:0001D968       MakeObjectInstance
 0001:000061C8       MakeROP4
 0001:000663E8       MakeSec
 0001:00006200       MakeWParam
 0001:0000B0CC       MapException
 0001:0002C63C       Mapi
 0002:00000A04       MAPIDLL
 0002:00000A08       MAPIModule
 0001:00002FAC       MapToRunError
 0001:00005F88       MapVirtualKey
 0001:00005F90       MapWindowPoints
 0002:00000CAC       Mask
 0001:0005E264       Mask
 0001:00005B00       MaskBlt
 0001:0005B94C       MaskDoFormatText
 0002:00000EC0       MaskFieldSeparator
 0001:0005B75C       MaskGetCharType
 0001:0005B8B0       MaskGetCurrentDirectives
 0001:0005BBEC       MaskGetMaskBlank
 0001:0005BB68       MaskGetMaskSave
 0001:0005B92C       MaskIntlLiteralToChar
 0002:00000EC4       MaskNoSave
 0001:0005BCE4       MaskOffsetToOffset
 0001:0005BC58       MaskOffsetToString
 0001:0005C15C       MaskUtils
 0001:000276B4       Math
 0001:0006C270       MatrixAdd
 0001:0006C594       MatrixAdj
 0001:0006D318       MatrixAlg
 0001:0006CB98       MatrixDet
 0001:0006C414       MatrixInverse
 0001:0006CCD4       MatrixMult
 0001:0006D164       MatrixMultReal
 0001:0006C0CC       MatrixSub
 0001:00063024       Max
 0001:0002767C       Max
 0001:00053DE8       MaximizedChildren
 0002:00000040       MemoryManager
 0002:00000CC8       MenuKeyCaps
 0001:0004F2BC       Menus
 0001:00000460       MergeBlockAfter
 0001:00000F2C       MergeCommit
 0001:00005F98       MessageBeep
 0001:00005FA0       MessageBox
 0001:00000274       MessageBox
 0001:00006428       Messages
 0001:00017278       Min
 0001:00062FFC       Min
 0001:00027634       Min
 0001:0002763C       Min
 0001:00062650       MinRedraw
 0001:0003CBD0       MinVar
 0002:00002930       MMAvailable
 0002:00000C8C       ModeMap
 0001:0005FE34       ModifyExtents
 0001:0006322C       ModifyPixelScrollBar
 0001:00055AE0       ModifySystemMenu
 0002:000000B0       Module
 0002:00002661       ModuleIsCpp
 0002:00002660       ModuleIsLib
 0001:0001D938       ModuleUnload
 0002:0000003C       ModuleUnloadList
 0002:0000290C       MonitorFromPoint
 0002:00002908       MonitorFromRect
 0002:00002904       MonitorFromWindow
 0002:000000E8       MonthDays
 0002:00002B18       Mouse
 0002:00002C10       MouseState
 0002:00002C40       MouseState
 0001:00001908       Move
 0001:00067214       MoveColData
 0001:0005FF40       MoveExtent
 0001:00005B08       MoveToEx
 0001:0003936C       MoveWindowOrg
 0001:00005908       MulDiv
 0001:000002F4       MultiByteToWideChar
 0002:00000B38       MultiColumns
 0001:0005B0C4       MultiLineWidth
 0001:0002827C       MultiMon
 0002:00000B20       MultiSelects
 0001:0006CF74       MultRowCol
 0002:00002685       NegCurrFormat
 0001:00000FB8       NewCommit
 0001:00000FE4       NewCommitAt
 0001:000661B0       NewStrItem
 0002:00002B1C       NewStyleControls
 0001:0000B978       NextCharIndex
 0001:0004305C       NextVisibleZone
 0002:00000494       NilMethod
 0002:00000030       NoErrMsg
 0001:0004AEA8       NormalDraw
 0001:00002B64       NotifyAnyExcept
 0001:00002B38       NotifyExcept
 0001:00002B98       NotifyExceptFinally
 0001:00016AE0       NotifyGlobalLoading
 0001:00004D60       NotifyModuleUnload
 0001:00002B14       NotifyNonDelphiException
 0001:00002B50       NotifyOnExcept
 0001:00002AF8       NotifyReRaise
 0001:00002BC0       NotifyTerminate
 0001:00002BDC       NotifyUnhandled
 0001:0004DC20       NthParentOf
 0001:00013928       Null
 0002:00000330       NullAsStringValue
 0001:00012908       NullCompare
 0002:00000324       NullEqualityRule
 0002:00000328       NullMagnitudeRule
 0002:0000032C       NullStrictConvert
 0002:00002C44       ObjectClicked
 0001:000378DC       ObjectFromHWnd
 0002:00000AF4       OEMConverts
 0001:00005FA8       OemToAnsi
 0001:00005FB0       OffsetRect
 0001:0005BD38       OffsetToMaskOffset
 0001:00005FB8       OpenClipboard
 0001:000019D8       OpenText
 0002:00002980       OpenThemeData
 0002:00000C6C       OrientArray
 0002:00000A24       OrientationStyle
 0002:00000C38       OuterStyles
 0002:00002794       OutOfMemory
 0001:0002117C       OutOfResources
 0002:00002218       Output
 0001:0006D634       OutputMessage
 0002:00000334       PackVarCreation
 0001:0005BF54       PadInputLiterals
 0001:0005BDBC       PadSubField
 0001:000630A0       PageDown
 0001:00063040       PageUp
 0001:00033C9C       PaintListBox
 0002:00000798       Pal16
 0001:0001F350       PaletteChanged
 0001:00021968       PaletteFromDIBColorTable
 0001:00021A0C       PaletteToDIBColorTable
 0002:00000794       PalSize
 0001:000601A4       ParentEvent
 0001:00043440       ParentNotLast
 0002:00000AD0       Passwords
 0001:00005B10       PatBlt
 0002:000028E8       PatternManager
 0001:00005FC0       PeekMessage
 0002:000028DC       PenManager
 0002:0000075C       PenModes
 0002:0000073C       PenStyles
 0001:00005B18       PlayEnhMetaFile
 0001:000159F8       Point
 0001:00005650       Point
 0001:00015E30       PointerInModule
 0001:0005FBA8       PointInGridRect
 0001:0003E46C       PointsEqual
 0001:000061E8       PointToSmallPoint
 0001:00005B28       Polyline
 0001:00005B20       PolyPolyline
 0002:00002BA8       PopupList
 0001:00005FC8       PostMessage
 0001:00005FD0       PostQuitMessage
 0001:00029330       Printers
 0001:000571F4       ProcessExecute
 0001:00051760       ProcessHorz
 0001:000572F4       ProcessUpdate
 0001:000517CC       ProcessVert
 0001:0006D7F0       ProgressCallback
 0001:0008C7E4       Project1
 0001:00019C50       PropertyNotFound
 0001:0001AEB8       PropPathError
 0002:00000DD0       Props
 0001:00019C44       PropValueError
 0001:00005FD8       PtInRect
 0001:0005FBC4       PtInRect
 0002:000000AC       PtrToNil
 0001:00008538       PutExponent
 0002:00002B60       QualifyingSites
 0001:00027588       RadToDeg
 0001:0000B088       RaiseAssertException
 0001:0000022C       RaiseException
 0001:00018C64       RaiseException
 0002:00002014       RaiseExceptionProc
 0001:0000C160       RaiseLastOSError
 0001:000441B0       ReadControlName
 0001:0001C0F8       ReadCustomVariant
 0001:00019C2C       ReadError
 0001:00000234       ReadFile
 0001:00005910       ReadFile
 0001:00021CB8       ReadIcon
 0002:00000AD8       ReadOnlys
 0001:00012A40       RealCompare
 0001:00005B30       RealizePalette
 0001:0001A46C       Recover
 0001:00005634       Rect
 0001:00015A20       Rect
 0001:00005B40       Rectangle
 0001:00005B38       RectVisible
 0001:00005FE0       RedrawWindow
 0002:00002818       RefAnyProc
 0002:00002A44       ReferenceCount
 0001:000002FC       RegCloseKey
 0001:00005778       RegCloseKey
 0002:0000285C       RegGroups
 0001:00005FE8       RegisterClass
 0001:000165D4       RegisterClass
 0001:00005FF0       RegisterClipboardFormat
 0001:000386DC       RegisterDockSite
 0001:00016948       RegisterFindGlobalComponentProc
 0001:0001681C       RegisterIntegerConsts
 0001:00004DBC       RegisterModule
 0001:00028688       RegisterViewer
 0001:00005FF8       RegisterWindowMessage
 0001:0002C5D0       Registry
 0001:00000304       RegOpenKeyEx
 0001:00005780       RegOpenKeyEx
 0001:0000030C       RegQueryValueEx
 0001:00005788       RegQueryValueEx
 0001:0002A290       RegStr
 0001:00006000       ReleaseCapture
 0001:0006D8E4       ReleaseContext
 0001:00006008       ReleaseDC
 0002:0000004C       reMap
 0002:00002618       remBytes
 0001:000004D0       RemoveBlock
 0002:00000470       RemoveDataModule
 0001:00019AFC       RemoveFixupReferences
 0001:00019BA8       RemoveFixups
 0001:00019EA0       RemoveGlobalFixup
 0001:00006010       RemoveMenu
 0001:00004D00       RemoveModuleUnloadProc
 0001:00004CD8       RemoveModuleUnloadProc
 0001:00006018       RemoveProp
 0001:0006D63C       ResetErrorMgr
 0001:00005918       ResetEvent
 0001:0001C710       ResetSyncEvent
 0001:0000146C       ResizeInPlace
 0001:00064C18       ResizeLine
 0001:00005B48       RestoreDC
 0001:00051100       RestoreFocusState
 0001:0006AD24       RestoreInplaceEditor
 0001:000641FC       Restrict
 0001:00017A24       ReturnAddr
 0001:00016DA4       ReturnAddr
 0001:00049C68       ReturnAddr
 0001:000216E8       RGBQuadToTriple
 0001:000216B0       RGBTripleToQuad
 0001:0002A1E8       RichEdit
 0001:00060278       RightSide
 0002:00002B30       RM_GetObjectInstance
 0002:00002BC4       RM_TaskbarCreated
 0002:00002614       rover
 0002:00000A0C       RTFConversionFormat
 0001:00013BAC       RTLConsts
 0001:0000023C       RtlUnwind
 0002:00002018       RTLUnwindProc
 0002:00000078       runErrMsg
 0001:00001810       RunErrorAt
 0001:0000D140       SafeArrayCreate
 0001:0000D148       SafeArrayGetLBound
 0001:0000D150       SafeArrayGetUBound
 0001:0000D158       SafeArrayPtrOfIndex
 0001:0000C788       SafeLoadLibrary
 0001:00007518       SameText
 0001:00005B50       SaveDC
 0001:000510F8       SaveFocusState
 0001:00009C5C       ScanBlanks
 0001:00009DA0       ScanChar
 0001:00009F1C       ScanDate
 0001:00009C80       ScanNumber
 0001:00009D14       ScanString
 0001:0000A260       ScanTime
 0001:00009E24       ScanToNumber
 0002:00002BBC       Screen
 0002:00002894       ScreenLogPixels
 0001:00006020       ScreenToClient
 0001:00051918       ScrollBarVisible
 0001:00063D80       ScrollBarVisible
 0001:00006028       ScrollWindow
 0001:00006030       ScrollWindowEx
 0001:00001018       SearchSmallBlocks
 0001:00005B58       SelectClipRgn
 0001:00060218       Selection
 0001:00005B60       SelectObject
 0001:00005B68       SelectPalette
 0001:0003796C       SendAppMessage
 0001:00051368       SendFocusMessage
 0001:00006038       SendMessage
 0001:00060170       SendToParent
 0002:00000D2C       Separators
 0001:00001954       Set8087CW
 0001:00006040       SetActiveWindow
 0001:00058C04       SetAnimation
 0001:00063E68       SetAxisRange
 0001:00005B70       SetBkColor
 0001:00005B78       SetBkMode
 0001:00005B80       SetBrushOrgEx
 0001:00006048       SetCapture
 0001:00037C00       SetCaptureControl
 0001:00006050       SetClassLong
 0001:000134B4       SetClearVarToEmptyParam
 0001:00006058       SetClipboardData
 0001:0006A07C       SetColumnTitles
 0001:0001A5DC       SetCompName
 0001:00006060       SetCursor
 0001:00005B88       SetDIBColorTable
 0001:00005920       SetEndOfFile
 0001:00000244       SetEndOfFile
 0001:00005B90       SetEnhMetaFileBits
 0001:00005928       SetErrorMode
 0001:00005930       SetEvent
 0001:000030EC       SetExceptionHandler
 0001:0000024C       SetFilePointer
 0001:00005938       SetFilePointer
 0001:00014010       SetFloatProp
 0001:00006068       SetFocus
 0001:00006070       SetForegroundWindow
 0001:00063EE4       SetHorzRange
 0001:00045EDC       SetImeMode
 0001:00001894       SetInOutRes
 0001:00014294       SetInt64Prop
 0001:000142D0       SetInterfaceProp
 0001:0001B198       SetInterfaceReference
 0001:0001B0B4       SetIntIdent
 0001:00006078       SetKeyboardState
 0002:00000DA4       SetLayeredWindowAttributes
 0001:00013E78       SetLongStrProp
 0001:00005B98       SetMapMode
 0001:00006080       SetMenu
 0001:00006088       SetMenuItemInfo
 0001:0001425C       SetMethodProp
 0001:0001B0FC       SetObjectIdent
 0001:00013D80       SetOrdProp
 0001:00006090       SetParent
 0001:00005BA0       SetPixel
 0001:00006098       SetProp
 0001:000060A0       SetRect
 0001:00005BA8       SetROP2
 0001:0006B010       SetRow
 0001:00063B90       SetScroll
 0001:000060A8       SetScrollInfo
 0001:000060B0       SetScrollPos
 0001:000060B8       SetScrollRange
 0001:00013DDC       SetShortStrProp
 0001:00013E30       SetShortStrPropAsLongStr
 0001:00005BB0       SetStretchBltMode
 0001:00013F10       SetStrProp
 0001:0001A3E4       SetSubComponentState
 0001:00005BB8       SetTextColor
 0002:00002A28       SetThemeAppProperties
 0001:00005940       SetThreadLocale
 0001:000060C0       SetTimer
 0001:0001349C       SetVarAsError
 0001:0001421C       SetVariantProp
 0001:0001B13C       SetVariantReference
[...]
   732 0001:0008448F   733 0001:000844A7   734 0001:000844BB   736 0001:000844CF
   737 0001:000844E2   738 0001:000844FE   739 0001:00084526   741 0001:0008455D
   742 0001:00084579   743 0001:00084598   744 0001:000845C2   745 0001:000845D5
   746 0001:000845F1   747 0001:0008461D   748 0001:00084657   749 0001:00084696
   751 0001:000846C8   752 0001:0008470A   754 0001:00084741   742 0001:00084742
   756 0001:0008474C   757 0001:00084764   761 0001:00084774   762 0001:000847E3
   763 0001:000847ED   764 0001:0008480A   765 0001:0008481D   767 0001:00084830
   768 0001:0008487B   769 0001:0008489E   770 0001:000848C1   765 0001:000848C2
   771 0001:000848CB   764 0001:000848CC   774 0001:000848D5   775 0001:000848DF
   776 0001:000848FC   777 0001:0008490F   778 0001:0008491E   780 0001:0008496C
   781 0001:0008498F   777 0001:00084990   782 0001:00084995   776 0001:00084996
   783 0001:0008499F   784 0001:000849B2   785 0001:00084A03   786 0001:00084A51
   783 0001:00084A52   787 0001:00084A5B   788 0001:00084A72   789 0001:00084A89
   790 0001:00084A9D   791 0001:00084AB4   793 0001:00084AF0   806 0001:00084B3C
   807 0001:00084B48   809 0001:00084B50   810 0001:00084B55   811 0001:00084B5A
   812 0001:00084B8F   813 0001:00084BDF   810 0001:00084BE0   813 0001:00084BE9
   809 0001:00084BEA   814 0001:00084BF3   815 0001:00084BF5   816 0001:00084C09
   817 0001:00084C21   818 0001:00084C39   819 0001:00084C67   820 0001:00084C97
   821 0001:00084C9C   822 0001:00084CC8   823 0001:00084CF7   824 0001:00084D0B
   825 0001:00084D41   826 0001:00084D42   827 0001:00084D47   828 0001:00084D87
   830 0001:00084DC3   831 0001:00084E1D   833 0001:00084E77   834 0001:00084EAD
   835 0001:00084EAE   836 0001:00084EB3   837 0001:00084EF3   839 0001:00084F2F
   840 0001:00084F89   842 0001:00084FE3   843 0001:00085019   844 0001:0008501A
   845 0001:0008501F   846 0001:0008505F   848 0001:0008509B   849 0001:000850F5
   851 0001:0008514F   852 0001:00085185   853 0001:00085186   854 0001:0008518B
   855 0001:000851CB   857 0001:0008520B   858 0001:00085265   860 0001:000852BF
   861 0001:000852CA   862 0001:00085306   865 0001:0008535C   819 0001:0008535F
   865 0001:0008536C   818 0001:0008536D   866 0001:0008537A   815 0001:0008537B
   867 0001:00085385   868 0001:0008538E   871 0001:00085394   872 0001:0008539D
   873 0001:000853A7   874 0001:000853AC   875 0001:000853B1   876 0001:000853E6
   877 0001:00085436   874 0001:00085437   877 0001:00085440   873 0001:00085441
   878 0001:0008544A   879 0001:0008545E   880 0001:00085476   881 0001:0008548E
   882 0001:000854CD   884 0001:0008550C   885 0001:00085562   886 0001:000855B8
   878 0001:000855B9   889 0001:000855C3   890 0001:000855C8   891 0001:000855CD
   892 0001:00085602   893 0001:00085652   890 0001:00085653   893 0001:0008565C
   889 0001:0008565D   894 0001:00085666   895 0001:00085668   896 0001:0008567C
   897 0001:00085696   898 0001:00085697   899 0001:000856B4   900 0001:000856CF
   901 0001:0008571E   902 0001:00085733   903 0001:00085785   904 0001:000857EE
   899 0001:000857EF   906 0001:000857FC   895 0001:000857FD   907 0001:00085807
   908 0001:00085810   911 0001:00085816   912 0001:0008581B   913 0001:00085820
   914 0001:00085855   915 0001:000858A5   912 0001:000858A6   915 0001:000858AF
   911 0001:000858B0   916 0001:000858B9   917 0001:000858BB   918 0001:000858CF
   919 0001:000858E9   920 0001:000858EA   921 0001:00085907   922 0001:00085922
   923 0001:0008596A   924 0001:000859DD   921 0001:000859DE   926 0001:000859EB
   917 0001:000859EC   927 0001:000859F6   928 0001:000859FF   931 0001:00085A05
   932 0001:00085A0A   933 0001:00085A0F   934 0001:00085A4E   935 0001:00085A87
   936 0001:00085AB8   937 0001:00085B08   938 0001:00085B55   939 0001:00085BA2
   932 0001:00085BA3   939 0001:00085BAC   931 0001:00085BAD   940 0001:00085BB6
   941 0001:00085BBF   942 0001:00085BC8   943 0001:00085BDB   944 0001:00085BE5
   945 0001:00085BEE   946 0001:00085BF8   947 0001:00085C01   948 0001:00085C15
   949 0001:00085C24   951 0001:00085C33   952 0001:00085C43   953 0001:00085C7D
   954 0001:00085CCD   956 0001:00085D1D   957 0001:00085D37   958 0001:00085D60
   959 0001:00085D89   960 0001:00085DB1   962 0001:00085E1F   963 0001:00085E3C
   964 0001:00085E52   965 0001:00085E5B   966 0001:00085E64   968 0001:00085E6D
   969 0001:00085EAD   970 0001:00085F0B   971 0001:00085F1E   972 0001:00085F47
   974 0001:00085FA4   975 0001:00085FD3   977 0001:0008606B   978 0001:00086098
   979 0001:000860C1   980 0001:00086119   981 0001:0008614E   983 0001:000861A7
   984 0001:000861C1   985 0001:000861F6   987 0001:0008624F   988 0001:00086269
   989 0001:00086292   990 0001:000862BB   991 0001:000862E3   994 0001:00086351
   947 0001:00086352   995 0001:0008635C  1004 0001:00086394  1005 0001:000863B5
  1006 0001:000863C8  1007 0001:000863EE  1008 0001:000863F7  1009 0001:000863FD
  1010 0001:00086413  1012 0001:0008642D  1013 0001:00086443  1014 0001:00086452
  1015 0001:0008647E  1016 0001:000864B6  1017 0001:000864D0  1018 0001:000864F6
  1020 0001:00086519  1021 0001:0008651D  1022 0001:00086526  1021 0001:00086548
  1023 0001:0008654C  1024 0001:00086552  1025 0001:00086558  1026 0001:0008656D
  1027 0001:00086588  1028 0001:0008659B  1029 0001:000865B4  1033 0001:000865C9
  1013 0001:000865CC  1034 0001:000865D5  1035 0001:000865E7  1044 0001:000865F0
  1045 0001:00086604  1047 0001:0008660C  1048 0001:00086614  1049 0001:0008661C
  1050 0001:0008663A  1051 0001:00086646  1052 0001:0008664A  1053 0001:0008664F
  1050 0001:00086652  1054 0001:00086655  1055 0001:0008666D  1056 0001:00086698
  1057 0001:000866C7  1058 0001:000866DB  1059 0001:000866F5  1060 0001:00086709
  1061 0001:0008671D  1062 0001:00086729  1063 0001:0008672D  1064 0001:00086732
  1061 0001:00086735  1065 0001:00086738  1066 0001:00086759  1068 0001:00086763
  1069 0001:00086767  1070 0001:0008676B  1071 0001:00086779  1072 0001:0008677C
  1073 0001:0008678C  1072 0001:000867A9  1074 0001:000867AC  1077 0001:000867BA
  1057 0001:000867BB  1078 0001:000867C5  1079 0001:000867D6  1081 0001:000867EE
  1089 0001:000867FC  1090 0001:0008680F  1091 0001:00086823  1092 0001:0008682B
  1093 0001:0008682F  1094 0001:00086833  1091 0001:00086839  1094 0001:0008683D
  1090 0001:00086845  1095 0001:0008684B  1096 0001:00086863  1097 0001:00086877
  1098 0001:00086891  1099 0001:000868A7  1100 0001:000868B8  1113 0001:000868C4
  1116 0001:000868EA  1117 0001:000868FF  1118 0001:00086924  1119 0001:0008692A
  1120 0001:00086940  1121 0001:00086959  1122 0001:00086968  1123 0001:00086996
  1124 0001:00086998  1125 0001:000869A8  1126 0001:000869AC  1127 0001:000869E2
  1129 0001:000869FF  1130 0001:00086A07  1131 0001:00086A28  1132 0001:00086A4E
  1133 0001:00086A8B  1134 0001:00086A8F  1135 0001:00086AA7  1134 0001:00086ACA
  1136 0001:00086ACE  1137 0001:00086AD8  1138 0001:00086AF3  1139 0001:00086AFD
  1140 0001:00086B17  1141 0001:00086B1D  1142 0001:00086B27  1143 0001:00086B39
  1145 0001:00086B3B  1146 0001:00086B56  1150 0001:00086B5F  1121 0001:00086B62
  1156 0001:00086B6B  1164 0001:00086B74  1165 0001:00086B82  1166 0001:00086BA7
  1167 0001:00086BB8  1168 0001:00086BE8  1169 0001:00086C0A  1170 0001:00086C32
  1171 0001:00086C57  1172 0001:00086C5C  1173 0001:00086C8A  1174 0001:00086CB7
  1175 0001:00086CD8  1172 0001:00086CD9  1176 0001:00086CDD  1177 0001:00086CE4
  1178 0001:00086CFE  1180 0001:00086D0B  1182 0001:00086D1A  1166 0001:00086D1E
  1183 0001:00086D28  1187 0001:00086D30  1188 0001:00086D36  1189 0001:00086D3B
  1188 0001:00086D5B  1191 0001:00086D60  1192 0001:00086D6C  1191 0001:00086D91
  1194 0001:00086D94  1195 0001:00086DA4  1196 0001:00086DBF  1197 0001:00086DCE
  1198 0001:00086DE4  1201 0001:00086E2A  1202 0001:00086E41  1203 0001:00086E55
  1204 0001:00086E6D  1206 0001:00086EB3  1194 0001:00086EB4  1207 0001:00086EBB
  1238 0001:00086EC0  1239 0001:00086EDE  1240 0001:00086EFB  1241 0001:00086F18
  1242 0001:00086F4A  1243 0001:00086F56  1242 0001:00086F60  1245 0001:00086F63
  1246 0001:00086F7D  1247 0001:00086F9A  1248 0001:00086FA6  1247 0001:00087016
  1250 0001:00087019  1251 0001:00087033  1252 0001:00087050  1253 0001:0008705C
  1252 0001:000870AC  1254 0001:000870CC  1259 0001:000870D4  1260 0001:000870DD
  1261 0001:000870F5  1262 0001:00087101  1264 0001:0008710E  1265 0001:0008711D
  1266 0001:00087170  1267 0001:000871C1  1264 0001:000871C2  1268 0001:000871C9
  1272 0001:000871E0  1273 0001:000871E4  1274 0001:000871E6  1275 0001:00087205
  1276 0001:00087219  1277 0001:0008722D  1278 0001:00087256  1279 0001:0008727F
  1280 0001:00087292  1281 0001:00087294  1288 0001:0008729C  1289 0001:000872BC
  1290 0001:000872BE  1291 0001:000872CA  1292 0001:000872E0  1294 0001:0008731C
  1295 0001:0008736D  1299 0001:000873BE  1300 0001:000873E0  1301 0001:000873E1
  1302 0001:0008743C  1303 0001:00087496  1304 0001:000874F1  1305 0001:0008754B
  1306 0001:0008755C  1307 0001:0008757A  1308 0001:00087593  1309 0001:000875BB
  1310 0001:000875E3  1313 0001:0008760A  1314 0001:00087625  1315 0001:00087626
  1316 0001:00087681  1317 0001:000876DB  1318 0001:00087736  1319 0001:00087790
  1320 0001:000877A1  1321 0001:000877BF  1322 0001:000877D8  1323 0001:00087800
  1324 0001:00087828  1327 0001:0008784F  1328 0001:0008786A  1329 0001:0008786B
  1330 0001:000878C6  1331 0001:00087920  1332 0001:0008797B  1333 0001:000879D5
  1334 0001:000879E6  1335 0001:00087A04  1336 0001:00087A1D  1337 0001:00087A45
  1338 0001:00087A6D  1341 0001:00087A94  1342 0001:00087AC8  1343 0001:00087AC9
  1344 0001:00087B24  1345 0001:00087B7E  1346 0001:00087BD9  1347 0001:00087C33
  1348 0001:00087C44  1349 0001:00087C62  1350 0001:00087C7B  1351 0001:00087CA3
  1352 0001:00087CCB  1355 0001:00087CF2  1356 0001:00087D26  1357 0001:00087D27
  1358 0001:00087D82  1359 0001:00087DDC  1360 0001:00087E37  1361 0001:00087E91
  1362 0001:00087EA2  1363 0001:00087EC0  1364 0001:00087ED9  1365 0001:00087F01
  1366 0001:00087F29  1369 0001:00087F50  1370 0001:00087F6A  1371 0001:00087F6B
  1372 0001:00087FC6  1373 0001:00088020  1374 0001:0008807B  1375 0001:000880D5
  1376 0001:000880EF  1377 0001:0008810D  1378 0001:0008812B  1380 0001:00088149
  1381 0001:00088164  1382 0001:0008817F  1384 0001:00088198  1385 0001:000881C0
  1386 0001:000881E8  1388 0001:00088236  1389 0001:00088316  1397 0001:00088328
  1398 0001:00088339  1399 0001:00088354  1400 0001:00088387  1402 0001:000883B3
  1403 0001:000883B8  1404 0001:000883BE  1405 0001:000883C7  1406 0001:000883D9
  1407 0001:000883EB  1408 0001:00088412  1410 0001:0008843A  1411 0001:00088444
  1412 0001:00088473  1414 0001:000884A2  1415 0001:000884D6  1416 0001:0008850B
  1417 0001:00088540  1419 0001:00088574  1420 0001:000885A2  1422 0001:000885D0
  1423 0001:00088604  1424 0001:00088639  1425 0001:0008866E  1427 0001:000886A2
  1428 0001:0008870C  1429 0001:00088768  1432 0001:000887C5  1433 0001:000887CF
  1434 0001:000887F0  1436 0001:000887FC  1437 0001:0008882E  1438 0001:00088860
  1439 0001:00088893  1441 0001:000888C6  1442 0001:00088902  1443 0001:0008893E
  1445 0001:0008897A  1446 0001:000889A8  1447 0001:000889D6  1448 0001:00088A05
  1450 0001:00088A34  1451 0001:00088A90  1454 0001:00088AED  1455 0001:00088AF7
  1456 0001:00088B2C  1458 0001:00088B61  1459 0001:00088B98  1460 0001:00088BCE
  1461 0001:00088C04  1463 0001:00088C3B  1464 0001:00088C6F  1466 0001:00088CA3
  1467 0001:00088CDA  1468 0001:00088D10  1469 0001:00088D46  1471 0001:00088D7D
  1472 0001:00088DC3  1473 0001:00088E09  1474 0001:00088E65  1477 0001:00088EC2
  1481 0001:00088ECC  1482 0001:00088ED8  1483 0001:00088F0E  1484 0001:00088F45
  1485 0001:00088F7B  1486 0001:00088FB1  1487 0001:00088FE8  1488 0001:0008901E
  1489 0001:00089055  1490 0001:0008908C  1491 0001:000890C2  1492 0001:000890F9
  1493 0001:00089130  1495 0001:00089166  1496 0001:0008919B  1497 0001:000891F3
  1498 0001:0008924B  1499 0001:00089320  1502 0001:000893F8  1503 0001:00089402
  1504 0001:00089438  1505 0001:0008946E  1506 0001:000894A5  1507 0001:000894DC
  1508 0001:00089512  1509 0001:00089548  1510 0001:0008957C  1511 0001:000895B1
  1512 0001:000895E6  1514 0001:0008961A  1515 0001:0008964F  1516 0001:00089724
  1517 0001:000897FC  1520 0001:00089866  1521 0001:00089876  1522 0001:000898A4
  1523 0001:000898D2  1524 0001:00089901  1525 0001:00089930  1526 0001:00089967
  1527 0001:0008999D  1528 0001:000899D3  1529 0001:00089A0A  1530 0001:00089AAE
  1533 0001:00089B0B  1534 0001:00089B15  1535 0001:00089B21  1536 0001:00089B57
  1537 0001:00089B8E  1538 0001:00089BC4  1539 0001:00089BFA  1540 0001:00089C31
  1541 0001:00089C67  1542 0001:00089C9E  1543 0001:00089CD5  1544 0001:00089D0B
  1545 0001:00089D42  1546 0001:00089D79  1547 0001:00089DAF  1548 0001:00089E07
  1551 0001:00089E5F  1552 0001:00089E69  1553 0001:00089E9D  1554 0001:00089ED1
  1555 0001:00089F06  1556 0001:00089F3B  1557 0001:00089F71  1558 0001:00089FA7
  1559 0001:00089FDD  1560 0001:0008A014  1561 0001:0008A04B  1563 0001:0008A081
  1567 0001:0008A0EB  1571 0001:0008A174  1572 0001:0008A185  1573 0001:0008A18A
  1574 0001:0008A18F  1575 0001:0008A196  1576 0001:0008A19D  1577 0001:0008A1AC
  1578 0001:0008A1EC  1579 0001:0008A1F1  1580 0001:0008A1F8  1581 0001:0008A1FD
  1576 0001:0008A1FE  1583 0001:0008A203  1584 0001:0008A216  1585 0001:0008A21B
  1586 0001:0008A28B  1587 0001:0008A290  1588 0001:0008A295  1589 0001:0008A29C
  1590 0001:0008A29E  1584 0001:0008A29F  1590 0001:0008A2A8  1583 0001:0008A2A9
  1592 0001:0008A2B5  1595 0001:0008A2C0  1596 0001:0008A2C4  1597 0001:0008A2D3
  1598 0001:0008A2DA  1599 0001:0008A301  1600 0001:0008A322  1601 0001:0008A33F
  1603 0001:0008A35D  1604 0001:0008A36E  1610 0001:0008A38C  1611 0001:0008A3C5
  1612 0001:0008A3DA  1613 0001:0008A3E4  1614 0001:0008A400  1615 0001:0008A40A
  1616 0001:0008A41A  1618 0001:0008A44F  1619 0001:0008A458  1620 0001:0008A46F
  1621 0001:0008A491  1622 0001:0008A4CA  1623 0001:0008A4EF  1624 0001:0008A50C
  1623 0001:0008A55C  1625 0001:0008A55F  1626 0001:0008A56C  1631 0001:0008A586
  1632 0001:0008A593  1633 0001:0008A5A0  1634 0001:0008A5B5  1635 0001:0008A5F5
  1638 0001:0008A636  1639 0001:0008A643  1640 0001:0008A650  1641 0001:0008A665
  1644 0001:0008A6A4  1645 0001:0008A6B1  1646 0001:0008A6BE  1647 0001:0008A6D3
  1650 0001:0008A712  1651 0001:0008A71F  1652 0001:0008A72C  1653 0001:0008A739
  1654 0001:0008A74E  1655 0001:0008A796  1656 0001:0008A7D8  1659 0001:0008A81D
  1660 0001:0008A82A  1661 0001:0008A837  1662 0001:0008A844  1663 0001:0008A859
  1664 0001:0008A8A1  1665 0001:0008A8E3  1668 0001:0008A928  1669 0001:0008A935
  1670 0001:0008A942  1671 0001:0008A974  1672 0001:0008A981  1673 0001:0008A99A
  1674 0001:0008A9C8  1676 0001:0008A9F4  1677 0001:0008AA09  1678 0001:0008AA1C
  1679 0001:0008AA69  1680 0001:0008AAB3  1681 0001:0008AAF5  1684 0001:0008AB3C
  1685 0001:0008AB49  1686 0001:0008AB56  1687 0001:0008AB88  1688 0001:0008AB95
  1689 0001:0008ABAE  1690 0001:0008ABDC  1692 0001:0008AC08  1693 0001:0008AC1D
  1694 0001:0008AC30  1695 0001:0008AC7D  1696 0001:0008ACC7  1697 0001:0008AD09
  1701 0001:0008AD80  1705 0001:0008B03C  1706 0001:0008B03F  1707 0001:0008B046
  1708 0001:0008B050  1713 0001:0008B054  1714 0001:0008B063  1715 0001:0008B086
  1716 0001:0008B088  1717 0001:0008B08A  1718 0001:0008B094  1719 0001:0008B09E
  1720 0001:0008B0BA  1721 0001:0008B0CC  1723 0001:0008B103  1725 0001:0008B10D
  1727 0001:0008B118  1728 0001:0008B138  1729 0001:0008B14F  1730 0001:0008B170
  1731 0001:0008B191  1734 0001:0008B200  1735 0001:0008B20F  1736 0001:0008B218
  1737 0001:0008B21F  1739 0001:0008B22D  1740 0001:0008B234  1741 0001:0008B259
  1742 0001:0008B27D  1743 0001:0008B2A0  1744 0001:0008B2C6  1745 0001:0008B2E9
  1746 0001:0008B30F  1747 0001:0008B32C  1748 0001:0008B350  1749 0001:0008B373
  1750 0001:0008B391  1751 0001:0008B3B4  1752 0001:0008B3DA  1753 0001:0008B3FD
  1754 0001:0008B421  1755 0001:0008B428  1756 0001:0008B42F  1762 0001:0008B45C
  1763 0001:0008B45F  1764 0001:0008B480  1765 0001:0008B4A1  1766 0001:0008B4AB
  1768 0001:0008B4BF  1772 0001:0008B514  1773 0001:0008B517  1774 0001:0008B521
  1775 0001:0008B535  1776 0001:0008B556  1777 0001:0008B577  1781 0001:0008B5D4
  1782 0001:0008B5D7  1783 0001:0008B5F8  1784 0001:0008B619  1785 0001:0008B623
  1786 0001:0008B637  1792 0001:0008B68C  1793 0001:0008B6AC  1794 0001:0008B6C3
  1799 0001:0008B6CC  1800 0001:0008B6D8  1801 0001:0008B6F5  1802 0001:0008B712
  1805 0001:0008B744  1806 0001:0008B764  1807 0001:0008B77B  1808 0001:0008B79C
  1809 0001:0008B7BD  1815 0001:0008B82C  1816 0001:0008B82F  1817 0001:0008B850
  1818 0001:0008B871  1819 0001:0008B87B  1820 0001:0008B88F  1823 0001:0008B8E0
  1824 0001:0008B8E3  1825 0001:0008B8F8  1826 0001:0008B908  1827 0001:0008B918
  1828 0001:0008B928  1829 0001:0008B938  1830 0001:0008B948  1831 0001:0008B958
  1832 0001:0008B968  1833 0001:0008B978  1834 0001:0008B988  1835 0001:0008B998
  1836 0001:0008B9A8  1837 0001:0008B9B8  1838 0001:0008B9C8  1839 0001:0008B9D8
  1840 0001:0008B9E8  1841 0001:0008B9F8  1842 0001:0008BA08  1844 0001:0008BA18
  1846 0001:0008BA29  1847 0001:0008BA39  1848 0001:0008BA49  1849 0001:0008BA59
  1850 0001:0008BA69  1851 0001:0008BA79  1852 0001:0008BA89  1853 0001:0008BA99
  1854 0001:0008BAA9  1855 0001:0008BAB9  1856 0001:0008BAC9  1857 0001:0008BAD9
  1858 0001:0008BAE9  1859 0001:0008BAF9  1860 0001:0008BB09  1861 0001:0008BB19
  1862 0001:0008BB29  1863 0001:0008BB39  1865 0001:0008BB49  1869 0001:0008BB58
  1873 0001:0008BE10  1874 0001:0008BE13  1875 0001:0008BE34  1876 0001:0008BE55
  1877 0001:0008BE5F  1878 0001:0008BE73  1881 0001:0008BED4  1882 0001:0008BEE0
  1883 0001:0008BEFD  1887 0001:0008BF18  1889 0001:0008BF24  1892 0001:0008BF28
  1893 0001:0008BF2B  1894 0001:0008BF4C  1895 0001:0008BF6D  1896 0001:0008BF77
  1897 0001:0008BF8B  1900 0001:0008BFF0  1901 0001:0008BFF3  1902 0001:0008C014
  1903 0001:0008C035  1904 0001:0008C03F  1906 0001:0008C053  1909 0001:0008C0B8
  1910 0001:0008C0BB  1911 0001:0008C0C7  1912 0001:0008C0D1  1913 0001:0008C0E2
  1914 0001:0008C0EC  1915 0001:0008C0F6  1916 0001:0008C0FD  1920 0001:0008C100
  1921 0001:0008C10E  1924 0001:0008C110  1925 0001:0008C113  1926 0001:0008C134
  1927 0001:0008C155  1928 0001:0008C15F  1929 0001:0008C173  1932 0001:0008C1D4
  1933 0001:0008C1F4  1934 0001:0008C20B  1935 0001:0008C22C  1936 0001:0008C24D
  1939 0001:0008C2C4  1940 0001:0008C2E4  1941 0001:0008C2FB  1942 0001:0008C31C
  1943 0001:0008C33D  1946 0001:0008C3B8  1947 0001:0008C3D8  1948 0001:0008C3EF
  1951 0001:0008C3F8  1952 0001:0008C418  1953 0001:0008C42F  1956 0001:0008C438
  1957 0001:0008C43B  1958 0001:0008C447  1959 0001:0008C451  1961 0001:0008C462
  1962 0001:0008C46C  1963 0001:0008C476  1964 0001:0008C47D  1967 0001:0008C480
  1968 0001:0008C4A0  1969 0001:0008C4B7  1972 0001:0008C4C0  1973 0001:0008C4E0
  1974 0001:0008C4F7  1977 0001:0008C500  1978 0001:0008C520  1979 0001:0008C537
  1981 0001:0008C57C  1981 0001:0008C583

Line numbers for Project1(C:\Users\Bread\Documents\graphshitter\Project1.dpr) segment .text

    14 0001:0008C7E4    15 0001:0008C7FB    16 0001:0008C802    17 0001:0008C815
    18 0001:0008C828    19 0001:0008C83B    20 0001:0008C84E    21 0001:0008C855

Bound resource files

c:\program files (x86)\borland\delphi7\Lib\Buttons.res
c:\program files (x86)\borland\delphi7\Lib\ExtDlgs.res
c:\program files (x86)\borland\delphi7\Lib\Controls.res
Unit2.dfm
Unit3.dfm
Unit4.dfm
Unit1.dfm
Project1.res
Project1.drf


Program entry point at 0001:0008C7E4
